Archive member included to satisfy reference by file (symbol)

../../../../libtock/build/cortex-m0/libtock.a(crt0.o)
                              (_start)
../../../../libtock/build/cortex-m0/libtock.a(ipc.o)
                              build/cortex-m0/main.o (ipc_register_svc)
../../../../libtock/build/cortex-m0/libtock.a(tock.o)
                              ../../../../libtock/build/cortex-m0/libtock.a(crt0.o) (yield)
../../../../newlib/cortex-m/libc.a(lib_a-exit.o)
                              ../../../../libtock/build/cortex-m0/libtock.a(tock.o) (exit)
../../../../newlib/cortex-m/libc.a(lib_a-impure.o)
                              ../../../../newlib/cortex-m/libc.a(lib_a-exit.o) (_global_impure_ptr)
../../../../newlib/cortex-m/libc.a(lib_a-malloc.o)
                              ../../../../libtock/build/cortex-m0/libtock.a(ipc.o) (malloc)
../../../../newlib/cortex-m/libc.a(lib_a-memcpy-stub.o)
                              ../../../../libtock/build/cortex-m0/libtock.a(crt0.o) (memcpy)
../../../../newlib/cortex-m/libc.a(lib_a-memset.o)
                              ../../../../libtock/build/cortex-m0/libtock.a(crt0.o) (memset)
../../../../newlib/cortex-m/libc.a(lib_a-nano-freer.o)
                              ../../../../newlib/cortex-m/libc.a(lib_a-malloc.o) (_free_r)
../../../../newlib/cortex-m/libc.a(lib_a-nano-mallocr.o)
                              ../../../../newlib/cortex-m/libc.a(lib_a-malloc.o) (_malloc_r)
../../../../newlib/cortex-m/libc.a(lib_a-printf.o)
                              build/cortex-m0/main.o (printf)
../../../../newlib/cortex-m/libc.a(lib_a-sbrkr.o)
                              ../../../../newlib/cortex-m/libc.a(lib_a-nano-mallocr.o) (_sbrk_r)
../../../../newlib/cortex-m/libc.a(lib_a-strlen.o)
                              ../../../../libtock/build/cortex-m0/libtock.a(ipc.o) (strlen)
../../../../newlib/cortex-m/libc.a(lib_a-findfp.o)
                              ../../../../newlib/cortex-m/libc.a(lib_a-printf.o) (__sinit)
../../../../newlib/cortex-m/libc.a(lib_a-fwalk.o)
                              ../../../../newlib/cortex-m/libc.a(lib_a-findfp.o) (_fwalk)
../../../../newlib/cortex-m/libc.a(lib_a-mlock.o)
                              ../../../../newlib/cortex-m/libc.a(lib_a-nano-freer.o) (__malloc_lock)
../../../../newlib/cortex-m/libc.a(lib_a-nano-vfprintf.o)
                              ../../../../newlib/cortex-m/libc.a(lib_a-printf.o) (_vfprintf_r)
../../../../newlib/cortex-m/libc.a(lib_a-reent.o)
                              ../../../../newlib/cortex-m/libc.a(lib_a-sbrkr.o) (errno)
../../../../newlib/cortex-m/libc.a(lib_a-stdio.o)
                              ../../../../newlib/cortex-m/libc.a(lib_a-findfp.o) (__sread)
../../../../newlib/cortex-m/libc.a(lib_a-wbuf.o)
                              ../../../../newlib/cortex-m/libc.a(lib_a-nano-vfprintf.o) (__swbuf_r)
../../../../newlib/cortex-m/libc.a(lib_a-writer.o)
                              ../../../../newlib/cortex-m/libc.a(lib_a-stdio.o) (_write_r)
../../../../newlib/cortex-m/libc.a(lib_a-wsetup.o)
                              ../../../../newlib/cortex-m/libc.a(lib_a-nano-vfprintf.o) (__swsetup_r)
../../../../newlib/cortex-m/libc.a(lib_a-closer.o)
                              ../../../../newlib/cortex-m/libc.a(lib_a-stdio.o) (_close_r)
../../../../newlib/cortex-m/libc.a(lib_a-fflush.o)
                              ../../../../newlib/cortex-m/libc.a(lib_a-findfp.o) (_fflush_r)
../../../../newlib/cortex-m/libc.a(lib_a-fvwrite.o)
                              ../../../../newlib/cortex-m/libc.a(lib_a-nano-vfprintf.o) (__sfvwrite_r)
../../../../newlib/cortex-m/libc.a(lib_a-lseekr.o)
                              ../../../../newlib/cortex-m/libc.a(lib_a-stdio.o) (_lseek_r)
../../../../newlib/cortex-m/libc.a(lib_a-makebuf.o)
                              ../../../../newlib/cortex-m/libc.a(lib_a-wsetup.o) (__smakebuf_r)
../../../../newlib/cortex-m/libc.a(lib_a-memchr-stub.o)
                              ../../../../newlib/cortex-m/libc.a(lib_a-nano-vfprintf.o) (memchr)
../../../../newlib/cortex-m/libc.a(lib_a-memmove.o)
                              ../../../../newlib/cortex-m/libc.a(lib_a-fvwrite.o) (memmove)
../../../../newlib/cortex-m/libc.a(lib_a-nano-reallocr.o)
                              ../../../../newlib/cortex-m/libc.a(lib_a-fvwrite.o) (_realloc_r)
../../../../newlib/cortex-m/libc.a(lib_a-nano-vfprintf_i.o)
                              ../../../../newlib/cortex-m/libc.a(lib_a-nano-vfprintf.o) (_printf_i)
../../../../newlib/cortex-m/libc.a(lib_a-readr.o)
                              ../../../../newlib/cortex-m/libc.a(lib_a-stdio.o) (_read_r)
../../../../newlib/cortex-m/libc.a(lib_a-fstatr.o)
                              ../../../../newlib/cortex-m/libc.a(lib_a-makebuf.o) (_fstat_r)
../../../../newlib/cortex-m/libc.a(lib_a-isattyr.o)
                              ../../../../newlib/cortex-m/libc.a(lib_a-makebuf.o) (_isatty_r)
../../../../newlib/cortex-m/libc.a(lib_a-nano-msizer.o)
                              ../../../../newlib/cortex-m/libc.a(lib_a-nano-reallocr.o) (_malloc_usable_size_r)
../../../../libc++/cortex-m/libgcc.a(_thumb1_case_uqi.o)
                              ../../../../libtock/build/cortex-m0/libtock.a(tock.o) (__gnu_thumb1_case_uqi)
../../../../libc++/cortex-m/libgcc.a(_udivsi3.o)
                              ../../../../newlib/cortex-m/libc.a(lib_a-nano-vfprintf_i.o) (__aeabi_uidiv)
../../../../libc++/cortex-m/libgcc.a(_divsi3.o)
                              ../../../../newlib/cortex-m/libc.a(lib_a-fvwrite.o) (__aeabi_idiv)
../../../../libc++/cortex-m/libgcc.a(_dvmd_tls.o)
                              ../../../../libc++/cortex-m/libgcc.a(_udivsi3.o) (__aeabi_idiv0)
../../../../libtock/build/cortex-m0/libtock.a(sys.o)
                              ../../../../newlib/cortex-m/libc.a(lib_a-isattyr.o) (_isatty)
../../../../libtock/build/cortex-m0/libtock.a(console.o)
                              ../../../../libtock/build/cortex-m0/libtock.a(sys.o) (putnstr)
../../../../newlib/cortex-m/libc.a(lib_a-errno.o)
                              ../../../../libtock/build/cortex-m0/libtock.a(sys.o) (__errno)
../../../../newlib/cortex-m/libc.a(lib_a-strncpy.o)
                              ../../../../libtock/build/cortex-m0/libtock.a(console.o) (strncpy)

Allocating common symbols
Common symbol       size              file

errno               0x4               ../../../../newlib/cortex-m/libc.a(lib_a-reent.o)

Discarded input sections

 .text          0x0000000000000000        0x0 build/cortex-m0/main.o
 .text          0x0000000000000000        0x0 ../../../../libtock/build/cortex-m0/libtock.a(crt0.o)
 .text          0x0000000000000000        0x0 ../../../../libtock/build/cortex-m0/libtock.a(ipc.o)
 .text.ipc_discover
                0x0000000000000000       0x32 ../../../../libtock/build/cortex-m0/libtock.a(ipc.o)
 .text.ipc_register_client_cb
                0x0000000000000000       0x1c ../../../../libtock/build/cortex-m0/libtock.a(ipc.o)
 .text.ipc_notify_svc
                0x0000000000000000       0x12 ../../../../libtock/build/cortex-m0/libtock.a(ipc.o)
 .text.ipc_share
                0x0000000000000000       0x1c ../../../../libtock/build/cortex-m0/libtock.a(ipc.o)
 .text          0x0000000000000000        0x0 ../../../../libtock/build/cortex-m0/libtock.a(tock.o)
 .text.tock_enqueue
                0x0000000000000000       0x6c ../../../../libtock/build/cortex-m0/libtock.a(tock.o)
 .text.tock_app_memory_begins_at
                0x0000000000000000        0xc ../../../../libtock/build/cortex-m0/libtock.a(tock.o)
 .text.tock_app_memory_ends_at
                0x0000000000000000        0xc ../../../../libtock/build/cortex-m0/libtock.a(tock.o)
 .text.tock_app_flash_begins_at
                0x0000000000000000        0xc ../../../../libtock/build/cortex-m0/libtock.a(tock.o)
 .text.tock_app_flash_ends_at
                0x0000000000000000        0xc ../../../../libtock/build/cortex-m0/libtock.a(tock.o)
 .text.tock_app_grant_begins_at
                0x0000000000000000        0xc ../../../../libtock/build/cortex-m0/libtock.a(tock.o)
 .text.tock_app_number_writeable_flash_regions
                0x0000000000000000        0xc ../../../../libtock/build/cortex-m0/libtock.a(tock.o)
 .text.tock_app_writeable_flash_region_begins_at
                0x0000000000000000        0xc ../../../../libtock/build/cortex-m0/libtock.a(tock.o)
 .text.tock_app_writeable_flash_region_ends_at
                0x0000000000000000        0xc ../../../../libtock/build/cortex-m0/libtock.a(tock.o)
 .text.driver_exists
                0x0000000000000000       0x12 ../../../../libtock/build/cortex-m0/libtock.a(tock.o)
 .text.tock_strerror
                0x0000000000000000       0xa0 ../../../../libtock/build/cortex-m0/libtock.a(tock.o)
 .text.tock_expect
                0x0000000000000000       0x54 ../../../../libtock/build/cortex-m0/libtock.a(tock.o)
 .rodata.tock_expect.str1.1
                0x0000000000000000       0x65 ../../../../libtock/build/cortex-m0/libtock.a(tock.o)
 .rodata.tock_strerror.str1.1
                0x0000000000000000      0x1aa ../../../../libtock/build/cortex-m0/libtock.a(tock.o)
 .text          0x0000000000000000        0x0 ../../../../newlib/cortex-m/libc.a(lib_a-exit.o)
 .text.exit     0x0000000000000000       0x38 ../../../../newlib/cortex-m/libc.a(lib_a-exit.o)
 .text          0x0000000000000000        0x0 ../../../../newlib/cortex-m/libc.a(lib_a-impure.o)
 .text          0x0000000000000000        0x0 ../../../../newlib/cortex-m/libc.a(lib_a-malloc.o)
 .text          0x0000000000000000        0x0 ../../../../newlib/cortex-m/libc.a(lib_a-memcpy-stub.o)
 .text          0x0000000000000000        0x0 ../../../../newlib/cortex-m/libc.a(lib_a-memset.o)
 .text          0x0000000000000000        0x0 ../../../../newlib/cortex-m/libc.a(lib_a-nano-freer.o)
 .text          0x0000000000000000        0x0 ../../../../newlib/cortex-m/libc.a(lib_a-nano-mallocr.o)
 .text          0x0000000000000000        0x0 ../../../../newlib/cortex-m/libc.a(lib_a-printf.o)
 .text._printf_r
                0x0000000000000000       0x2c ../../../../newlib/cortex-m/libc.a(lib_a-printf.o)
 .text          0x0000000000000000        0x0 ../../../../newlib/cortex-m/libc.a(lib_a-sbrkr.o)
 .text          0x0000000000000000        0xe ../../../../newlib/cortex-m/libc.a(lib_a-strlen.o)
 .text          0x0000000000000000        0x0 ../../../../newlib/cortex-m/libc.a(lib_a-findfp.o)
 .text.__fp_unlock
                0x0000000000000000        0x4 ../../../../newlib/cortex-m/libc.a(lib_a-findfp.o)
 .text.__fp_lock
                0x0000000000000000        0x4 ../../../../newlib/cortex-m/libc.a(lib_a-findfp.o)
 .text._cleanup
                0x0000000000000000       0x18 ../../../../newlib/cortex-m/libc.a(lib_a-findfp.o)
 .text.__fp_lock_all
                0x0000000000000000       0x30 ../../../../newlib/cortex-m/libc.a(lib_a-findfp.o)
 .text.__fp_unlock_all
                0x0000000000000000       0x30 ../../../../newlib/cortex-m/libc.a(lib_a-findfp.o)
 .text          0x0000000000000000        0x0 ../../../../newlib/cortex-m/libc.a(lib_a-fwalk.o)
 .text._fwalk   0x0000000000000000       0x3a ../../../../newlib/cortex-m/libc.a(lib_a-fwalk.o)
 .text          0x0000000000000000        0x0 ../../../../newlib/cortex-m/libc.a(lib_a-mlock.o)
 .text          0x0000000000000000        0x0 ../../../../newlib/cortex-m/libc.a(lib_a-nano-vfprintf.o)
 .text.__sprint_r
                0x0000000000000000       0x1c ../../../../newlib/cortex-m/libc.a(lib_a-nano-vfprintf.o)
 .text.vfprintf
                0x0000000000000000       0x24 ../../../../newlib/cortex-m/libc.a(lib_a-nano-vfprintf.o)
 .text          0x0000000000000000        0x0 ../../../../newlib/cortex-m/libc.a(lib_a-reent.o)
 .text.cleanup_glue
                0x0000000000000000       0x1a ../../../../newlib/cortex-m/libc.a(lib_a-reent.o)
 .text._reclaim_reent
                0x0000000000000000       0xd8 ../../../../newlib/cortex-m/libc.a(lib_a-reent.o)
 .text          0x0000000000000000        0x0 ../../../../newlib/cortex-m/libc.a(lib_a-stdio.o)
 .text.__seofread
                0x0000000000000000        0x4 ../../../../newlib/cortex-m/libc.a(lib_a-stdio.o)
 .text          0x0000000000000000        0x0 ../../../../newlib/cortex-m/libc.a(lib_a-wbuf.o)
 .text.__swbuf  0x0000000000000000       0x20 ../../../../newlib/cortex-m/libc.a(lib_a-wbuf.o)
 .text          0x0000000000000000        0x0 ../../../../newlib/cortex-m/libc.a(lib_a-writer.o)
 .text          0x0000000000000000        0x0 ../../../../newlib/cortex-m/libc.a(lib_a-wsetup.o)
 .text          0x0000000000000000        0x0 ../../../../newlib/cortex-m/libc.a(lib_a-closer.o)
 .text          0x0000000000000000        0x0 ../../../../newlib/cortex-m/libc.a(lib_a-fflush.o)
 .text.fflush   0x0000000000000000       0x40 ../../../../newlib/cortex-m/libc.a(lib_a-fflush.o)
 .text          0x0000000000000000        0x0 ../../../../newlib/cortex-m/libc.a(lib_a-fvwrite.o)
 .text.__sfvwrite_r
                0x0000000000000000      0x2c4 ../../../../newlib/cortex-m/libc.a(lib_a-fvwrite.o)
 .text          0x0000000000000000        0x0 ../../../../newlib/cortex-m/libc.a(lib_a-lseekr.o)
 .text          0x0000000000000000        0x0 ../../../../newlib/cortex-m/libc.a(lib_a-makebuf.o)
 .text          0x0000000000000000        0x0 ../../../../newlib/cortex-m/libc.a(lib_a-memchr-stub.o)
 .text          0x0000000000000000        0x0 ../../../../newlib/cortex-m/libc.a(lib_a-memmove.o)
 .text.memmove  0x0000000000000000       0x24 ../../../../newlib/cortex-m/libc.a(lib_a-memmove.o)
 .text          0x0000000000000000        0x0 ../../../../newlib/cortex-m/libc.a(lib_a-nano-reallocr.o)
 .text._realloc_r
                0x0000000000000000       0x4c ../../../../newlib/cortex-m/libc.a(lib_a-nano-reallocr.o)
 .text          0x0000000000000000        0x0 ../../../../newlib/cortex-m/libc.a(lib_a-nano-vfprintf_i.o)
 .text          0x0000000000000000        0x0 ../../../../newlib/cortex-m/libc.a(lib_a-readr.o)
 .text          0x0000000000000000        0x0 ../../../../newlib/cortex-m/libc.a(lib_a-fstatr.o)
 .text          0x0000000000000000        0x0 ../../../../newlib/cortex-m/libc.a(lib_a-isattyr.o)
 .text          0x0000000000000000        0x0 ../../../../newlib/cortex-m/libc.a(lib_a-nano-msizer.o)
 .text._malloc_usable_size_r
                0x0000000000000000       0x10 ../../../../newlib/cortex-m/libc.a(lib_a-nano-msizer.o)
 .text          0x0000000000000000       0x14 ../../../../libc++/cortex-m/libgcc.a(_thumb1_case_uqi.o)
 .text          0x0000000000000000       0xc0 ../../../../libc++/cortex-m/libgcc.a(_divsi3.o)
 .text          0x0000000000000000        0x0 ../../../../libtock/build/cortex-m0/libtock.a(sys.o)
 .text._unlink  0x0000000000000000        0x6 ../../../../libtock/build/cortex-m0/libtock.a(sys.o)
 .text._open    0x0000000000000000        0xa ../../../../libtock/build/cortex-m0/libtock.a(sys.o)
 .text._exit    0x0000000000000000        0x2 ../../../../libtock/build/cortex-m0/libtock.a(sys.o)
 .text._getpid  0x0000000000000000        0x4 ../../../../libtock/build/cortex-m0/libtock.a(sys.o)
 .text._kill    0x0000000000000000        0x6 ../../../../libtock/build/cortex-m0/libtock.a(sys.o)
 .text          0x0000000000000000        0x0 ../../../../libtock/build/cortex-m0/libtock.a(console.o)
 .text.getnstr_cb
                0x0000000000000000       0x18 ../../../../libtock/build/cortex-m0/libtock.a(console.o)
 .text.getnstr_async
                0x0000000000000000       0x36 ../../../../libtock/build/cortex-m0/libtock.a(console.o)
 .text.getnstr  0x0000000000000000       0x40 ../../../../libtock/build/cortex-m0/libtock.a(console.o)
 .text.getch    0x0000000000000000       0x1c ../../../../libtock/build/cortex-m0/libtock.a(console.o)
 .text.getnstr_abort
                0x0000000000000000       0x10 ../../../../libtock/build/cortex-m0/libtock.a(console.o)
 .text          0x0000000000000000        0x0 ../../../../newlib/cortex-m/libc.a(lib_a-errno.o)
 .text          0x0000000000000000        0x0 ../../../../newlib/cortex-m/libc.a(lib_a-strncpy.o)

Memory Configuration

Name             Origin             Length             Attributes
FLASH            0x0000000080000000 0x0000000000040000 xr
SRAM             0x0000000000000000 0x0000000000010000 xrw
*default*        0x0000000000000000 0xffffffffffffffff

Linker script and memory map

                0x0000000000000800                STACK_SIZE = 0x800
                0x0000000000000400                APP_HEAP_SIZE = 0x400
                0x0000000000000400                KERNEL_HEAP_SIZE = 0x400
START GROUP
LOAD build/cortex-m0/main.o
LOAD ../../../../libtock/build/cortex-m0/libtock.a
LOAD ../../../../newlib/cortex-m/libc.a
LOAD ../../../../newlib/cortex-m/libm.a
LOAD ../../../../libc++/cortex-m/libstdc++.a
LOAD ../../../../libc++/cortex-m/libsupc++.a
LOAD ../../../../libc++/cortex-m/libgcc.a
END GROUP
                0x0000000000040000                PROG_LENGTH = 0x40000
                0x0000000000010000                RAM_LENGTH = 0x10000

.crt0_header    0x0000000080000000       0x28
                0x0000000080000000                _beginning = .
                0x0000000080000000        0x4 LONG 0x1554 (LOADADDR (.got) - _beginning)
                0x0000000080000004        0x4 LONG 0x0 _got
                0x0000000080000008        0x4 LONG 0x80 SIZEOF (.got)
                0x000000008000000c        0x4 LONG 0x15d4 (LOADADDR (.data) - _beginning)
                0x0000000080000010        0x4 LONG 0x80 _data
                0x0000000080000014        0x4 LONG 0x70 SIZEOF (.data)
                0x0000000080000018        0x4 LONG 0xf0 _bss
                0x000000008000001c        0x4 LONG 0x160 SIZEOF (.bss)
                0x0000000080000020        0x4 LONG 0x1644 (LOADADDR (.endflash) - _beginning)
                0x0000000080000024        0x4 LONG 0x800 STACK_SIZE

.wfr.app_state  0x0000000080000028        0x0
 *(.app_state)
                0x0000000080000028                . = ALIGN (0x4)

.text           0x0000000080000028     0x152c
                0x0000000080000028                . = ALIGN (0x4)
                0x0000000080000028                _text = .
 *(.start)
 .start         0x0000000080000028       0x3e ../../../../libtock/build/cortex-m0/libtock.a(crt0.o)
                0x0000000080000028                _start
 *(.text*)
 *fill*         0x0000000080000066        0x2 ff
 .text.ipc_callback
                0x0000000080000068       0x38 build/cortex-m0/main.o
 .text.startup.main
                0x00000000800000a0       0x1c build/cortex-m0/main.o
                0x00000000800000a0                main
 .text._c_start
                0x00000000800000bc       0x8a ../../../../libtock/build/cortex-m0/libtock.a(crt0.o)
                0x00000000800000bc                _c_start
 .text.ipc_register_svc
                0x0000000080000146       0x12 ../../../../libtock/build/cortex-m0/libtock.a(ipc.o)
                0x0000000080000146                ipc_register_svc
 .text.ipc_notify_client
                0x0000000080000158       0x12 ../../../../libtock/build/cortex-m0/libtock.a(ipc.o)
                0x0000000080000158                ipc_notify_client
 *fill*         0x000000008000016a        0x2 ff
 .text.yield    0x000000008000016c       0x5c ../../../../libtock/build/cortex-m0/libtock.a(tock.o)
                0x000000008000016c                yield
 .text.yield_for
                0x00000000800001c8       0x12 ../../../../libtock/build/cortex-m0/libtock.a(tock.o)
                0x00000000800001c8                yield_for
 .text.subscribe
                0x00000000800001da        0x4 ../../../../libtock/build/cortex-m0/libtock.a(tock.o)
                0x00000000800001da                subscribe
 .text.command  0x00000000800001de        0x4 ../../../../libtock/build/cortex-m0/libtock.a(tock.o)
                0x00000000800001de                command
 .text.allow    0x00000000800001e2        0x4 ../../../../libtock/build/cortex-m0/libtock.a(tock.o)
                0x00000000800001e2                allow
 .text.memop    0x00000000800001e6        0x4 ../../../../libtock/build/cortex-m0/libtock.a(tock.o)
                0x00000000800001e6                memop
 *fill*         0x00000000800001ea        0x2 ff
 .text.malloc   0x00000000800001ec       0x1c ../../../../newlib/cortex-m/libc.a(lib_a-malloc.o)
                0x00000000800001ec                malloc
 .text.free     0x0000000080000208       0x1c ../../../../newlib/cortex-m/libc.a(lib_a-malloc.o)
                0x0000000080000208                free
 .text.memcpy   0x0000000080000224       0x12 ../../../../newlib/cortex-m/libc.a(lib_a-memcpy-stub.o)
                0x0000000080000224                memcpy
 .text.memset   0x0000000080000236       0x10 ../../../../newlib/cortex-m/libc.a(lib_a-memset.o)
                0x0000000080000236                memset
 *fill*         0x0000000080000246        0x2 ff
 .text._free_r  0x0000000080000248       0xa0 ../../../../newlib/cortex-m/libc.a(lib_a-nano-freer.o)
                0x0000000080000248                _free_r
 .text._malloc_r
                0x00000000800002e8       0xcc ../../../../newlib/cortex-m/libc.a(lib_a-nano-mallocr.o)
                0x00000000800002e8                _malloc_r
 .text.printf   0x00000000800003b4       0x44 ../../../../newlib/cortex-m/libc.a(lib_a-printf.o)
                0x00000000800003b4                printf
                0x00000000800003b4                iprintf
 .text._sbrk_r  0x00000000800003f8       0x30 ../../../../newlib/cortex-m/libc.a(lib_a-sbrkr.o)
                0x00000000800003f8                _sbrk_r
 .text._cleanup_r
                0x0000000080000428       0x20 ../../../../newlib/cortex-m/libc.a(lib_a-findfp.o)
                0x0000000080000428                _cleanup_r
 .text.std.isra.0
                0x0000000080000448       0x64 ../../../../newlib/cortex-m/libc.a(lib_a-findfp.o)
 .text.__sfmoreglue
                0x00000000800004ac       0x2c ../../../../newlib/cortex-m/libc.a(lib_a-findfp.o)
                0x00000000800004ac                __sfmoreglue
 .text.__sfp_lock_acquire
                0x00000000800004d8        0x2 ../../../../newlib/cortex-m/libc.a(lib_a-findfp.o)
                0x00000000800004d8                __sfp_lock_acquire
 .text.__sfp_lock_release
                0x00000000800004da        0x2 ../../../../newlib/cortex-m/libc.a(lib_a-findfp.o)
                0x00000000800004da                __sfp_lock_release
 .text.__sinit_lock_acquire
                0x00000000800004dc        0x2 ../../../../newlib/cortex-m/libc.a(lib_a-findfp.o)
                0x00000000800004dc                __sinit_lock_acquire
 .text.__sinit_lock_release
                0x00000000800004de        0x2 ../../../../newlib/cortex-m/libc.a(lib_a-findfp.o)
                0x00000000800004de                __sinit_lock_release
 .text.__sinit  0x00000000800004e0       0x84 ../../../../newlib/cortex-m/libc.a(lib_a-findfp.o)
                0x00000000800004e0                __sinit
 .text.__sfp    0x0000000080000564       0x94 ../../../../newlib/cortex-m/libc.a(lib_a-findfp.o)
                0x0000000080000564                __sfp
 .text._fwalk_reent
                0x00000000800005f8       0x44 ../../../../newlib/cortex-m/libc.a(lib_a-fwalk.o)
                0x00000000800005f8                _fwalk_reent
 .text.__malloc_lock
                0x000000008000063c        0x2 ../../../../newlib/cortex-m/libc.a(lib_a-mlock.o)
                0x000000008000063c                __malloc_lock
 .text.__malloc_unlock
                0x000000008000063e        0x2 ../../../../newlib/cortex-m/libc.a(lib_a-mlock.o)
                0x000000008000063e                __malloc_unlock
 .text.__sfputc_r
                0x0000000080000640       0x2a ../../../../newlib/cortex-m/libc.a(lib_a-nano-vfprintf.o)
 .text.__sfputs_r
                0x000000008000066a       0x24 ../../../../newlib/cortex-m/libc.a(lib_a-nano-vfprintf.o)
                0x000000008000066a                __sfputs_r
 *fill*         0x000000008000068e        0x2 ff
 .text._vfprintf_r
                0x0000000080000690      0x288 ../../../../newlib/cortex-m/libc.a(lib_a-nano-vfprintf.o)
                0x0000000080000690                _vfiprintf_r
                0x0000000080000690                _vfprintf_r
 .text.__sread  0x0000000080000918       0x28 ../../../../newlib/cortex-m/libc.a(lib_a-stdio.o)
                0x0000000080000918                __sread
 .text.__swrite
                0x0000000080000940       0x38 ../../../../newlib/cortex-m/libc.a(lib_a-stdio.o)
                0x0000000080000940                __swrite
 .text.__sseek  0x0000000080000978       0x2c ../../../../newlib/cortex-m/libc.a(lib_a-stdio.o)
                0x0000000080000978                __sseek
 .text.__sclose
                0x00000000800009a4        0xc ../../../../newlib/cortex-m/libc.a(lib_a-stdio.o)
                0x00000000800009a4                __sclose
 .text.__swbuf_r
                0x00000000800009b0       0xc8 ../../../../newlib/cortex-m/libc.a(lib_a-wbuf.o)
                0x00000000800009b0                __swbuf_r
 .text._write_r
                0x0000000080000a78       0x34 ../../../../newlib/cortex-m/libc.a(lib_a-writer.o)
                0x0000000080000a78                _write_r
 .text.__swsetup_r
                0x0000000080000aac      0x108 ../../../../newlib/cortex-m/libc.a(lib_a-wsetup.o)
                0x0000000080000aac                __swsetup_r
 .text._close_r
                0x0000000080000bb4       0x30 ../../../../newlib/cortex-m/libc.a(lib_a-closer.o)
                0x0000000080000bb4                _close_r
 .text.__sflush_r
                0x0000000080000be4      0x11c ../../../../newlib/cortex-m/libc.a(lib_a-fflush.o)
                0x0000000080000be4                __sflush_r
 .text._fflush_r
                0x0000000080000d00       0x74 ../../../../newlib/cortex-m/libc.a(lib_a-fflush.o)
                0x0000000080000d00                _fflush_r
 .text._lseek_r
                0x0000000080000d74       0x34 ../../../../newlib/cortex-m/libc.a(lib_a-lseekr.o)
                0x0000000080000d74                _lseek_r
 .text.__swhatbuf_r
                0x0000000080000da8       0x50 ../../../../newlib/cortex-m/libc.a(lib_a-makebuf.o)
                0x0000000080000da8                __swhatbuf_r
 .text.__smakebuf_r
                0x0000000080000df8       0x98 ../../../../newlib/cortex-m/libc.a(lib_a-makebuf.o)
                0x0000000080000df8                __smakebuf_r
 .text.memchr   0x0000000080000e90       0x16 ../../../../newlib/cortex-m/libc.a(lib_a-memchr-stub.o)
                0x0000000080000e90                memchr
 .text._printf_common
                0x0000000080000ea6       0xdc ../../../../newlib/cortex-m/libc.a(lib_a-nano-vfprintf_i.o)
                0x0000000080000ea6                _printf_common
 *fill*         0x0000000080000f82        0x2 ff
 .text._printf_i
                0x0000000080000f84      0x248 ../../../../newlib/cortex-m/libc.a(lib_a-nano-vfprintf_i.o)
                0x0000000080000f84                _printf_i
 .text._read_r  0x00000000800011cc       0x34 ../../../../newlib/cortex-m/libc.a(lib_a-readr.o)
                0x00000000800011cc                _read_r
 .text._fstat_r
                0x0000000080001200       0x30 ../../../../newlib/cortex-m/libc.a(lib_a-fstatr.o)
                0x0000000080001200                _fstat_r
 .text._isatty_r
                0x0000000080001230       0x30 ../../../../newlib/cortex-m/libc.a(lib_a-isattyr.o)
                0x0000000080001230                _isatty_r
 .text          0x0000000080001260       0x9c ../../../../libc++/cortex-m/libgcc.a(_udivsi3.o)
                0x0000000080001260                __udivsi3
                0x0000000080001260                __aeabi_uidiv
                0x00000000800012e8                __aeabi_uidivmod
 .text          0x00000000800012fc        0x4 ../../../../libc++/cortex-m/libgcc.a(_dvmd_tls.o)
                0x00000000800012fc                __aeabi_ldiv0
                0x00000000800012fc                __aeabi_idiv0
 .text._isatty  0x0000000080001300        0x6 ../../../../libtock/build/cortex-m0/libtock.a(sys.o)
                0x0000000080001300                _isatty
 .text._write   0x0000000080001306       0x10 ../../../../libtock/build/cortex-m0/libtock.a(sys.o)
                0x0000000080001306                _write
 .text._close   0x0000000080001316        0x6 ../../../../libtock/build/cortex-m0/libtock.a(sys.o)
                0x0000000080001316                _close
 .text._fstat   0x000000008000131c        0xa ../../../../libtock/build/cortex-m0/libtock.a(sys.o)
                0x000000008000131c                _fstat
 .text._lseek   0x0000000080001326        0x4 ../../../../libtock/build/cortex-m0/libtock.a(sys.o)
                0x0000000080001326                _lseek
 .text._read    0x000000008000132a        0x4 ../../../../libtock/build/cortex-m0/libtock.a(sys.o)
                0x000000008000132a                _read
 .text._sbrk    0x000000008000132e       0x1e ../../../../libtock/build/cortex-m0/libtock.a(sys.o)
                0x000000008000132e                _sbrk
 .text.putnstr_async
                0x000000008000134c       0x36 ../../../../libtock/build/cortex-m0/libtock.a(console.o)
                0x000000008000134c                putnstr_async
 *fill*         0x0000000080001382        0x2 ff
 .text.putnstr  0x0000000080001384       0xa0 ../../../../libtock/build/cortex-m0/libtock.a(console.o)
                0x0000000080001384                putnstr
 .text.putstr_cb
                0x0000000080001424       0x48 ../../../../libtock/build/cortex-m0/libtock.a(console.o)
 .text.__errno  0x000000008000146c       0x18 ../../../../newlib/cortex-m/libc.a(lib_a-errno.o)
                0x000000008000146c                __errno
 .text.strncpy  0x0000000080001484       0x2a ../../../../newlib/cortex-m/libc.a(lib_a-strncpy.o)
                0x0000000080001484                strncpy
 *(.rodata*)
 .rodata.ipc_callback.str1.1
                0x00000000800014ae       0x10 build/cortex-m0/main.o
 *fill*         0x00000000800014be        0x2 ff
 .rodata.__sf_fake_stderr
                0x00000000800014c0       0x20 ../../../../newlib/cortex-m/libc.a(lib_a-findfp.o)
                0x00000000800014c0                __sf_fake_stderr
 .rodata.__sf_fake_stdin
                0x00000000800014e0       0x20 ../../../../newlib/cortex-m/libc.a(lib_a-findfp.o)
                0x00000000800014e0                __sf_fake_stdin
 .rodata.__sf_fake_stdout
                0x0000000080001500       0x20 ../../../../newlib/cortex-m/libc.a(lib_a-findfp.o)
                0x0000000080001500                __sf_fake_stdout
 .rodata._vfprintf_r.str1.1
                0x0000000080001520       0x11 ../../../../newlib/cortex-m/libc.a(lib_a-nano-vfprintf.o)
 .rodata._printf_i.str1.1
                0x0000000080001531       0x22 ../../../../newlib/cortex-m/libc.a(lib_a-nano-vfprintf_i.o)
 *(.syscalls)
                0x0000000080001553                _etext = .
 *(.ARM.extab*)
                0x0000000080001554                . = ALIGN (0x4)
 *fill*         0x0000000080001553        0x1 ff

.glue_7         0x0000000080001554        0x0
 .glue_7        0x0000000080001554        0x0 linker stubs

.glue_7t        0x0000000080001554        0x0
 .glue_7t       0x0000000080001554        0x0 linker stubs

.vfp11_veneer   0x0000000080001554        0x0
 .vfp11_veneer  0x0000000080001554        0x0 linker stubs

.v4_bx          0x0000000080001554        0x0
 .v4_bx         0x0000000080001554        0x0 linker stubs

.iplt           0x0000000080001554        0x0
 .iplt          0x0000000080001554        0x0 build/cortex-m0/main.o

.rel.dyn        0x0000000080001554        0x0
 .rel.iplt      0x0000000080001554        0x0 build/cortex-m0/main.o
 .rel.got       0x0000000080001554        0x0 build/cortex-m0/main.o

.got            0x0000000000000000       0x80 load address 0x0000000080001554
                0x0000000000000000                . = ALIGN (0x4)
                0x0000000000000000                _got = .
 *(.got*)
 .got           0x0000000000000000       0x74 build/cortex-m0/main.o
 .got.plt       0x0000000000000074        0xc build/cortex-m0/main.o
                0x0000000000000074                _GLOBAL_OFFSET_TABLE_
 *(.got.plt*)
                0x0000000000000080                . = ALIGN (0x4)

.data           0x0000000000000080       0x70 load address 0x00000000800015d4
                0x0000000000000080                . = ALIGN (0x4)
                0x0000000000000080                _data = .
 *(.data*)
 .data          0x0000000000000080        0x0 build/cortex-m0/main.o
 .data          0x0000000000000080        0x0 ../../../../libtock/build/cortex-m0/libtock.a(crt0.o)
 .data          0x0000000000000080        0x0 ../../../../libtock/build/cortex-m0/libtock.a(ipc.o)
 .data          0x0000000000000080        0x0 ../../../../libtock/build/cortex-m0/libtock.a(tock.o)
 .data          0x0000000000000080        0x0 ../../../../newlib/cortex-m/libc.a(lib_a-exit.o)
 .data          0x0000000000000080        0x0 ../../../../newlib/cortex-m/libc.a(lib_a-impure.o)
 .data.rel.impure_data
                0x0000000000000080       0x60 ../../../../newlib/cortex-m/libc.a(lib_a-impure.o)
 .data.rel.local._impure_ptr
                0x00000000000000e0        0x4 ../../../../newlib/cortex-m/libc.a(lib_a-impure.o)
                0x00000000000000e0                _impure_ptr
 .data.rel.ro.local._global_impure_ptr
                0x00000000000000e4        0x4 ../../../../newlib/cortex-m/libc.a(lib_a-impure.o)
                0x00000000000000e4                _global_impure_ptr
 .data          0x00000000000000e8        0x0 ../../../../newlib/cortex-m/libc.a(lib_a-malloc.o)
 .data          0x00000000000000e8        0x0 ../../../../newlib/cortex-m/libc.a(lib_a-memcpy-stub.o)
 .data          0x00000000000000e8        0x0 ../../../../newlib/cortex-m/libc.a(lib_a-memset.o)
 .data          0x00000000000000e8        0x0 ../../../../newlib/cortex-m/libc.a(lib_a-nano-freer.o)
 .data          0x00000000000000e8        0x0 ../../../../newlib/cortex-m/libc.a(lib_a-nano-mallocr.o)
 .data          0x00000000000000e8        0x0 ../../../../newlib/cortex-m/libc.a(lib_a-printf.o)
 .data          0x00000000000000e8        0x0 ../../../../newlib/cortex-m/libc.a(lib_a-sbrkr.o)
 .data          0x00000000000000e8        0x0 ../../../../newlib/cortex-m/libc.a(lib_a-strlen.o)
 .data          0x00000000000000e8        0x0 ../../../../newlib/cortex-m/libc.a(lib_a-findfp.o)
 .data          0x00000000000000e8        0x0 ../../../../newlib/cortex-m/libc.a(lib_a-fwalk.o)
 .data          0x00000000000000e8        0x0 ../../../../newlib/cortex-m/libc.a(lib_a-mlock.o)
 .data          0x00000000000000e8        0x0 ../../../../newlib/cortex-m/libc.a(lib_a-nano-vfprintf.o)
 .data          0x00000000000000e8        0x0 ../../../../newlib/cortex-m/libc.a(lib_a-reent.o)
 .data          0x00000000000000e8        0x0 ../../../../newlib/cortex-m/libc.a(lib_a-stdio.o)
 .data          0x00000000000000e8        0x0 ../../../../newlib/cortex-m/libc.a(lib_a-wbuf.o)
 .data          0x00000000000000e8        0x0 ../../../../newlib/cortex-m/libc.a(lib_a-writer.o)
 .data          0x00000000000000e8        0x0 ../../../../newlib/cortex-m/libc.a(lib_a-wsetup.o)
 .data          0x00000000000000e8        0x0 ../../../../newlib/cortex-m/libc.a(lib_a-closer.o)
 .data          0x00000000000000e8        0x0 ../../../../newlib/cortex-m/libc.a(lib_a-fflush.o)
 .data          0x00000000000000e8        0x0 ../../../../newlib/cortex-m/libc.a(lib_a-fvwrite.o)
 .data          0x00000000000000e8        0x0 ../../../../newlib/cortex-m/libc.a(lib_a-lseekr.o)
 .data          0x00000000000000e8        0x0 ../../../../newlib/cortex-m/libc.a(lib_a-makebuf.o)
 .data          0x00000000000000e8        0x0 ../../../../newlib/cortex-m/libc.a(lib_a-memchr-stub.o)
 .data          0x00000000000000e8        0x0 ../../../../newlib/cortex-m/libc.a(lib_a-memmove.o)
 .data          0x00000000000000e8        0x0 ../../../../newlib/cortex-m/libc.a(lib_a-nano-reallocr.o)
 .data          0x00000000000000e8        0x0 ../../../../newlib/cortex-m/libc.a(lib_a-nano-vfprintf_i.o)
 .data          0x00000000000000e8        0x0 ../../../../newlib/cortex-m/libc.a(lib_a-readr.o)
 .data          0x00000000000000e8        0x0 ../../../../newlib/cortex-m/libc.a(lib_a-fstatr.o)
 .data          0x00000000000000e8        0x0 ../../../../newlib/cortex-m/libc.a(lib_a-isattyr.o)
 .data          0x00000000000000e8        0x0 ../../../../newlib/cortex-m/libc.a(lib_a-nano-msizer.o)
 .data          0x00000000000000e8        0x0 ../../../../libc++/cortex-m/libgcc.a(_thumb1_case_uqi.o)
 .data          0x00000000000000e8        0x0 ../../../../libc++/cortex-m/libgcc.a(_udivsi3.o)
 .data          0x00000000000000e8        0x0 ../../../../libc++/cortex-m/libgcc.a(_divsi3.o)
 .data          0x00000000000000e8        0x0 ../../../../libc++/cortex-m/libgcc.a(_dvmd_tls.o)
 .data          0x00000000000000e8        0x0 ../../../../libtock/build/cortex-m0/libtock.a(sys.o)
 .data          0x00000000000000e8        0x0 ../../../../libtock/build/cortex-m0/libtock.a(console.o)
 .data.getnstr_data
                0x00000000000000e8        0x8 ../../../../libtock/build/cortex-m0/libtock.a(console.o)
 .data          0x00000000000000f0        0x0 ../../../../newlib/cortex-m/libc.a(lib_a-errno.o)
 .data          0x00000000000000f0        0x0 ../../../../newlib/cortex-m/libc.a(lib_a-strncpy.o)
                0x00000000000000f0                . = ALIGN (0x4)

.igot.plt       0x00000000000000f0        0x0 load address 0x0000000080001644
 .igot.plt      0x00000000000000f0        0x0 build/cortex-m0/main.o

.bss            0x00000000000000f0      0x160 load address 0x0000000080001644
                0x00000000000000f0                . = ALIGN (0x4)
                0x00000000000000f0                _bss = .
 *(.bss*)
 .bss           0x00000000000000f0        0x0 build/cortex-m0/main.o
 .bss           0x00000000000000f0        0x0 ../../../../libtock/build/cortex-m0/libtock.a(crt0.o)
 .bss           0x00000000000000f0        0x0 ../../../../libtock/build/cortex-m0/libtock.a(ipc.o)
 .bss           0x00000000000000f0        0x0 ../../../../libtock/build/cortex-m0/libtock.a(tock.o)
 .bss.task_cur  0x00000000000000f0        0x4 ../../../../libtock/build/cortex-m0/libtock.a(tock.o)
 .bss.task_last
                0x00000000000000f4        0x4 ../../../../libtock/build/cortex-m0/libtock.a(tock.o)
 .bss.task_queue
                0x00000000000000f8      0x140 ../../../../libtock/build/cortex-m0/libtock.a(tock.o)
 .bss           0x0000000000000238        0x0 ../../../../newlib/cortex-m/libc.a(lib_a-exit.o)
 .bss           0x0000000000000238        0x0 ../../../../newlib/cortex-m/libc.a(lib_a-impure.o)
 .bss           0x0000000000000238        0x0 ../../../../newlib/cortex-m/libc.a(lib_a-malloc.o)
 .bss           0x0000000000000238        0x0 ../../../../newlib/cortex-m/libc.a(lib_a-memcpy-stub.o)
 .bss           0x0000000000000238        0x0 ../../../../newlib/cortex-m/libc.a(lib_a-memset.o)
 .bss           0x0000000000000238        0x0 ../../../../newlib/cortex-m/libc.a(lib_a-nano-freer.o)
 .bss           0x0000000000000238        0x0 ../../../../newlib/cortex-m/libc.a(lib_a-nano-mallocr.o)
 .bss.__malloc_free_list
                0x0000000000000238        0x4 ../../../../newlib/cortex-m/libc.a(lib_a-nano-mallocr.o)
                0x0000000000000238                __malloc_free_list
 .bss.__malloc_sbrk_start
                0x000000000000023c        0x4 ../../../../newlib/cortex-m/libc.a(lib_a-nano-mallocr.o)
                0x000000000000023c                __malloc_sbrk_start
 .bss           0x0000000000000240        0x0 ../../../../newlib/cortex-m/libc.a(lib_a-printf.o)
 .bss           0x0000000000000240        0x0 ../../../../newlib/cortex-m/libc.a(lib_a-sbrkr.o)
 .bss           0x0000000000000240        0x0 ../../../../newlib/cortex-m/libc.a(lib_a-strlen.o)
 .bss           0x0000000000000240        0x0 ../../../../newlib/cortex-m/libc.a(lib_a-findfp.o)
 .bss           0x0000000000000240        0x0 ../../../../newlib/cortex-m/libc.a(lib_a-fwalk.o)
 .bss           0x0000000000000240        0x0 ../../../../newlib/cortex-m/libc.a(lib_a-mlock.o)
 .bss           0x0000000000000240        0x0 ../../../../newlib/cortex-m/libc.a(lib_a-nano-vfprintf.o)
 .bss           0x0000000000000240        0x0 ../../../../newlib/cortex-m/libc.a(lib_a-reent.o)
 .bss           0x0000000000000240        0x0 ../../../../newlib/cortex-m/libc.a(lib_a-stdio.o)
 .bss           0x0000000000000240        0x0 ../../../../newlib/cortex-m/libc.a(lib_a-wbuf.o)
 .bss           0x0000000000000240        0x0 ../../../../newlib/cortex-m/libc.a(lib_a-writer.o)
 .bss           0x0000000000000240        0x0 ../../../../newlib/cortex-m/libc.a(lib_a-wsetup.o)
 .bss           0x0000000000000240        0x0 ../../../../newlib/cortex-m/libc.a(lib_a-closer.o)
 .bss           0x0000000000000240        0x0 ../../../../newlib/cortex-m/libc.a(lib_a-fflush.o)
 .bss           0x0000000000000240        0x0 ../../../../newlib/cortex-m/libc.a(lib_a-fvwrite.o)
 .bss           0x0000000000000240        0x0 ../../../../newlib/cortex-m/libc.a(lib_a-lseekr.o)
 .bss           0x0000000000000240        0x0 ../../../../newlib/cortex-m/libc.a(lib_a-makebuf.o)
 .bss           0x0000000000000240        0x0 ../../../../newlib/cortex-m/libc.a(lib_a-memchr-stub.o)
 .bss           0x0000000000000240        0x0 ../../../../newlib/cortex-m/libc.a(lib_a-memmove.o)
 .bss           0x0000000000000240        0x0 ../../../../newlib/cortex-m/libc.a(lib_a-nano-reallocr.o)
 .bss           0x0000000000000240        0x0 ../../../../newlib/cortex-m/libc.a(lib_a-nano-vfprintf_i.o)
 .bss           0x0000000000000240        0x0 ../../../../newlib/cortex-m/libc.a(lib_a-readr.o)
 .bss           0x0000000000000240        0x0 ../../../../newlib/cortex-m/libc.a(lib_a-fstatr.o)
 .bss           0x0000000000000240        0x0 ../../../../newlib/cortex-m/libc.a(lib_a-isattyr.o)
 .bss           0x0000000000000240        0x0 ../../../../newlib/cortex-m/libc.a(lib_a-nano-msizer.o)
 .bss           0x0000000000000240        0x0 ../../../../libc++/cortex-m/libgcc.a(_thumb1_case_uqi.o)
 .bss           0x0000000000000240        0x0 ../../../../libc++/cortex-m/libgcc.a(_udivsi3.o)
 .bss           0x0000000000000240        0x0 ../../../../libc++/cortex-m/libgcc.a(_divsi3.o)
 .bss           0x0000000000000240        0x0 ../../../../libc++/cortex-m/libgcc.a(_dvmd_tls.o)
 .bss           0x0000000000000240        0x0 ../../../../libtock/build/cortex-m0/libtock.a(sys.o)
 .bss.__dso_handle
                0x0000000000000240        0x4 ../../../../libtock/build/cortex-m0/libtock.a(sys.o)
                0x0000000000000240                __dso_handle
 .bss           0x0000000000000244        0x0 ../../../../libtock/build/cortex-m0/libtock.a(console.o)
 .bss.putstr_head
                0x0000000000000244        0x4 ../../../../libtock/build/cortex-m0/libtock.a(console.o)
 .bss.putstr_tail
                0x0000000000000248        0x4 ../../../../libtock/build/cortex-m0/libtock.a(console.o)
 .bss           0x000000000000024c        0x0 ../../../../newlib/cortex-m/libc.a(lib_a-errno.o)
 .bss           0x000000000000024c        0x0 ../../../../newlib/cortex-m/libc.a(lib_a-strncpy.o)
 *(COMMON)
 COMMON         0x000000000000024c        0x4 ../../../../newlib/cortex-m/libc.a(lib_a-reent.o)
                0x000000000000024c                errno
                0x0000000000000250                . = ALIGN (0x4)

.endflash       0x0000000080001644        0x0
                [!provide]                        PROVIDE (__exidx_start = .)

.ARM.exidx
 *(.ARM.exidx* .gnu.linkonce.armexidx.*)
                [!provide]                        PROVIDE (__exidx_end = .)
                0x0000000000000001                ASSERT ((_got <= _bss), 
The GOT section must be before the BSS section for crt0 setup to be correct.)
                0x0000000000000001                ASSERT ((_data <= _bss), 
The data section must be before the BSS section for crt0 setup to be correct.)
OUTPUT(build/cortex-m0/cortex-m0.elf elf32-littlearm)

.GCC.command.line
                0x0000000000000000      0x76e
 .GCC.command.line
                0x0000000000000000      0x4c9 build/cortex-m0/main.o
 .GCC.command.line
                0x00000000000004c9      0x17f ../../../../libtock/build/cortex-m0/libtock.a(crt0.o)
                                        0x51c (size before relaxing)
 .GCC.command.line
                0x0000000000000648       0x47 ../../../../libtock/build/cortex-m0/libtock.a(ipc.o)
                                        0x51a (size before relaxing)
 .GCC.command.line
                0x000000000000068f       0x49 ../../../../libtock/build/cortex-m0/libtock.a(tock.o)
                                        0x51c (size before relaxing)
 .GCC.command.line
                0x00000000000006d8       0x47 ../../../../libtock/build/cortex-m0/libtock.a(sys.o)
                                        0x51a (size before relaxing)
 .GCC.command.line
                0x000000000000071f       0x4f ../../../../libtock/build/cortex-m0/libtock.a(console.o)
                                        0x522 (size before relaxing)

.comment        0x0000000000000000       0x9b
 .comment       0x0000000000000000       0x75 build/cortex-m0/main.o
                                         0x76 (size before relaxing)
 .comment       0x0000000000000075       0x76 ../../../../libtock/build/cortex-m0/libtock.a(crt0.o)
 .comment       0x0000000000000075       0x76 ../../../../libtock/build/cortex-m0/libtock.a(ipc.o)
 .comment       0x0000000000000075       0x76 ../../../../libtock/build/cortex-m0/libtock.a(tock.o)
 .comment       0x0000000000000075       0x26 ../../../../newlib/cortex-m/libc.a(lib_a-exit.o)
                                         0x27 (size before relaxing)
 .comment       0x000000000000009b       0x27 ../../../../newlib/cortex-m/libc.a(lib_a-impure.o)
 .comment       0x000000000000009b       0x27 ../../../../newlib/cortex-m/libc.a(lib_a-malloc.o)
 .comment       0x000000000000009b       0x27 ../../../../newlib/cortex-m/libc.a(lib_a-memcpy-stub.o)
 .comment       0x000000000000009b       0x27 ../../../../newlib/cortex-m/libc.a(lib_a-memset.o)
 .comment       0x000000000000009b       0x27 ../../../../newlib/cortex-m/libc.a(lib_a-nano-freer.o)
 .comment       0x000000000000009b       0x27 ../../../../newlib/cortex-m/libc.a(lib_a-nano-mallocr.o)
 .comment       0x000000000000009b       0x27 ../../../../newlib/cortex-m/libc.a(lib_a-printf.o)
 .comment       0x000000000000009b       0x27 ../../../../newlib/cortex-m/libc.a(lib_a-sbrkr.o)
 .comment       0x000000000000009b       0x27 ../../../../newlib/cortex-m/libc.a(lib_a-findfp.o)
 .comment       0x000000000000009b       0x27 ../../../../newlib/cortex-m/libc.a(lib_a-fwalk.o)
 .comment       0x000000000000009b       0x27 ../../../../newlib/cortex-m/libc.a(lib_a-mlock.o)
 .comment       0x000000000000009b       0x27 ../../../../newlib/cortex-m/libc.a(lib_a-nano-vfprintf.o)
 .comment       0x000000000000009b       0x27 ../../../../newlib/cortex-m/libc.a(lib_a-reent.o)
 .comment       0x000000000000009b       0x27 ../../../../newlib/cortex-m/libc.a(lib_a-stdio.o)
 .comment       0x000000000000009b       0x27 ../../../../newlib/cortex-m/libc.a(lib_a-wbuf.o)
 .comment       0x000000000000009b       0x27 ../../../../newlib/cortex-m/libc.a(lib_a-writer.o)
 .comment       0x000000000000009b       0x27 ../../../../newlib/cortex-m/libc.a(lib_a-wsetup.o)
 .comment       0x000000000000009b       0x27 ../../../../newlib/cortex-m/libc.a(lib_a-closer.o)
 .comment       0x000000000000009b       0x27 ../../../../newlib/cortex-m/libc.a(lib_a-fflush.o)
 .comment       0x000000000000009b       0x27 ../../../../newlib/cortex-m/libc.a(lib_a-fvwrite.o)
 .comment       0x000000000000009b       0x27 ../../../../newlib/cortex-m/libc.a(lib_a-lseekr.o)
 .comment       0x000000000000009b       0x27 ../../../../newlib/cortex-m/libc.a(lib_a-makebuf.o)
 .comment       0x000000000000009b       0x27 ../../../../newlib/cortex-m/libc.a(lib_a-memchr-stub.o)
 .comment       0x000000000000009b       0x27 ../../../../newlib/cortex-m/libc.a(lib_a-memmove.o)
 .comment       0x000000000000009b       0x27 ../../../../newlib/cortex-m/libc.a(lib_a-nano-reallocr.o)
 .comment       0x000000000000009b       0x27 ../../../../newlib/cortex-m/libc.a(lib_a-nano-vfprintf_i.o)
 .comment       0x000000000000009b       0x27 ../../../../newlib/cortex-m/libc.a(lib_a-readr.o)
 .comment       0x000000000000009b       0x27 ../../../../newlib/cortex-m/libc.a(lib_a-fstatr.o)
 .comment       0x000000000000009b       0x27 ../../../../newlib/cortex-m/libc.a(lib_a-isattyr.o)
 .comment       0x000000000000009b       0x27 ../../../../newlib/cortex-m/libc.a(lib_a-nano-msizer.o)
 .comment       0x000000000000009b       0x76 ../../../../libtock/build/cortex-m0/libtock.a(sys.o)
 .comment       0x000000000000009b       0x76 ../../../../libtock/build/cortex-m0/libtock.a(console.o)
 .comment       0x000000000000009b       0x27 ../../../../newlib/cortex-m/libc.a(lib_a-errno.o)
 .comment       0x000000000000009b       0x27 ../../../../newlib/cortex-m/libc.a(lib_a-strncpy.o)

.ARM.attributes
                0x0000000000000000       0x2a
 .ARM.attributes
                0x0000000000000000       0x2c build/cortex-m0/main.o
 .ARM.attributes
                0x000000000000002c       0x2c ../../../../libtock/build/cortex-m0/libtock.a(crt0.o)
 .ARM.attributes
                0x0000000000000058       0x2c ../../../../libtock/build/cortex-m0/libtock.a(ipc.o)
 .ARM.attributes
                0x0000000000000084       0x2c ../../../../libtock/build/cortex-m0/libtock.a(tock.o)
 .ARM.attributes
                0x00000000000000b0       0x2c ../../../../newlib/cortex-m/libc.a(lib_a-exit.o)
 .ARM.attributes
                0x00000000000000dc       0x2c ../../../../newlib/cortex-m/libc.a(lib_a-impure.o)
 .ARM.attributes
                0x0000000000000108       0x2c ../../../../newlib/cortex-m/libc.a(lib_a-malloc.o)
 .ARM.attributes
                0x0000000000000134       0x2c ../../../../newlib/cortex-m/libc.a(lib_a-memcpy-stub.o)
 .ARM.attributes
                0x0000000000000160       0x2c ../../../../newlib/cortex-m/libc.a(lib_a-memset.o)
 .ARM.attributes
                0x000000000000018c       0x2c ../../../../newlib/cortex-m/libc.a(lib_a-nano-freer.o)
 .ARM.attributes
                0x00000000000001b8       0x2c ../../../../newlib/cortex-m/libc.a(lib_a-nano-mallocr.o)
 .ARM.attributes
                0x00000000000001e4       0x2c ../../../../newlib/cortex-m/libc.a(lib_a-printf.o)
 .ARM.attributes
                0x0000000000000210       0x2c ../../../../newlib/cortex-m/libc.a(lib_a-sbrkr.o)
 .ARM.attributes
                0x000000000000023c       0x1c ../../../../newlib/cortex-m/libc.a(lib_a-strlen.o)
 .ARM.attributes
                0x0000000000000258       0x2c ../../../../newlib/cortex-m/libc.a(lib_a-findfp.o)
 .ARM.attributes
                0x0000000000000284       0x2c ../../../../newlib/cortex-m/libc.a(lib_a-fwalk.o)
 .ARM.attributes
                0x00000000000002b0       0x2c ../../../../newlib/cortex-m/libc.a(lib_a-mlock.o)
 .ARM.attributes
                0x00000000000002dc       0x2c ../../../../newlib/cortex-m/libc.a(lib_a-nano-vfprintf.o)
 .ARM.attributes
                0x0000000000000308       0x2c ../../../../newlib/cortex-m/libc.a(lib_a-reent.o)
 .ARM.attributes
                0x0000000000000334       0x2c ../../../../newlib/cortex-m/libc.a(lib_a-stdio.o)
 .ARM.attributes
                0x0000000000000360       0x2c ../../../../newlib/cortex-m/libc.a(lib_a-wbuf.o)
 .ARM.attributes
                0x000000000000038c       0x2c ../../../../newlib/cortex-m/libc.a(lib_a-writer.o)
 .ARM.attributes
                0x00000000000003b8       0x2c ../../../../newlib/cortex-m/libc.a(lib_a-wsetup.o)
 .ARM.attributes
                0x00000000000003e4       0x2c ../../../../newlib/cortex-m/libc.a(lib_a-closer.o)
 .ARM.attributes
                0x0000000000000410       0x2c ../../../../newlib/cortex-m/libc.a(lib_a-fflush.o)
 .ARM.attributes
                0x000000000000043c       0x2c ../../../../newlib/cortex-m/libc.a(lib_a-fvwrite.o)
 .ARM.attributes
                0x0000000000000468       0x2c ../../../../newlib/cortex-m/libc.a(lib_a-lseekr.o)
 .ARM.attributes
                0x0000000000000494       0x2c ../../../../newlib/cortex-m/libc.a(lib_a-makebuf.o)
 .ARM.attributes
                0x00000000000004c0       0x2c ../../../../newlib/cortex-m/libc.a(lib_a-memchr-stub.o)
 .ARM.attributes
                0x00000000000004ec       0x2c ../../../../newlib/cortex-m/libc.a(lib_a-memmove.o)
 .ARM.attributes
                0x0000000000000518       0x2c ../../../../newlib/cortex-m/libc.a(lib_a-nano-reallocr.o)
 .ARM.attributes
                0x0000000000000544       0x2c ../../../../newlib/cortex-m/libc.a(lib_a-nano-vfprintf_i.o)
 .ARM.attributes
                0x0000000000000570       0x2c ../../../../newlib/cortex-m/libc.a(lib_a-readr.o)
 .ARM.attributes
                0x000000000000059c       0x2c ../../../../newlib/cortex-m/libc.a(lib_a-fstatr.o)
 .ARM.attributes
                0x00000000000005c8       0x2c ../../../../newlib/cortex-m/libc.a(lib_a-isattyr.o)
 .ARM.attributes
                0x00000000000005f4       0x2c ../../../../newlib/cortex-m/libc.a(lib_a-nano-msizer.o)
 .ARM.attributes
                0x0000000000000620       0x23 ../../../../libc++/cortex-m/libgcc.a(_thumb1_case_uqi.o)
 .ARM.attributes
                0x0000000000000643       0x23 ../../../../libc++/cortex-m/libgcc.a(_udivsi3.o)
 .ARM.attributes
                0x0000000000000666       0x23 ../../../../libc++/cortex-m/libgcc.a(_divsi3.o)
 .ARM.attributes
                0x0000000000000689       0x23 ../../../../libc++/cortex-m/libgcc.a(_dvmd_tls.o)
 .ARM.attributes
                0x00000000000006ac       0x2c ../../../../libtock/build/cortex-m0/libtock.a(sys.o)
 .ARM.attributes
                0x00000000000006d8       0x2c ../../../../libtock/build/cortex-m0/libtock.a(console.o)
 .ARM.attributes
                0x0000000000000704       0x2c ../../../../newlib/cortex-m/libc.a(lib_a-errno.o)
 .ARM.attributes
                0x0000000000000730       0x2c ../../../../newlib/cortex-m/libc.a(lib_a-strncpy.o)

.debug_info     0x0000000000000000    0x1dbe2
 .debug_info    0x0000000000000000      0xb93 build/cortex-m0/main.o
 .debug_info    0x0000000000000b93      0xd43 ../../../../libtock/build/cortex-m0/libtock.a(crt0.o)
 .debug_info    0x00000000000018d6      0xdf7 ../../../../libtock/build/cortex-m0/libtock.a(ipc.o)
 .debug_info    0x00000000000026cd     0x1207 ../../../../libtock/build/cortex-m0/libtock.a(tock.o)
 .debug_info    0x00000000000038d4      0x959 ../../../../newlib/cortex-m/libc.a(lib_a-exit.o)
 .debug_info    0x000000000000422d      0x8ab ../../../../newlib/cortex-m/libc.a(lib_a-impure.o)
 .debug_info    0x0000000000004ad8      0x928 ../../../../newlib/cortex-m/libc.a(lib_a-malloc.o)
 .debug_info    0x0000000000005400      0x916 ../../../../newlib/cortex-m/libc.a(lib_a-memcpy-stub.o)
 .debug_info    0x0000000000005d16      0xde0 ../../../../newlib/cortex-m/libc.a(lib_a-memset.o)
 .debug_info    0x0000000000006af6      0xb0c ../../../../newlib/cortex-m/libc.a(lib_a-nano-freer.o)
 .debug_info    0x0000000000007602      0xbb2 ../../../../newlib/cortex-m/libc.a(lib_a-nano-mallocr.o)
 .debug_info    0x00000000000081b4      0xbbb ../../../../newlib/cortex-m/libc.a(lib_a-printf.o)
 .debug_info    0x0000000000008d6f      0x960 ../../../../newlib/cortex-m/libc.a(lib_a-sbrkr.o)
 .debug_info    0x00000000000096cf       0xf6 ../../../../newlib/cortex-m/libc.a(lib_a-strlen.o)
 .debug_info    0x00000000000097c5      0xf6d ../../../../newlib/cortex-m/libc.a(lib_a-findfp.o)
 .debug_info    0x000000000000a732      0xbd6 ../../../../newlib/cortex-m/libc.a(lib_a-fwalk.o)
 .debug_info    0x000000000000b308      0x8de ../../../../newlib/cortex-m/libc.a(lib_a-mlock.o)
 .debug_info    0x000000000000bbe6     0x15cc ../../../../newlib/cortex-m/libc.a(lib_a-nano-vfprintf.o)
 .debug_info    0x000000000000d1b2      0xa67 ../../../../newlib/cortex-m/libc.a(lib_a-reent.o)
 .debug_info    0x000000000000dc19      0xd5b ../../../../newlib/cortex-m/libc.a(lib_a-stdio.o)
 .debug_info    0x000000000000e974      0xbdb ../../../../newlib/cortex-m/libc.a(lib_a-wbuf.o)
 .debug_info    0x000000000000f54f      0x9a3 ../../../../newlib/cortex-m/libc.a(lib_a-writer.o)
 .debug_info    0x000000000000fef2      0xb53 ../../../../newlib/cortex-m/libc.a(lib_a-wsetup.o)
 .debug_info    0x0000000000010a45      0x956 ../../../../newlib/cortex-m/libc.a(lib_a-closer.o)
 .debug_info    0x000000000001139b      0xc9b ../../../../newlib/cortex-m/libc.a(lib_a-fflush.o)
 .debug_info    0x0000000000012036      0xe14 ../../../../newlib/cortex-m/libc.a(lib_a-fvwrite.o)
 .debug_info    0x0000000000012e4a      0x986 ../../../../newlib/cortex-m/libc.a(lib_a-lseekr.o)
 .debug_info    0x00000000000137d0      0xe3f ../../../../newlib/cortex-m/libc.a(lib_a-makebuf.o)
 .debug_info    0x000000000001460f      0x908 ../../../../newlib/cortex-m/libc.a(lib_a-memchr-stub.o)
 .debug_info    0x0000000000014f17      0xdfe ../../../../newlib/cortex-m/libc.a(lib_a-memmove.o)
 .debug_info    0x0000000000015d15      0xabe ../../../../newlib/cortex-m/libc.a(lib_a-nano-reallocr.o)
 .debug_info    0x00000000000167d3     0x1447 ../../../../newlib/cortex-m/libc.a(lib_a-nano-vfprintf_i.o)
 .debug_info    0x0000000000017c1a      0x99c ../../../../newlib/cortex-m/libc.a(lib_a-readr.o)
 .debug_info    0x00000000000185b6      0xb68 ../../../../newlib/cortex-m/libc.a(lib_a-fstatr.o)
 .debug_info    0x000000000001911e      0x956 ../../../../newlib/cortex-m/libc.a(lib_a-isattyr.o)
 .debug_info    0x0000000000019a74      0xa02 ../../../../newlib/cortex-m/libc.a(lib_a-nano-msizer.o)
 .debug_info    0x000000000001a476       0xae ../../../../libc++/cortex-m/libgcc.a(_thumb1_case_uqi.o)
 .debug_info    0x000000000001a524       0xae ../../../../libc++/cortex-m/libgcc.a(_udivsi3.o)
 .debug_info    0x000000000001a5d2       0xae ../../../../libc++/cortex-m/libgcc.a(_divsi3.o)
 .debug_info    0x000000000001a680       0xae ../../../../libc++/cortex-m/libgcc.a(_dvmd_tls.o)
 .debug_info    0x000000000001a72e     0x106f ../../../../libtock/build/cortex-m0/libtock.a(sys.o)
 .debug_info    0x000000000001b79d     0x1273 ../../../../libtock/build/cortex-m0/libtock.a(console.o)
 .debug_info    0x000000000001ca10      0x8d2 ../../../../newlib/cortex-m/libc.a(lib_a-errno.o)
 .debug_info    0x000000000001d2e2      0x900 ../../../../newlib/cortex-m/libc.a(lib_a-strncpy.o)

.debug_abbrev   0x0000000000000000     0x53d1
 .debug_abbrev  0x0000000000000000      0x23c build/cortex-m0/main.o
 .debug_abbrev  0x000000000000023c      0x2c1 ../../../../libtock/build/cortex-m0/libtock.a(crt0.o)
 .debug_abbrev  0x00000000000004fd      0x24d ../../../../libtock/build/cortex-m0/libtock.a(ipc.o)
 .debug_abbrev  0x000000000000074a      0x337 ../../../../libtock/build/cortex-m0/libtock.a(tock.o)
 .debug_abbrev  0x0000000000000a81      0x1cd ../../../../newlib/cortex-m/libc.a(lib_a-exit.o)
 .debug_abbrev  0x0000000000000c4e      0x15c ../../../../newlib/cortex-m/libc.a(lib_a-impure.o)
 .debug_abbrev  0x0000000000000daa      0x1c6 ../../../../newlib/cortex-m/libc.a(lib_a-malloc.o)
 .debug_abbrev  0x0000000000000f70      0x1ac ../../../../newlib/cortex-m/libc.a(lib_a-memcpy-stub.o)
 .debug_abbrev  0x000000000000111c      0x197 ../../../../newlib/cortex-m/libc.a(lib_a-memset.o)
 .debug_abbrev  0x00000000000012b3      0x275 ../../../../newlib/cortex-m/libc.a(lib_a-nano-freer.o)
 .debug_abbrev  0x0000000000001528      0x2c7 ../../../../newlib/cortex-m/libc.a(lib_a-nano-mallocr.o)
 .debug_abbrev  0x00000000000017ef      0x24d ../../../../newlib/cortex-m/libc.a(lib_a-printf.o)
 .debug_abbrev  0x0000000000001a3c      0x1df ../../../../newlib/cortex-m/libc.a(lib_a-sbrkr.o)
 .debug_abbrev  0x0000000000001c1b       0x14 ../../../../newlib/cortex-m/libc.a(lib_a-strlen.o)
 .debug_abbrev  0x0000000000001c2f      0x32c ../../../../newlib/cortex-m/libc.a(lib_a-findfp.o)
 .debug_abbrev  0x0000000000001f5b      0x1ef ../../../../newlib/cortex-m/libc.a(lib_a-fwalk.o)
 .debug_abbrev  0x000000000000214a      0x19d ../../../../newlib/cortex-m/libc.a(lib_a-mlock.o)
 .debug_abbrev  0x00000000000022e7      0x2c2 ../../../../newlib/cortex-m/libc.a(lib_a-nano-vfprintf.o)
 .debug_abbrev  0x00000000000025a9      0x221 ../../../../newlib/cortex-m/libc.a(lib_a-reent.o)
 .debug_abbrev  0x00000000000027ca      0x225 ../../../../newlib/cortex-m/libc.a(lib_a-stdio.o)
 .debug_abbrev  0x00000000000029ef      0x233 ../../../../newlib/cortex-m/libc.a(lib_a-wbuf.o)
 .debug_abbrev  0x0000000000002c22      0x1e1 ../../../../newlib/cortex-m/libc.a(lib_a-writer.o)
 .debug_abbrev  0x0000000000002e03      0x208 ../../../../newlib/cortex-m/libc.a(lib_a-wsetup.o)
 .debug_abbrev  0x000000000000300b      0x1da ../../../../newlib/cortex-m/libc.a(lib_a-closer.o)
 .debug_abbrev  0x00000000000031e5      0x29d ../../../../newlib/cortex-m/libc.a(lib_a-fflush.o)
 .debug_abbrev  0x0000000000003482      0x237 ../../../../newlib/cortex-m/libc.a(lib_a-fvwrite.o)
 .debug_abbrev  0x00000000000036b9      0x1eb ../../../../newlib/cortex-m/libc.a(lib_a-lseekr.o)
 .debug_abbrev  0x00000000000038a4      0x2a3 ../../../../newlib/cortex-m/libc.a(lib_a-makebuf.o)
 .debug_abbrev  0x0000000000003b47      0x1a5 ../../../../newlib/cortex-m/libc.a(lib_a-memchr-stub.o)
 .debug_abbrev  0x0000000000003cec      0x19c ../../../../newlib/cortex-m/libc.a(lib_a-memmove.o)
 .debug_abbrev  0x0000000000003e88      0x1f4 ../../../../newlib/cortex-m/libc.a(lib_a-nano-reallocr.o)
 .debug_abbrev  0x000000000000407c      0x2aa ../../../../newlib/cortex-m/libc.a(lib_a-nano-vfprintf_i.o)
 .debug_abbrev  0x0000000000004326      0x1dc ../../../../newlib/cortex-m/libc.a(lib_a-readr.o)
 .debug_abbrev  0x0000000000004502      0x1e9 ../../../../newlib/cortex-m/libc.a(lib_a-fstatr.o)
 .debug_abbrev  0x00000000000046eb      0x1da ../../../../newlib/cortex-m/libc.a(lib_a-isattyr.o)
 .debug_abbrev  0x00000000000048c5      0x1b4 ../../../../newlib/cortex-m/libc.a(lib_a-nano-msizer.o)
 .debug_abbrev  0x0000000000004a79       0x14 ../../../../libc++/cortex-m/libgcc.a(_thumb1_case_uqi.o)
 .debug_abbrev  0x0000000000004a8d       0x14 ../../../../libc++/cortex-m/libgcc.a(_udivsi3.o)
 .debug_abbrev  0x0000000000004aa1       0x14 ../../../../libc++/cortex-m/libgcc.a(_divsi3.o)
 .debug_abbrev  0x0000000000004ab5       0x14 ../../../../libc++/cortex-m/libgcc.a(_dvmd_tls.o)
 .debug_abbrev  0x0000000000004ac9      0x2cf ../../../../libtock/build/cortex-m0/libtock.a(sys.o)
 .debug_abbrev  0x0000000000004d98      0x32b ../../../../libtock/build/cortex-m0/libtock.a(console.o)
 .debug_abbrev  0x00000000000050c3      0x178 ../../../../newlib/cortex-m/libc.a(lib_a-errno.o)
 .debug_abbrev  0x000000000000523b      0x196 ../../../../newlib/cortex-m/libc.a(lib_a-strncpy.o)

.debug_loc      0x0000000000000000     0x4165
 .debug_loc     0x0000000000000000      0x11e build/cortex-m0/main.o
 .debug_loc     0x000000000000011e      0x1da ../../../../libtock/build/cortex-m0/libtock.a(crt0.o)
 .debug_loc     0x00000000000002f8      0x3c7 ../../../../libtock/build/cortex-m0/libtock.a(ipc.o)
 .debug_loc     0x00000000000006bf      0x591 ../../../../libtock/build/cortex-m0/libtock.a(tock.o)
 .debug_loc     0x0000000000000c50       0x1e ../../../../newlib/cortex-m/libc.a(lib_a-exit.o)
 .debug_loc     0x0000000000000c6e       0x58 ../../../../newlib/cortex-m/libc.a(lib_a-malloc.o)
 .debug_loc     0x0000000000000cc6       0xbe ../../../../newlib/cortex-m/libc.a(lib_a-memcpy-stub.o)
 .debug_loc     0x0000000000000d84       0x72 ../../../../newlib/cortex-m/libc.a(lib_a-memset.o)
 .debug_loc     0x0000000000000df6       0xe8 ../../../../newlib/cortex-m/libc.a(lib_a-nano-freer.o)
 .debug_loc     0x0000000000000ede      0x222 ../../../../newlib/cortex-m/libc.a(lib_a-nano-mallocr.o)
 .debug_loc     0x0000000000001100       0x3f ../../../../newlib/cortex-m/libc.a(lib_a-printf.o)
 .debug_loc     0x000000000000113f       0x4d ../../../../newlib/cortex-m/libc.a(lib_a-sbrkr.o)
 .debug_loc     0x000000000000118c      0x211 ../../../../newlib/cortex-m/libc.a(lib_a-findfp.o)
 .debug_loc     0x000000000000139d      0x199 ../../../../newlib/cortex-m/libc.a(lib_a-fwalk.o)
 .debug_loc     0x0000000000001536      0x556 ../../../../newlib/cortex-m/libc.a(lib_a-nano-vfprintf.o)
 .debug_loc     0x0000000000001a8c       0xcb ../../../../newlib/cortex-m/libc.a(lib_a-reent.o)
 .debug_loc     0x0000000000001b57      0x302 ../../../../newlib/cortex-m/libc.a(lib_a-stdio.o)
 .debug_loc     0x0000000000001e59      0x128 ../../../../newlib/cortex-m/libc.a(lib_a-wbuf.o)
 .debug_loc     0x0000000000001f81       0xa5 ../../../../newlib/cortex-m/libc.a(lib_a-writer.o)
 .debug_loc     0x0000000000002026       0x7e ../../../../newlib/cortex-m/libc.a(lib_a-wsetup.o)
 .debug_loc     0x00000000000020a4       0x4d ../../../../newlib/cortex-m/libc.a(lib_a-closer.o)
 .debug_loc     0x00000000000020f1      0x2ab ../../../../newlib/cortex-m/libc.a(lib_a-fflush.o)
 .debug_loc     0x000000000000239c      0x5f2 ../../../../newlib/cortex-m/libc.a(lib_a-fvwrite.o)
 .debug_loc     0x000000000000298e       0xa5 ../../../../newlib/cortex-m/libc.a(lib_a-lseekr.o)
 .debug_loc     0x0000000000002a33      0x213 ../../../../newlib/cortex-m/libc.a(lib_a-makebuf.o)
 .debug_loc     0x0000000000002c46       0xb4 ../../../../newlib/cortex-m/libc.a(lib_a-memchr-stub.o)
 .debug_loc     0x0000000000002cfa       0xe7 ../../../../newlib/cortex-m/libc.a(lib_a-memmove.o)
 .debug_loc     0x0000000000002de1      0x13c ../../../../newlib/cortex-m/libc.a(lib_a-nano-reallocr.o)
 .debug_loc     0x0000000000002f1d      0x5bb ../../../../newlib/cortex-m/libc.a(lib_a-nano-vfprintf_i.o)
 .debug_loc     0x00000000000034d8       0xa5 ../../../../newlib/cortex-m/libc.a(lib_a-readr.o)
 .debug_loc     0x000000000000357d       0x79 ../../../../newlib/cortex-m/libc.a(lib_a-fstatr.o)
 .debug_loc     0x00000000000035f6       0x4d ../../../../newlib/cortex-m/libc.a(lib_a-isattyr.o)
 .debug_loc     0x0000000000003643       0x7d ../../../../newlib/cortex-m/libc.a(lib_a-nano-msizer.o)
 .debug_loc     0x00000000000036c0      0x26a ../../../../libtock/build/cortex-m0/libtock.a(sys.o)
 .debug_loc     0x000000000000392a      0x72c ../../../../libtock/build/cortex-m0/libtock.a(console.o)
 .debug_loc     0x0000000000004056      0x10f ../../../../newlib/cortex-m/libc.a(lib_a-strncpy.o)

.debug_aranges  0x0000000000000000      0x798
 .debug_aranges
                0x0000000000000000       0x28 build/cortex-m0/main.o
 .debug_aranges
                0x0000000000000028       0x28 ../../../../libtock/build/cortex-m0/libtock.a(crt0.o)
 .debug_aranges
                0x0000000000000050       0x48 ../../../../libtock/build/cortex-m0/libtock.a(ipc.o)
 .debug_aranges
                0x0000000000000098       0xa8 ../../../../libtock/build/cortex-m0/libtock.a(tock.o)
 .debug_aranges
                0x0000000000000140       0x20 ../../../../newlib/cortex-m/libc.a(lib_a-exit.o)
 .debug_aranges
                0x0000000000000160       0x18 ../../../../newlib/cortex-m/libc.a(lib_a-impure.o)
 .debug_aranges
                0x0000000000000178       0x28 ../../../../newlib/cortex-m/libc.a(lib_a-malloc.o)
 .debug_aranges
                0x00000000000001a0       0x20 ../../../../newlib/cortex-m/libc.a(lib_a-memcpy-stub.o)
 .debug_aranges
                0x00000000000001c0       0x20 ../../../../newlib/cortex-m/libc.a(lib_a-memset.o)
 .debug_aranges
                0x00000000000001e0       0x20 ../../../../newlib/cortex-m/libc.a(lib_a-nano-freer.o)
 .debug_aranges
                0x0000000000000200       0x20 ../../../../newlib/cortex-m/libc.a(lib_a-nano-mallocr.o)
 .debug_aranges
                0x0000000000000220       0x28 ../../../../newlib/cortex-m/libc.a(lib_a-printf.o)
 .debug_aranges
                0x0000000000000248       0x20 ../../../../newlib/cortex-m/libc.a(lib_a-sbrkr.o)
 .debug_aranges
                0x0000000000000268       0x20 ../../../../newlib/cortex-m/libc.a(lib_a-strlen.o)
 .debug_aranges
                0x0000000000000288       0x68 ../../../../newlib/cortex-m/libc.a(lib_a-findfp.o)
 .debug_aranges
                0x00000000000002f0       0x28 ../../../../newlib/cortex-m/libc.a(lib_a-fwalk.o)
 .debug_aranges
                0x0000000000000318       0x20 ../../../../newlib/cortex-m/libc.a(lib_a-mlock.o)
 .debug_aranges
                0x0000000000000338       0x40 ../../../../newlib/cortex-m/libc.a(lib_a-nano-vfprintf.o)
 .debug_aranges
                0x0000000000000378       0x28 ../../../../newlib/cortex-m/libc.a(lib_a-reent.o)
 .debug_aranges
                0x00000000000003a0       0x40 ../../../../newlib/cortex-m/libc.a(lib_a-stdio.o)
 .debug_aranges
                0x00000000000003e0       0x28 ../../../../newlib/cortex-m/libc.a(lib_a-wbuf.o)
 .debug_aranges
                0x0000000000000408       0x20 ../../../../newlib/cortex-m/libc.a(lib_a-writer.o)
 .debug_aranges
                0x0000000000000428       0x20 ../../../../newlib/cortex-m/libc.a(lib_a-wsetup.o)
 .debug_aranges
                0x0000000000000448       0x20 ../../../../newlib/cortex-m/libc.a(lib_a-closer.o)
 .debug_aranges
                0x0000000000000468       0x30 ../../../../newlib/cortex-m/libc.a(lib_a-fflush.o)
 .debug_aranges
                0x0000000000000498       0x20 ../../../../newlib/cortex-m/libc.a(lib_a-fvwrite.o)
 .debug_aranges
                0x00000000000004b8       0x20 ../../../../newlib/cortex-m/libc.a(lib_a-lseekr.o)
 .debug_aranges
                0x00000000000004d8       0x28 ../../../../newlib/cortex-m/libc.a(lib_a-makebuf.o)
 .debug_aranges
                0x0000000000000500       0x20 ../../../../newlib/cortex-m/libc.a(lib_a-memchr-stub.o)
 .debug_aranges
                0x0000000000000520       0x20 ../../../../newlib/cortex-m/libc.a(lib_a-memmove.o)
 .debug_aranges
                0x0000000000000540       0x20 ../../../../newlib/cortex-m/libc.a(lib_a-nano-reallocr.o)
 .debug_aranges
                0x0000000000000560       0x28 ../../../../newlib/cortex-m/libc.a(lib_a-nano-vfprintf_i.o)
 .debug_aranges
                0x0000000000000588       0x20 ../../../../newlib/cortex-m/libc.a(lib_a-readr.o)
 .debug_aranges
                0x00000000000005a8       0x20 ../../../../newlib/cortex-m/libc.a(lib_a-fstatr.o)
 .debug_aranges
                0x00000000000005c8       0x20 ../../../../newlib/cortex-m/libc.a(lib_a-isattyr.o)
 .debug_aranges
                0x00000000000005e8       0x20 ../../../../newlib/cortex-m/libc.a(lib_a-nano-msizer.o)
 .debug_aranges
                0x0000000000000608       0x20 ../../../../libc++/cortex-m/libgcc.a(_thumb1_case_uqi.o)
 .debug_aranges
                0x0000000000000628       0x20 ../../../../libc++/cortex-m/libgcc.a(_udivsi3.o)
 .debug_aranges
                0x0000000000000648       0x20 ../../../../libc++/cortex-m/libgcc.a(_divsi3.o)
 .debug_aranges
                0x0000000000000668       0x20 ../../../../libc++/cortex-m/libgcc.a(_dvmd_tls.o)
 .debug_aranges
                0x0000000000000688       0x78 ../../../../libtock/build/cortex-m0/libtock.a(sys.o)
 .debug_aranges
                0x0000000000000700       0x58 ../../../../libtock/build/cortex-m0/libtock.a(console.o)
 .debug_aranges
                0x0000000000000758       0x20 ../../../../newlib/cortex-m/libc.a(lib_a-errno.o)
 .debug_aranges
                0x0000000000000778       0x20 ../../../../newlib/cortex-m/libc.a(lib_a-strncpy.o)

.debug_ranges   0x0000000000000000      0x710
 .debug_ranges  0x0000000000000000       0x18 build/cortex-m0/main.o
 .debug_ranges  0x0000000000000018       0x78 ../../../../libtock/build/cortex-m0/libtock.a(crt0.o)
 .debug_ranges  0x0000000000000090       0x38 ../../../../libtock/build/cortex-m0/libtock.a(ipc.o)
 .debug_ranges  0x00000000000000c8       0x98 ../../../../libtock/build/cortex-m0/libtock.a(tock.o)
 .debug_ranges  0x0000000000000160       0x10 ../../../../newlib/cortex-m/libc.a(lib_a-exit.o)
 .debug_ranges  0x0000000000000170       0x18 ../../../../newlib/cortex-m/libc.a(lib_a-malloc.o)
 .debug_ranges  0x0000000000000188       0x10 ../../../../newlib/cortex-m/libc.a(lib_a-memcpy-stub.o)
 .debug_ranges  0x0000000000000198       0x10 ../../../../newlib/cortex-m/libc.a(lib_a-memset.o)
 .debug_ranges  0x00000000000001a8       0x28 ../../../../newlib/cortex-m/libc.a(lib_a-nano-freer.o)
 .debug_ranges  0x00000000000001d0       0x60 ../../../../newlib/cortex-m/libc.a(lib_a-nano-mallocr.o)
 .debug_ranges  0x0000000000000230       0x18 ../../../../newlib/cortex-m/libc.a(lib_a-printf.o)
 .debug_ranges  0x0000000000000248       0x10 ../../../../newlib/cortex-m/libc.a(lib_a-sbrkr.o)
 .debug_ranges  0x0000000000000258       0x58 ../../../../newlib/cortex-m/libc.a(lib_a-findfp.o)
 .debug_ranges  0x00000000000002b0       0x18 ../../../../newlib/cortex-m/libc.a(lib_a-fwalk.o)
 .debug_ranges  0x00000000000002c8       0x10 ../../../../newlib/cortex-m/libc.a(lib_a-mlock.o)
 .debug_ranges  0x00000000000002d8       0x48 ../../../../newlib/cortex-m/libc.a(lib_a-nano-vfprintf.o)
 .debug_ranges  0x0000000000000320       0x48 ../../../../newlib/cortex-m/libc.a(lib_a-reent.o)
 .debug_ranges  0x0000000000000368       0x30 ../../../../newlib/cortex-m/libc.a(lib_a-stdio.o)
 .debug_ranges  0x0000000000000398       0x30 ../../../../newlib/cortex-m/libc.a(lib_a-wbuf.o)
 .debug_ranges  0x00000000000003c8       0x10 ../../../../newlib/cortex-m/libc.a(lib_a-writer.o)
 .debug_ranges  0x00000000000003d8       0x40 ../../../../newlib/cortex-m/libc.a(lib_a-wsetup.o)
 .debug_ranges  0x0000000000000418       0x28 ../../../../newlib/cortex-m/libc.a(lib_a-closer.o)
 .debug_ranges  0x0000000000000440       0x68 ../../../../newlib/cortex-m/libc.a(lib_a-fflush.o)
 .debug_ranges  0x00000000000004a8       0x30 ../../../../newlib/cortex-m/libc.a(lib_a-fvwrite.o)
 .debug_ranges  0x00000000000004d8       0x10 ../../../../newlib/cortex-m/libc.a(lib_a-lseekr.o)
 .debug_ranges  0x00000000000004e8       0x30 ../../../../newlib/cortex-m/libc.a(lib_a-makebuf.o)
 .debug_ranges  0x0000000000000518       0x10 ../../../../newlib/cortex-m/libc.a(lib_a-memchr-stub.o)
 .debug_ranges  0x0000000000000528       0x10 ../../../../newlib/cortex-m/libc.a(lib_a-memmove.o)
 .debug_ranges  0x0000000000000538       0x10 ../../../../newlib/cortex-m/libc.a(lib_a-nano-reallocr.o)
 .debug_ranges  0x0000000000000548       0x88 ../../../../newlib/cortex-m/libc.a(lib_a-nano-vfprintf_i.o)
 .debug_ranges  0x00000000000005d0       0x10 ../../../../newlib/cortex-m/libc.a(lib_a-readr.o)
 .debug_ranges  0x00000000000005e0       0x28 ../../../../newlib/cortex-m/libc.a(lib_a-fstatr.o)
 .debug_ranges  0x0000000000000608       0x28 ../../../../newlib/cortex-m/libc.a(lib_a-isattyr.o)
 .debug_ranges  0x0000000000000630       0x10 ../../../../newlib/cortex-m/libc.a(lib_a-nano-msizer.o)
 .debug_ranges  0x0000000000000640       0x68 ../../../../libtock/build/cortex-m0/libtock.a(sys.o)
 .debug_ranges  0x00000000000006a8       0x48 ../../../../libtock/build/cortex-m0/libtock.a(console.o)
 .debug_ranges  0x00000000000006f0       0x10 ../../../../newlib/cortex-m/libc.a(lib_a-errno.o)
 .debug_ranges  0x0000000000000700       0x10 ../../../../newlib/cortex-m/libc.a(lib_a-strncpy.o)

.debug_line     0x0000000000000000     0x5a96
 .debug_line    0x0000000000000000      0x26d build/cortex-m0/main.o
 .debug_line    0x000000000000026d      0x2c7 ../../../../libtock/build/cortex-m0/libtock.a(crt0.o)
 .debug_line    0x0000000000000534      0x2a2 ../../../../libtock/build/cortex-m0/libtock.a(ipc.o)
 .debug_line    0x00000000000007d6      0x562 ../../../../libtock/build/cortex-m0/libtock.a(tock.o)
 .debug_line    0x0000000000000d38      0x1a4 ../../../../newlib/cortex-m/libc.a(lib_a-exit.o)
 .debug_line    0x0000000000000edc      0x119 ../../../../newlib/cortex-m/libc.a(lib_a-impure.o)
 .debug_line    0x0000000000000ff5      0x1be ../../../../newlib/cortex-m/libc.a(lib_a-malloc.o)
 .debug_line    0x00000000000011b3      0x1b1 ../../../../newlib/cortex-m/libc.a(lib_a-memcpy-stub.o)
 .debug_line    0x0000000000001364      0x216 ../../../../newlib/cortex-m/libc.a(lib_a-memset.o)
 .debug_line    0x000000000000157a      0x17a ../../../../newlib/cortex-m/libc.a(lib_a-nano-freer.o)
 .debug_line    0x00000000000016f4      0x1f3 ../../../../newlib/cortex-m/libc.a(lib_a-nano-mallocr.o)
 .debug_line    0x00000000000018e7      0x205 ../../../../newlib/cortex-m/libc.a(lib_a-printf.o)
 .debug_line    0x0000000000001aec      0x1ab ../../../../newlib/cortex-m/libc.a(lib_a-sbrkr.o)
 .debug_line    0x0000000000001c97       0x8b ../../../../newlib/cortex-m/libc.a(lib_a-strlen.o)
 .debug_line    0x0000000000001d22      0x303 ../../../../newlib/cortex-m/libc.a(lib_a-findfp.o)
 .debug_line    0x0000000000002025      0x22b ../../../../newlib/cortex-m/libc.a(lib_a-fwalk.o)
 .debug_line    0x0000000000002250      0x129 ../../../../newlib/cortex-m/libc.a(lib_a-mlock.o)
 .debug_line    0x0000000000002379      0x443 ../../../../newlib/cortex-m/libc.a(lib_a-nano-vfprintf.o)
 .debug_line    0x00000000000027bc      0x1d5 ../../../../newlib/cortex-m/libc.a(lib_a-reent.o)
 .debug_line    0x0000000000002991      0x235 ../../../../newlib/cortex-m/libc.a(lib_a-stdio.o)
 .debug_line    0x0000000000002bc6      0x241 ../../../../newlib/cortex-m/libc.a(lib_a-wbuf.o)
 .debug_line    0x0000000000002e07      0x1a8 ../../../../newlib/cortex-m/libc.a(lib_a-writer.o)
 .debug_line    0x0000000000002faf      0x234 ../../../../newlib/cortex-m/libc.a(lib_a-wsetup.o)
 .debug_line    0x00000000000031e3      0x1ac ../../../../newlib/cortex-m/libc.a(lib_a-closer.o)
 .debug_line    0x000000000000338f      0x2b2 ../../../../newlib/cortex-m/libc.a(lib_a-fflush.o)
 .debug_line    0x0000000000003641      0x2c3 ../../../../newlib/cortex-m/libc.a(lib_a-fvwrite.o)
 .debug_line    0x0000000000003904      0x1a8 ../../../../newlib/cortex-m/libc.a(lib_a-lseekr.o)
 .debug_line    0x0000000000003aac      0x2be ../../../../newlib/cortex-m/libc.a(lib_a-makebuf.o)
 .debug_line    0x0000000000003d6a      0x1b1 ../../../../newlib/cortex-m/libc.a(lib_a-memchr-stub.o)
 .debug_line    0x0000000000003f1b      0x226 ../../../../newlib/cortex-m/libc.a(lib_a-memmove.o)
 .debug_line    0x0000000000004141      0x1b9 ../../../../newlib/cortex-m/libc.a(lib_a-nano-reallocr.o)
 .debug_line    0x00000000000042fa      0x439 ../../../../newlib/cortex-m/libc.a(lib_a-nano-vfprintf_i.o)
 .debug_line    0x0000000000004733      0x1a7 ../../../../newlib/cortex-m/libc.a(lib_a-readr.o)
 .debug_line    0x00000000000048da      0x24f ../../../../newlib/cortex-m/libc.a(lib_a-fstatr.o)
 .debug_line    0x0000000000004b29      0x1ad ../../../../newlib/cortex-m/libc.a(lib_a-isattyr.o)
 .debug_line    0x0000000000004cd6      0x13f ../../../../newlib/cortex-m/libc.a(lib_a-nano-msizer.o)
 .debug_line    0x0000000000004e15       0x69 ../../../../libc++/cortex-m/libgcc.a(_thumb1_case_uqi.o)
 .debug_line    0x0000000000004e7e       0x78 ../../../../libc++/cortex-m/libgcc.a(_udivsi3.o)
 .debug_line    0x0000000000004ef6       0x86 ../../../../libc++/cortex-m/libgcc.a(_divsi3.o)
 .debug_line    0x0000000000004f7c       0x61 ../../../../libc++/cortex-m/libgcc.a(_dvmd_tls.o)
 .debug_line    0x0000000000004fdd      0x3a6 ../../../../libtock/build/cortex-m0/libtock.a(sys.o)
 .debug_line    0x0000000000005383      0x43c ../../../../libtock/build/cortex-m0/libtock.a(console.o)
 .debug_line    0x00000000000057bf      0x136 ../../../../newlib/cortex-m/libc.a(lib_a-errno.o)
 .debug_line    0x00000000000058f5      0x1a1 ../../../../newlib/cortex-m/libc.a(lib_a-strncpy.o)

.debug_str      0x0000000000000000     0x21d0
 .debug_str     0x0000000000000000      0x594 build/cortex-m0/main.o
                                        0x678 (size before relaxing)
 .debug_str     0x0000000000000594      0x137 ../../../../libtock/build/cortex-m0/libtock.a(crt0.o)
                                        0x72b (size before relaxing)
 .debug_str     0x00000000000006cb       0x9a ../../../../libtock/build/cortex-m0/libtock.a(ipc.o)
                                        0x6ee (size before relaxing)
 .debug_str     0x0000000000000765      0x1e2 ../../../../libtock/build/cortex-m0/libtock.a(tock.o)
                                        0x84c (size before relaxing)
 .debug_str     0x0000000000000947      0x21d ../../../../newlib/cortex-m/libc.a(lib_a-exit.o)
                                        0x67f (size before relaxing)
 .debug_str     0x0000000000000b64       0xc3 ../../../../newlib/cortex-m/libc.a(lib_a-impure.o)
                                        0x633 (size before relaxing)
 .debug_str     0x0000000000000c27       0x62 ../../../../newlib/cortex-m/libc.a(lib_a-malloc.o)
                                        0x664 (size before relaxing)
 .debug_str     0x0000000000000c89       0xdf ../../../../newlib/cortex-m/libc.a(lib_a-memcpy-stub.o)
                                        0x65d (size before relaxing)
 .debug_str     0x0000000000000d68      0x324 ../../../../newlib/cortex-m/libc.a(lib_a-memset.o)
                                        0x94c (size before relaxing)
 .debug_str     0x000000000000108c      0x147 ../../../../newlib/cortex-m/libc.a(lib_a-nano-freer.o)
                                        0x763 (size before relaxing)
 .debug_str     0x00000000000011d3       0x32 ../../../../newlib/cortex-m/libc.a(lib_a-nano-mallocr.o)
                                        0x77a (size before relaxing)
 .debug_str     0x0000000000001205      0x1ed ../../../../newlib/cortex-m/libc.a(lib_a-printf.o)
                                        0x7ad (size before relaxing)
 .debug_str     0x00000000000013f2       0x57 ../../../../newlib/cortex-m/libc.a(lib_a-sbrkr.o)
                                        0x676 (size before relaxing)
 .debug_str     0x0000000000001449      0x165 ../../../../newlib/cortex-m/libc.a(lib_a-findfp.o)
                                        0x8d7 (size before relaxing)
 .debug_str     0x00000000000015ae       0x51 ../../../../newlib/cortex-m/libc.a(lib_a-fwalk.o)
                                        0x7a9 (size before relaxing)
 .debug_str     0x00000000000015ff       0x5c ../../../../newlib/cortex-m/libc.a(lib_a-mlock.o)
                                        0x65f (size before relaxing)
 .debug_str     0x000000000000165b      0x1d3 ../../../../newlib/cortex-m/libc.a(lib_a-nano-vfprintf.o)
                                        0xc94 (size before relaxing)
 .debug_str     0x000000000000182e       0x6e ../../../../newlib/cortex-m/libc.a(lib_a-reent.o)
                                        0x66f (size before relaxing)
 .debug_str     0x000000000000189c       0xa2 ../../../../newlib/cortex-m/libc.a(lib_a-stdio.o)
                                        0x7fd (size before relaxing)
 .debug_str     0x000000000000193e       0x53 ../../../../newlib/cortex-m/libc.a(lib_a-wbuf.o)
                                        0x7bc (size before relaxing)
 .debug_str     0x0000000000001991       0x43 ../../../../newlib/cortex-m/libc.a(lib_a-writer.o)
                                        0x673 (size before relaxing)
 .debug_str     0x00000000000019d4       0x50 ../../../../newlib/cortex-m/libc.a(lib_a-wsetup.o)
                                        0x7b7 (size before relaxing)
 .debug_str     0x0000000000001a24       0x43 ../../../../newlib/cortex-m/libc.a(lib_a-closer.o)
                                        0x663 (size before relaxing)
 .debug_str     0x0000000000001a67       0x66 ../../../../newlib/cortex-m/libc.a(lib_a-fflush.o)
                                        0x7e5 (size before relaxing)
 .debug_str     0x0000000000001acd       0x75 ../../../../newlib/cortex-m/libc.a(lib_a-fvwrite.o)
                                        0x836 (size before relaxing)
 .debug_str     0x0000000000001b42       0x4a ../../../../newlib/cortex-m/libc.a(lib_a-lseekr.o)
                                        0x671 (size before relaxing)
 .debug_str     0x0000000000001b8c      0x16a ../../../../newlib/cortex-m/libc.a(lib_a-makebuf.o)
                                        0x923 (size before relaxing)
 .debug_str     0x0000000000001cf6       0x61 ../../../../newlib/cortex-m/libc.a(lib_a-memchr-stub.o)
                                        0x659 (size before relaxing)
 .debug_str     0x0000000000001d57       0x4e ../../../../newlib/cortex-m/libc.a(lib_a-memmove.o)
                                        0x967 (size before relaxing)
 .debug_str     0x0000000000001da5       0x23 ../../../../newlib/cortex-m/libc.a(lib_a-nano-reallocr.o)
                                        0x760 (size before relaxing)
 .debug_str     0x0000000000001dc8       0xa4 ../../../../newlib/cortex-m/libc.a(lib_a-nano-vfprintf_i.o)
                                        0xc1a (size before relaxing)
 .debug_str     0x0000000000001e6c       0x42 ../../../../newlib/cortex-m/libc.a(lib_a-readr.o)
                                        0x671 (size before relaxing)
 .debug_str     0x0000000000001eae       0x50 ../../../../newlib/cortex-m/libc.a(lib_a-fstatr.o)
                                        0x7ca (size before relaxing)
 .debug_str     0x0000000000001efe       0x4c ../../../../newlib/cortex-m/libc.a(lib_a-isattyr.o)
                                        0x66d (size before relaxing)
 .debug_str     0x0000000000001f4a        0xf ../../../../newlib/cortex-m/libc.a(lib_a-nano-msizer.o)
                                        0x73e (size before relaxing)
 .debug_str     0x0000000000001f59       0x84 ../../../../libtock/build/cortex-m0/libtock.a(sys.o)
                                        0x840 (size before relaxing)
 .debug_str     0x0000000000001fdd       0xec ../../../../libtock/build/cortex-m0/libtock.a(console.o)
                                        0x755 (size before relaxing)
 .debug_str     0x00000000000020c9       0xb6 ../../../../newlib/cortex-m/libc.a(lib_a-errno.o)
                                        0x645 (size before relaxing)
 .debug_str     0x000000000000217f       0x51 ../../../../newlib/cortex-m/libc.a(lib_a-strncpy.o)
                                        0x655 (size before relaxing)

.debug_frame    0x0000000000000000      0xe18
 .debug_frame   0x0000000000000000       0x4c build/cortex-m0/main.o
 .debug_frame   0x000000000000004c       0x40 ../../../../libtock/build/cortex-m0/libtock.a(crt0.o)
 .debug_frame   0x000000000000008c       0xa4 ../../../../libtock/build/cortex-m0/libtock.a(ipc.o)
 .debug_frame   0x0000000000000130      0x1cc ../../../../libtock/build/cortex-m0/libtock.a(tock.o)
 .debug_frame   0x00000000000002fc       0x34 ../../../../newlib/cortex-m/libc.a(lib_a-exit.o)
 .debug_frame   0x0000000000000330       0x40 ../../../../newlib/cortex-m/libc.a(lib_a-malloc.o)
 .debug_frame   0x0000000000000370       0x28 ../../../../newlib/cortex-m/libc.a(lib_a-memcpy-stub.o)
 .debug_frame   0x0000000000000398       0x20 ../../../../newlib/cortex-m/libc.a(lib_a-memset.o)
 .debug_frame   0x00000000000003b8       0x30 ../../../../newlib/cortex-m/libc.a(lib_a-nano-freer.o)
 .debug_frame   0x00000000000003e8       0x34 ../../../../newlib/cortex-m/libc.a(lib_a-nano-mallocr.o)
 .debug_frame   0x000000000000041c       0x54 ../../../../newlib/cortex-m/libc.a(lib_a-printf.o)
 .debug_frame   0x0000000000000470       0x30 ../../../../newlib/cortex-m/libc.a(lib_a-sbrkr.o)
 .debug_frame   0x00000000000004a0      0x168 ../../../../newlib/cortex-m/libc.a(lib_a-findfp.o)
 .debug_frame   0x0000000000000608       0x50 ../../../../newlib/cortex-m/libc.a(lib_a-fwalk.o)
 .debug_frame   0x0000000000000658       0x30 ../../../../newlib/cortex-m/libc.a(lib_a-mlock.o)
 .debug_frame   0x0000000000000688       0xa8 ../../../../newlib/cortex-m/libc.a(lib_a-nano-vfprintf.o)
 .debug_frame   0x0000000000000730       0x50 ../../../../newlib/cortex-m/libc.a(lib_a-reent.o)
 .debug_frame   0x0000000000000780       0x90 ../../../../newlib/cortex-m/libc.a(lib_a-stdio.o)
 .debug_frame   0x0000000000000810       0x50 ../../../../newlib/cortex-m/libc.a(lib_a-wbuf.o)
 .debug_frame   0x0000000000000860       0x30 ../../../../newlib/cortex-m/libc.a(lib_a-writer.o)
 .debug_frame   0x0000000000000890       0x38 ../../../../newlib/cortex-m/libc.a(lib_a-wsetup.o)
 .debug_frame   0x00000000000008c8       0x30 ../../../../newlib/cortex-m/libc.a(lib_a-closer.o)
 .debug_frame   0x00000000000008f8       0x70 ../../../../newlib/cortex-m/libc.a(lib_a-fflush.o)
 .debug_frame   0x0000000000000968       0x30 ../../../../newlib/cortex-m/libc.a(lib_a-fvwrite.o)
 .debug_frame   0x0000000000000998       0x30 ../../../../newlib/cortex-m/libc.a(lib_a-lseekr.o)
 .debug_frame   0x00000000000009c8       0x58 ../../../../newlib/cortex-m/libc.a(lib_a-makebuf.o)
 .debug_frame   0x0000000000000a20       0x20 ../../../../newlib/cortex-m/libc.a(lib_a-memchr-stub.o)
 .debug_frame   0x0000000000000a40       0x28 ../../../../newlib/cortex-m/libc.a(lib_a-memmove.o)
 .debug_frame   0x0000000000000a68       0x30 ../../../../newlib/cortex-m/libc.a(lib_a-nano-reallocr.o)
 .debug_frame   0x0000000000000a98       0x58 ../../../../newlib/cortex-m/libc.a(lib_a-nano-vfprintf_i.o)
 .debug_frame   0x0000000000000af0       0x30 ../../../../newlib/cortex-m/libc.a(lib_a-readr.o)
 .debug_frame   0x0000000000000b20       0x30 ../../../../newlib/cortex-m/libc.a(lib_a-fstatr.o)
 .debug_frame   0x0000000000000b50       0x30 ../../../../newlib/cortex-m/libc.a(lib_a-isattyr.o)
 .debug_frame   0x0000000000000b80       0x20 ../../../../newlib/cortex-m/libc.a(lib_a-nano-msizer.o)
 .debug_frame   0x0000000000000ba0       0x20 ../../../../libc++/cortex-m/libgcc.a(_udivsi3.o)
 .debug_frame   0x0000000000000bc0       0x20 ../../../../libc++/cortex-m/libgcc.a(_divsi3.o)
 .debug_frame   0x0000000000000be0       0xe4 ../../../../libtock/build/cortex-m0/libtock.a(sys.o)
 .debug_frame   0x0000000000000cc4       0xfc ../../../../libtock/build/cortex-m0/libtock.a(console.o)
 .debug_frame   0x0000000000000dc0       0x2c ../../../../newlib/cortex-m/libc.a(lib_a-errno.o)
 .debug_frame   0x0000000000000dec       0x2c ../../../../newlib/cortex-m/libc.a(lib_a-strncpy.o)
