Archive member included to satisfy reference by file (symbol)

../../../../libtock/build/cortex-m3/libtock.a(crt0.o)
                              (_start)
../../../../libtock/build/cortex-m3/libtock.a(ipc.o)
                              build/cortex-m3/main.o (ipc_register_svc)
../../../../libtock/build/cortex-m3/libtock.a(tock.o)
                              ../../../../libtock/build/cortex-m3/libtock.a(crt0.o) (yield)
../../../../newlib/cortex-m/libc.a(lib_a-exit.o)
                              ../../../../libtock/build/cortex-m3/libtock.a(tock.o) (exit)
../../../../newlib/cortex-m/libc.a(lib_a-impure.o)
                              ../../../../newlib/cortex-m/libc.a(lib_a-exit.o) (_global_impure_ptr)
../../../../newlib/cortex-m/libc.a(lib_a-malloc.o)
                              ../../../../libtock/build/cortex-m3/libtock.a(ipc.o) (malloc)
../../../../newlib/cortex-m/libc.a(lib_a-memcpy-stub.o)
                              ../../../../libtock/build/cortex-m3/libtock.a(crt0.o) (memcpy)
../../../../newlib/cortex-m/libc.a(lib_a-memset.o)
                              ../../../../libtock/build/cortex-m3/libtock.a(crt0.o) (memset)
../../../../newlib/cortex-m/libc.a(lib_a-nano-freer.o)
                              ../../../../newlib/cortex-m/libc.a(lib_a-malloc.o) (_free_r)
../../../../newlib/cortex-m/libc.a(lib_a-nano-mallocr.o)
                              ../../../../newlib/cortex-m/libc.a(lib_a-malloc.o) (_malloc_r)
../../../../newlib/cortex-m/libc.a(lib_a-printf.o)
                              build/cortex-m3/main.o (printf)
../../../../newlib/cortex-m/libc.a(lib_a-sbrkr.o)
                              ../../../../newlib/cortex-m/libc.a(lib_a-nano-mallocr.o) (_sbrk_r)
../../../../newlib/cortex-m/libc.a(lib_a-strlen.o)
                              ../../../../libtock/build/cortex-m3/libtock.a(ipc.o) (strlen)
../../../../newlib/cortex-m/libc.a(lib_a-findfp.o)
                              ../../../../newlib/cortex-m/libc.a(lib_a-printf.o) (__sinit)
../../../../newlib/cortex-m/libc.a(lib_a-fwalk.o)
                              ../../../../newlib/cortex-m/libc.a(lib_a-findfp.o) (_fwalk)
../../../../newlib/cortex-m/libc.a(lib_a-mlock.o)
                              ../../../../newlib/cortex-m/libc.a(lib_a-nano-freer.o) (__malloc_lock)
../../../../newlib/cortex-m/libc.a(lib_a-nano-vfprintf.o)
                              ../../../../newlib/cortex-m/libc.a(lib_a-printf.o) (_vfprintf_r)
../../../../newlib/cortex-m/libc.a(lib_a-reent.o)
                              ../../../../newlib/cortex-m/libc.a(lib_a-sbrkr.o) (errno)
../../../../newlib/cortex-m/libc.a(lib_a-stdio.o)
                              ../../../../newlib/cortex-m/libc.a(lib_a-findfp.o) (__sread)
../../../../newlib/cortex-m/libc.a(lib_a-wbuf.o)
                              ../../../../newlib/cortex-m/libc.a(lib_a-nano-vfprintf.o) (__swbuf_r)
../../../../newlib/cortex-m/libc.a(lib_a-writer.o)
                              ../../../../newlib/cortex-m/libc.a(lib_a-stdio.o) (_write_r)
../../../../newlib/cortex-m/libc.a(lib_a-wsetup.o)
                              ../../../../newlib/cortex-m/libc.a(lib_a-nano-vfprintf.o) (__swsetup_r)
../../../../newlib/cortex-m/libc.a(lib_a-closer.o)
                              ../../../../newlib/cortex-m/libc.a(lib_a-stdio.o) (_close_r)
../../../../newlib/cortex-m/libc.a(lib_a-fflush.o)
                              ../../../../newlib/cortex-m/libc.a(lib_a-findfp.o) (_fflush_r)
../../../../newlib/cortex-m/libc.a(lib_a-fvwrite.o)
                              ../../../../newlib/cortex-m/libc.a(lib_a-nano-vfprintf.o) (__sfvwrite_r)
../../../../newlib/cortex-m/libc.a(lib_a-lseekr.o)
                              ../../../../newlib/cortex-m/libc.a(lib_a-stdio.o) (_lseek_r)
../../../../newlib/cortex-m/libc.a(lib_a-makebuf.o)
                              ../../../../newlib/cortex-m/libc.a(lib_a-wsetup.o) (__smakebuf_r)
../../../../newlib/cortex-m/libc.a(lib_a-memchr-stub.o)
                              ../../../../newlib/cortex-m/libc.a(lib_a-nano-vfprintf.o) (memchr)
../../../../newlib/cortex-m/libc.a(lib_a-memmove.o)
                              ../../../../newlib/cortex-m/libc.a(lib_a-fvwrite.o) (memmove)
../../../../newlib/cortex-m/libc.a(lib_a-nano-reallocr.o)
                              ../../../../newlib/cortex-m/libc.a(lib_a-fvwrite.o) (_realloc_r)
../../../../newlib/cortex-m/libc.a(lib_a-nano-vfprintf_i.o)
                              ../../../../newlib/cortex-m/libc.a(lib_a-nano-vfprintf.o) (_printf_i)
../../../../newlib/cortex-m/libc.a(lib_a-readr.o)
                              ../../../../newlib/cortex-m/libc.a(lib_a-stdio.o) (_read_r)
../../../../newlib/cortex-m/libc.a(lib_a-fstatr.o)
                              ../../../../newlib/cortex-m/libc.a(lib_a-makebuf.o) (_fstat_r)
../../../../newlib/cortex-m/libc.a(lib_a-isattyr.o)
                              ../../../../newlib/cortex-m/libc.a(lib_a-makebuf.o) (_isatty_r)
../../../../newlib/cortex-m/libc.a(lib_a-nano-msizer.o)
                              ../../../../newlib/cortex-m/libc.a(lib_a-nano-reallocr.o) (_malloc_usable_size_r)
../../../../libc++/cortex-m/libgcc.a(_udivsi3.o)
                              ../../../../newlib/cortex-m/libc.a(lib_a-nano-vfprintf_i.o) (__aeabi_uidiv)
../../../../libc++/cortex-m/libgcc.a(_divsi3.o)
                              ../../../../newlib/cortex-m/libc.a(lib_a-fvwrite.o) (__aeabi_idiv)
../../../../libc++/cortex-m/libgcc.a(_dvmd_tls.o)
                              ../../../../libc++/cortex-m/libgcc.a(_udivsi3.o) (__aeabi_idiv0)
../../../../libtock/build/cortex-m3/libtock.a(sys.o)
                              ../../../../newlib/cortex-m/libc.a(lib_a-isattyr.o) (_isatty)
../../../../libtock/build/cortex-m3/libtock.a(console.o)
                              ../../../../libtock/build/cortex-m3/libtock.a(sys.o) (putnstr)
../../../../newlib/cortex-m/libc.a(lib_a-errno.o)
                              ../../../../libtock/build/cortex-m3/libtock.a(sys.o) (__errno)
../../../../newlib/cortex-m/libc.a(lib_a-strncpy.o)
                              ../../../../libtock/build/cortex-m3/libtock.a(console.o) (strncpy)

Allocating common symbols
Common symbol       size              file

errno               0x4               ../../../../newlib/cortex-m/libc.a(lib_a-reent.o)

Discarded input sections

 .text          0x0000000000000000        0x0 build/cortex-m3/main.o
 .text          0x0000000000000000        0x0 ../../../../libtock/build/cortex-m3/libtock.a(crt0.o)
 .text          0x0000000000000000        0x0 ../../../../libtock/build/cortex-m3/libtock.a(ipc.o)
 .text.ipc_discover
                0x0000000000000000       0x32 ../../../../libtock/build/cortex-m3/libtock.a(ipc.o)
 .text.ipc_register_client_cb
                0x0000000000000000       0x18 ../../../../libtock/build/cortex-m3/libtock.a(ipc.o)
 .text.ipc_notify_svc
                0x0000000000000000        0xe ../../../../libtock/build/cortex-m3/libtock.a(ipc.o)
 .text.ipc_share
                0x0000000000000000       0x18 ../../../../libtock/build/cortex-m3/libtock.a(ipc.o)
 .text          0x0000000000000000        0x0 ../../../../libtock/build/cortex-m3/libtock.a(tock.o)
 .text.tock_enqueue
                0x0000000000000000       0x60 ../../../../libtock/build/cortex-m3/libtock.a(tock.o)
 .text.tock_app_memory_begins_at
                0x0000000000000000        0x8 ../../../../libtock/build/cortex-m3/libtock.a(tock.o)
 .text.tock_app_memory_ends_at
                0x0000000000000000        0x8 ../../../../libtock/build/cortex-m3/libtock.a(tock.o)
 .text.tock_app_flash_begins_at
                0x0000000000000000        0x8 ../../../../libtock/build/cortex-m3/libtock.a(tock.o)
 .text.tock_app_flash_ends_at
                0x0000000000000000        0x8 ../../../../libtock/build/cortex-m3/libtock.a(tock.o)
 .text.tock_app_grant_begins_at
                0x0000000000000000        0x8 ../../../../libtock/build/cortex-m3/libtock.a(tock.o)
 .text.tock_app_number_writeable_flash_regions
                0x0000000000000000        0x8 ../../../../libtock/build/cortex-m3/libtock.a(tock.o)
 .text.tock_app_writeable_flash_region_begins_at
                0x0000000000000000        0x8 ../../../../libtock/build/cortex-m3/libtock.a(tock.o)
 .text.tock_app_writeable_flash_region_ends_at
                0x0000000000000000        0x8 ../../../../libtock/build/cortex-m3/libtock.a(tock.o)
 .text.driver_exists
                0x0000000000000000       0x12 ../../../../libtock/build/cortex-m3/libtock.a(tock.o)
 .text.tock_strerror
                0x0000000000000000       0x94 ../../../../libtock/build/cortex-m3/libtock.a(tock.o)
 .text.tock_expect
                0x0000000000000000       0x50 ../../../../libtock/build/cortex-m3/libtock.a(tock.o)
 .rodata.tock_expect.str1.1
                0x0000000000000000       0x65 ../../../../libtock/build/cortex-m3/libtock.a(tock.o)
 .rodata.tock_strerror.str1.1
                0x0000000000000000      0x1aa ../../../../libtock/build/cortex-m3/libtock.a(tock.o)
 .text          0x0000000000000000        0x0 ../../../../newlib/cortex-m/libc.a(lib_a-exit.o)
 .text.exit     0x0000000000000000       0x38 ../../../../newlib/cortex-m/libc.a(lib_a-exit.o)
 .text          0x0000000000000000        0x0 ../../../../newlib/cortex-m/libc.a(lib_a-impure.o)
 .text          0x0000000000000000        0x0 ../../../../newlib/cortex-m/libc.a(lib_a-malloc.o)
 .text          0x0000000000000000        0x0 ../../../../newlib/cortex-m/libc.a(lib_a-memcpy-stub.o)
 .text          0x0000000000000000        0x0 ../../../../newlib/cortex-m/libc.a(lib_a-memset.o)
 .text          0x0000000000000000        0x0 ../../../../newlib/cortex-m/libc.a(lib_a-nano-freer.o)
 .text          0x0000000000000000        0x0 ../../../../newlib/cortex-m/libc.a(lib_a-nano-mallocr.o)
 .text          0x0000000000000000        0x0 ../../../../newlib/cortex-m/libc.a(lib_a-printf.o)
 .text._printf_r
                0x0000000000000000       0x2c ../../../../newlib/cortex-m/libc.a(lib_a-printf.o)
 .text          0x0000000000000000        0x0 ../../../../newlib/cortex-m/libc.a(lib_a-sbrkr.o)
 .text          0x0000000000000000        0xe ../../../../newlib/cortex-m/libc.a(lib_a-strlen.o)
 .text          0x0000000000000000        0x0 ../../../../newlib/cortex-m/libc.a(lib_a-findfp.o)
 .text.__fp_unlock
                0x0000000000000000        0x4 ../../../../newlib/cortex-m/libc.a(lib_a-findfp.o)
 .text.__fp_lock
                0x0000000000000000        0x4 ../../../../newlib/cortex-m/libc.a(lib_a-findfp.o)
 .text._cleanup
                0x0000000000000000       0x18 ../../../../newlib/cortex-m/libc.a(lib_a-findfp.o)
 .text.__fp_lock_all
                0x0000000000000000       0x30 ../../../../newlib/cortex-m/libc.a(lib_a-findfp.o)
 .text.__fp_unlock_all
                0x0000000000000000       0x30 ../../../../newlib/cortex-m/libc.a(lib_a-findfp.o)
 .text          0x0000000000000000        0x0 ../../../../newlib/cortex-m/libc.a(lib_a-fwalk.o)
 .text._fwalk   0x0000000000000000       0x3a ../../../../newlib/cortex-m/libc.a(lib_a-fwalk.o)
 .text          0x0000000000000000        0x0 ../../../../newlib/cortex-m/libc.a(lib_a-mlock.o)
 .text          0x0000000000000000        0x0 ../../../../newlib/cortex-m/libc.a(lib_a-nano-vfprintf.o)
 .text.__sprint_r
                0x0000000000000000       0x1c ../../../../newlib/cortex-m/libc.a(lib_a-nano-vfprintf.o)
 .text.vfprintf
                0x0000000000000000       0x24 ../../../../newlib/cortex-m/libc.a(lib_a-nano-vfprintf.o)
 .text          0x0000000000000000        0x0 ../../../../newlib/cortex-m/libc.a(lib_a-reent.o)
 .text.cleanup_glue
                0x0000000000000000       0x1a ../../../../newlib/cortex-m/libc.a(lib_a-reent.o)
 .text._reclaim_reent
                0x0000000000000000       0xd8 ../../../../newlib/cortex-m/libc.a(lib_a-reent.o)
 .text          0x0000000000000000        0x0 ../../../../newlib/cortex-m/libc.a(lib_a-stdio.o)
 .text.__seofread
                0x0000000000000000        0x4 ../../../../newlib/cortex-m/libc.a(lib_a-stdio.o)
 .text          0x0000000000000000        0x0 ../../../../newlib/cortex-m/libc.a(lib_a-wbuf.o)
 .text.__swbuf  0x0000000000000000       0x20 ../../../../newlib/cortex-m/libc.a(lib_a-wbuf.o)
 .text          0x0000000000000000        0x0 ../../../../newlib/cortex-m/libc.a(lib_a-writer.o)
 .text          0x0000000000000000        0x0 ../../../../newlib/cortex-m/libc.a(lib_a-wsetup.o)
 .text          0x0000000000000000        0x0 ../../../../newlib/cortex-m/libc.a(lib_a-closer.o)
 .text          0x0000000000000000        0x0 ../../../../newlib/cortex-m/libc.a(lib_a-fflush.o)
 .text.fflush   0x0000000000000000       0x40 ../../../../newlib/cortex-m/libc.a(lib_a-fflush.o)
 .text          0x0000000000000000        0x0 ../../../../newlib/cortex-m/libc.a(lib_a-fvwrite.o)
 .text.__sfvwrite_r
                0x0000000000000000      0x2c4 ../../../../newlib/cortex-m/libc.a(lib_a-fvwrite.o)
 .text          0x0000000000000000        0x0 ../../../../newlib/cortex-m/libc.a(lib_a-lseekr.o)
 .text          0x0000000000000000        0x0 ../../../../newlib/cortex-m/libc.a(lib_a-makebuf.o)
 .text          0x0000000000000000        0x0 ../../../../newlib/cortex-m/libc.a(lib_a-memchr-stub.o)
 .text          0x0000000000000000        0x0 ../../../../newlib/cortex-m/libc.a(lib_a-memmove.o)
 .text.memmove  0x0000000000000000       0x24 ../../../../newlib/cortex-m/libc.a(lib_a-memmove.o)
 .text          0x0000000000000000        0x0 ../../../../newlib/cortex-m/libc.a(lib_a-nano-reallocr.o)
 .text._realloc_r
                0x0000000000000000       0x4c ../../../../newlib/cortex-m/libc.a(lib_a-nano-reallocr.o)
 .text          0x0000000000000000        0x0 ../../../../newlib/cortex-m/libc.a(lib_a-nano-vfprintf_i.o)
 .text          0x0000000000000000        0x0 ../../../../newlib/cortex-m/libc.a(lib_a-readr.o)
 .text          0x0000000000000000        0x0 ../../../../newlib/cortex-m/libc.a(lib_a-fstatr.o)
 .text          0x0000000000000000        0x0 ../../../../newlib/cortex-m/libc.a(lib_a-isattyr.o)
 .text          0x0000000000000000        0x0 ../../../../newlib/cortex-m/libc.a(lib_a-nano-msizer.o)
 .text._malloc_usable_size_r
                0x0000000000000000       0x10 ../../../../newlib/cortex-m/libc.a(lib_a-nano-msizer.o)
 .text          0x0000000000000000       0xc0 ../../../../libc++/cortex-m/libgcc.a(_divsi3.o)
 .text          0x0000000000000000        0x0 ../../../../libtock/build/cortex-m3/libtock.a(sys.o)
 .text._unlink  0x0000000000000000        0x6 ../../../../libtock/build/cortex-m3/libtock.a(sys.o)
 .text._open    0x0000000000000000        0xa ../../../../libtock/build/cortex-m3/libtock.a(sys.o)
 .text._exit    0x0000000000000000        0x2 ../../../../libtock/build/cortex-m3/libtock.a(sys.o)
 .text._getpid  0x0000000000000000        0x4 ../../../../libtock/build/cortex-m3/libtock.a(sys.o)
 .text._kill    0x0000000000000000        0x6 ../../../../libtock/build/cortex-m3/libtock.a(sys.o)
 .text          0x0000000000000000        0x0 ../../../../libtock/build/cortex-m3/libtock.a(console.o)
 .text.getnstr_cb
                0x0000000000000000       0x14 ../../../../libtock/build/cortex-m3/libtock.a(console.o)
 .text.getnstr_async
                0x0000000000000000       0x3a ../../../../libtock/build/cortex-m3/libtock.a(console.o)
 .text.getnstr  0x0000000000000000       0x38 ../../../../libtock/build/cortex-m3/libtock.a(console.o)
 .text.getch    0x0000000000000000       0x1c ../../../../libtock/build/cortex-m3/libtock.a(console.o)
 .text.getnstr_abort
                0x0000000000000000        0xc ../../../../libtock/build/cortex-m3/libtock.a(console.o)
 .text          0x0000000000000000        0x0 ../../../../newlib/cortex-m/libc.a(lib_a-errno.o)
 .text          0x0000000000000000        0x0 ../../../../newlib/cortex-m/libc.a(lib_a-strncpy.o)

Memory Configuration

Name             Origin             Length             Attributes
FLASH            0x0000000080000000 0x0000000000040000 xr
SRAM             0x0000000000000000 0x0000000000010000 xrw
*default*        0x0000000000000000 0xffffffffffffffff

Linker script and memory map

                0x0000000000000800                STACK_SIZE = 0x800
                0x0000000000000400                APP_HEAP_SIZE = 0x400
                0x0000000000000400                KERNEL_HEAP_SIZE = 0x400
START GROUP
LOAD build/cortex-m3/main.o
LOAD ../../../../libtock/build/cortex-m3/libtock.a
LOAD ../../../../newlib/cortex-m/libc.a
LOAD ../../../../newlib/cortex-m/libm.a
LOAD ../../../../libc++/cortex-m/libstdc++.a
LOAD ../../../../libc++/cortex-m/libsupc++.a
LOAD ../../../../libc++/cortex-m/libgcc.a
END GROUP
                0x0000000000040000                PROG_LENGTH = 0x40000
                0x0000000000010000                RAM_LENGTH = 0x10000

.crt0_header    0x0000000080000000       0x28
                0x0000000080000000                _beginning = .
                0x0000000080000000        0x4 LONG 0x151c (LOADADDR (.got) - _beginning)
                0x0000000080000004        0x4 LONG 0x0 _got
                0x0000000080000008        0x4 LONG 0x80 SIZEOF (.got)
                0x000000008000000c        0x4 LONG 0x159c (LOADADDR (.data) - _beginning)
                0x0000000080000010        0x4 LONG 0x80 _data
                0x0000000080000014        0x4 LONG 0x70 SIZEOF (.data)
                0x0000000080000018        0x4 LONG 0xf0 _bss
                0x000000008000001c        0x4 LONG 0x160 SIZEOF (.bss)
                0x0000000080000020        0x4 LONG 0x160c (LOADADDR (.endflash) - _beginning)
                0x0000000080000024        0x4 LONG 0x800 STACK_SIZE

.wfr.app_state  0x0000000080000028        0x0
 *(.app_state)
                0x0000000080000028                . = ALIGN (0x4)

.text           0x0000000080000028     0x14f4
                0x0000000080000028                . = ALIGN (0x4)
                0x0000000080000028                _text = .
 *(.start)
 .start         0x0000000080000028       0x48 ../../../../libtock/build/cortex-m3/libtock.a(crt0.o)
                0x0000000080000028                _start
 *(.text*)
 .text.ipc_callback
                0x0000000080000070       0x30 build/cortex-m3/main.o
 .text.startup.main
                0x00000000800000a0       0x18 build/cortex-m3/main.o
                0x00000000800000a0                main
 .text._c_start
                0x00000000800000b8       0x80 ../../../../libtock/build/cortex-m3/libtock.a(crt0.o)
                0x00000000800000b8                _c_start
 .text.ipc_register_svc
                0x0000000080000138        0xe ../../../../libtock/build/cortex-m3/libtock.a(ipc.o)
                0x0000000080000138                ipc_register_svc
 .text.ipc_notify_client
                0x0000000080000146        0xe ../../../../libtock/build/cortex-m3/libtock.a(ipc.o)
                0x0000000080000146                ipc_notify_client
 .text.yield    0x0000000080000154       0x58 ../../../../libtock/build/cortex-m3/libtock.a(tock.o)
                0x0000000080000154                yield
 .text.yield_for
                0x00000000800001ac       0x10 ../../../../libtock/build/cortex-m3/libtock.a(tock.o)
                0x00000000800001ac                yield_for
 .text.subscribe
                0x00000000800001bc        0x4 ../../../../libtock/build/cortex-m3/libtock.a(tock.o)
                0x00000000800001bc                subscribe
 .text.command  0x00000000800001c0        0x4 ../../../../libtock/build/cortex-m3/libtock.a(tock.o)
                0x00000000800001c0                command
 .text.allow    0x00000000800001c4        0x4 ../../../../libtock/build/cortex-m3/libtock.a(tock.o)
                0x00000000800001c4                allow
 .text.memop    0x00000000800001c8        0x4 ../../../../libtock/build/cortex-m3/libtock.a(tock.o)
                0x00000000800001c8                memop
 .text.malloc   0x00000000800001cc       0x1c ../../../../newlib/cortex-m/libc.a(lib_a-malloc.o)
                0x00000000800001cc                malloc
 .text.free     0x00000000800001e8       0x1c ../../../../newlib/cortex-m/libc.a(lib_a-malloc.o)
                0x00000000800001e8                free
 .text.memcpy   0x0000000080000204       0x12 ../../../../newlib/cortex-m/libc.a(lib_a-memcpy-stub.o)
                0x0000000080000204                memcpy
 .text.memset   0x0000000080000216       0x10 ../../../../newlib/cortex-m/libc.a(lib_a-memset.o)
                0x0000000080000216                memset
 *fill*         0x0000000080000226        0x2 ff
 .text._free_r  0x0000000080000228       0xa0 ../../../../newlib/cortex-m/libc.a(lib_a-nano-freer.o)
                0x0000000080000228                _free_r
 .text._malloc_r
                0x00000000800002c8       0xcc ../../../../newlib/cortex-m/libc.a(lib_a-nano-mallocr.o)
                0x00000000800002c8                _malloc_r
 .text.printf   0x0000000080000394       0x44 ../../../../newlib/cortex-m/libc.a(lib_a-printf.o)
                0x0000000080000394                printf
                0x0000000080000394                iprintf
 .text._sbrk_r  0x00000000800003d8       0x30 ../../../../newlib/cortex-m/libc.a(lib_a-sbrkr.o)
                0x00000000800003d8                _sbrk_r
 .text._cleanup_r
                0x0000000080000408       0x20 ../../../../newlib/cortex-m/libc.a(lib_a-findfp.o)
                0x0000000080000408                _cleanup_r
 .text.std.isra.0
                0x0000000080000428       0x64 ../../../../newlib/cortex-m/libc.a(lib_a-findfp.o)
 .text.__sfmoreglue
                0x000000008000048c       0x2c ../../../../newlib/cortex-m/libc.a(lib_a-findfp.o)
                0x000000008000048c                __sfmoreglue
 .text.__sfp_lock_acquire
                0x00000000800004b8        0x2 ../../../../newlib/cortex-m/libc.a(lib_a-findfp.o)
                0x00000000800004b8                __sfp_lock_acquire
 .text.__sfp_lock_release
                0x00000000800004ba        0x2 ../../../../newlib/cortex-m/libc.a(lib_a-findfp.o)
                0x00000000800004ba                __sfp_lock_release
 .text.__sinit_lock_acquire
                0x00000000800004bc        0x2 ../../../../newlib/cortex-m/libc.a(lib_a-findfp.o)
                0x00000000800004bc                __sinit_lock_acquire
 .text.__sinit_lock_release
                0x00000000800004be        0x2 ../../../../newlib/cortex-m/libc.a(lib_a-findfp.o)
                0x00000000800004be                __sinit_lock_release
 .text.__sinit  0x00000000800004c0       0x84 ../../../../newlib/cortex-m/libc.a(lib_a-findfp.o)
                0x00000000800004c0                __sinit
 .text.__sfp    0x0000000080000544       0x94 ../../../../newlib/cortex-m/libc.a(lib_a-findfp.o)
                0x0000000080000544                __sfp
 .text._fwalk_reent
                0x00000000800005d8       0x44 ../../../../newlib/cortex-m/libc.a(lib_a-fwalk.o)
                0x00000000800005d8                _fwalk_reent
 .text.__malloc_lock
                0x000000008000061c        0x2 ../../../../newlib/cortex-m/libc.a(lib_a-mlock.o)
                0x000000008000061c                __malloc_lock
 .text.__malloc_unlock
                0x000000008000061e        0x2 ../../../../newlib/cortex-m/libc.a(lib_a-mlock.o)
                0x000000008000061e                __malloc_unlock
 .text.__sfputc_r
                0x0000000080000620       0x2a ../../../../newlib/cortex-m/libc.a(lib_a-nano-vfprintf.o)
 .text.__sfputs_r
                0x000000008000064a       0x24 ../../../../newlib/cortex-m/libc.a(lib_a-nano-vfprintf.o)
                0x000000008000064a                __sfputs_r
 *fill*         0x000000008000066e        0x2 ff
 .text._vfprintf_r
                0x0000000080000670      0x288 ../../../../newlib/cortex-m/libc.a(lib_a-nano-vfprintf.o)
                0x0000000080000670                _vfiprintf_r
                0x0000000080000670                _vfprintf_r
 .text.__sread  0x00000000800008f8       0x28 ../../../../newlib/cortex-m/libc.a(lib_a-stdio.o)
                0x00000000800008f8                __sread
 .text.__swrite
                0x0000000080000920       0x38 ../../../../newlib/cortex-m/libc.a(lib_a-stdio.o)
                0x0000000080000920                __swrite
 .text.__sseek  0x0000000080000958       0x2c ../../../../newlib/cortex-m/libc.a(lib_a-stdio.o)
                0x0000000080000958                __sseek
 .text.__sclose
                0x0000000080000984        0xc ../../../../newlib/cortex-m/libc.a(lib_a-stdio.o)
                0x0000000080000984                __sclose
 .text.__swbuf_r
                0x0000000080000990       0xc8 ../../../../newlib/cortex-m/libc.a(lib_a-wbuf.o)
                0x0000000080000990                __swbuf_r
 .text._write_r
                0x0000000080000a58       0x34 ../../../../newlib/cortex-m/libc.a(lib_a-writer.o)
                0x0000000080000a58                _write_r
 .text.__swsetup_r
                0x0000000080000a8c      0x108 ../../../../newlib/cortex-m/libc.a(lib_a-wsetup.o)
                0x0000000080000a8c                __swsetup_r
 .text._close_r
                0x0000000080000b94       0x30 ../../../../newlib/cortex-m/libc.a(lib_a-closer.o)
                0x0000000080000b94                _close_r
 .text.__sflush_r
                0x0000000080000bc4      0x11c ../../../../newlib/cortex-m/libc.a(lib_a-fflush.o)
                0x0000000080000bc4                __sflush_r
 .text._fflush_r
                0x0000000080000ce0       0x74 ../../../../newlib/cortex-m/libc.a(lib_a-fflush.o)
                0x0000000080000ce0                _fflush_r
 .text._lseek_r
                0x0000000080000d54       0x34 ../../../../newlib/cortex-m/libc.a(lib_a-lseekr.o)
                0x0000000080000d54                _lseek_r
 .text.__swhatbuf_r
                0x0000000080000d88       0x50 ../../../../newlib/cortex-m/libc.a(lib_a-makebuf.o)
                0x0000000080000d88                __swhatbuf_r
 .text.__smakebuf_r
                0x0000000080000dd8       0x98 ../../../../newlib/cortex-m/libc.a(lib_a-makebuf.o)
                0x0000000080000dd8                __smakebuf_r
 .text.memchr   0x0000000080000e70       0x16 ../../../../newlib/cortex-m/libc.a(lib_a-memchr-stub.o)
                0x0000000080000e70                memchr
 .text._printf_common
                0x0000000080000e86       0xdc ../../../../newlib/cortex-m/libc.a(lib_a-nano-vfprintf_i.o)
                0x0000000080000e86                _printf_common
 *fill*         0x0000000080000f62        0x2 ff
 .text._printf_i
                0x0000000080000f64      0x248 ../../../../newlib/cortex-m/libc.a(lib_a-nano-vfprintf_i.o)
                0x0000000080000f64                _printf_i
 .text._read_r  0x00000000800011ac       0x34 ../../../../newlib/cortex-m/libc.a(lib_a-readr.o)
                0x00000000800011ac                _read_r
 .text._fstat_r
                0x00000000800011e0       0x30 ../../../../newlib/cortex-m/libc.a(lib_a-fstatr.o)
                0x00000000800011e0                _fstat_r
 .text._isatty_r
                0x0000000080001210       0x30 ../../../../newlib/cortex-m/libc.a(lib_a-isattyr.o)
                0x0000000080001210                _isatty_r
 .text          0x0000000080001240       0x9c ../../../../libc++/cortex-m/libgcc.a(_udivsi3.o)
                0x0000000080001240                __udivsi3
                0x0000000080001240                __aeabi_uidiv
                0x00000000800012c8                __aeabi_uidivmod
 .text          0x00000000800012dc        0x4 ../../../../libc++/cortex-m/libgcc.a(_dvmd_tls.o)
                0x00000000800012dc                __aeabi_ldiv0
                0x00000000800012dc                __aeabi_idiv0
 .text._isatty  0x00000000800012e0        0x8 ../../../../libtock/build/cortex-m3/libtock.a(sys.o)
                0x00000000800012e0                _isatty
 .text._write   0x00000000800012e8       0x10 ../../../../libtock/build/cortex-m3/libtock.a(sys.o)
                0x00000000800012e8                _write
 .text._close   0x00000000800012f8        0x6 ../../../../libtock/build/cortex-m3/libtock.a(sys.o)
                0x00000000800012f8                _close
 .text._fstat   0x00000000800012fe        0xa ../../../../libtock/build/cortex-m3/libtock.a(sys.o)
                0x00000000800012fe                _fstat
 .text._lseek   0x0000000080001308        0x4 ../../../../libtock/build/cortex-m3/libtock.a(sys.o)
                0x0000000080001308                _lseek
 .text._read    0x000000008000130c        0x4 ../../../../libtock/build/cortex-m3/libtock.a(sys.o)
                0x000000008000130c                _read
 .text._sbrk    0x0000000080001310       0x1e ../../../../libtock/build/cortex-m3/libtock.a(sys.o)
                0x0000000080001310                _sbrk
 .text.putnstr_async
                0x000000008000132e       0x3a ../../../../libtock/build/cortex-m3/libtock.a(console.o)
                0x000000008000132e                putnstr_async
 .text.putnstr  0x0000000080001368       0x8c ../../../../libtock/build/cortex-m3/libtock.a(console.o)
                0x0000000080001368                putnstr
 .text.putstr_cb
                0x00000000800013f4       0x40 ../../../../libtock/build/cortex-m3/libtock.a(console.o)
 .text.__errno  0x0000000080001434       0x18 ../../../../newlib/cortex-m/libc.a(lib_a-errno.o)
                0x0000000080001434                __errno
 .text.strncpy  0x000000008000144c       0x2a ../../../../newlib/cortex-m/libc.a(lib_a-strncpy.o)
                0x000000008000144c                strncpy
 *(.rodata*)
 .rodata.ipc_callback.str1.1
                0x0000000080001476       0x10 build/cortex-m3/main.o
 *fill*         0x0000000080001486        0x2 ff
 .rodata.__sf_fake_stderr
                0x0000000080001488       0x20 ../../../../newlib/cortex-m/libc.a(lib_a-findfp.o)
                0x0000000080001488                __sf_fake_stderr
 .rodata.__sf_fake_stdin
                0x00000000800014a8       0x20 ../../../../newlib/cortex-m/libc.a(lib_a-findfp.o)
                0x00000000800014a8                __sf_fake_stdin
 .rodata.__sf_fake_stdout
                0x00000000800014c8       0x20 ../../../../newlib/cortex-m/libc.a(lib_a-findfp.o)
                0x00000000800014c8                __sf_fake_stdout
 .rodata._vfprintf_r.str1.1
                0x00000000800014e8       0x11 ../../../../newlib/cortex-m/libc.a(lib_a-nano-vfprintf.o)
 .rodata._printf_i.str1.1
                0x00000000800014f9       0x22 ../../../../newlib/cortex-m/libc.a(lib_a-nano-vfprintf_i.o)
 *(.syscalls)
                0x000000008000151b                _etext = .
 *(.ARM.extab*)
                0x000000008000151c                . = ALIGN (0x4)
 *fill*         0x000000008000151b        0x1 ff

.glue_7         0x000000008000151c        0x0
 .glue_7        0x000000008000151c        0x0 linker stubs

.glue_7t        0x000000008000151c        0x0
 .glue_7t       0x000000008000151c        0x0 linker stubs

.vfp11_veneer   0x000000008000151c        0x0
 .vfp11_veneer  0x000000008000151c        0x0 linker stubs

.v4_bx          0x000000008000151c        0x0
 .v4_bx         0x000000008000151c        0x0 linker stubs

.iplt           0x000000008000151c        0x0
 .iplt          0x000000008000151c        0x0 build/cortex-m3/main.o

.rel.dyn        0x000000008000151c        0x0
 .rel.iplt      0x000000008000151c        0x0 build/cortex-m3/main.o
 .rel.got       0x000000008000151c        0x0 build/cortex-m3/main.o

.got            0x0000000000000000       0x80 load address 0x000000008000151c
                0x0000000000000000                . = ALIGN (0x4)
                0x0000000000000000                _got = .
 *(.got*)
 .got           0x0000000000000000       0x74 build/cortex-m3/main.o
 .got.plt       0x0000000000000074        0xc build/cortex-m3/main.o
                0x0000000000000074                _GLOBAL_OFFSET_TABLE_
 *(.got.plt*)
                0x0000000000000080                . = ALIGN (0x4)

.data           0x0000000000000080       0x70 load address 0x000000008000159c
                0x0000000000000080                . = ALIGN (0x4)
                0x0000000000000080                _data = .
 *(.data*)
 .data          0x0000000000000080        0x0 build/cortex-m3/main.o
 .data          0x0000000000000080        0x0 ../../../../libtock/build/cortex-m3/libtock.a(crt0.o)
 .data          0x0000000000000080        0x0 ../../../../libtock/build/cortex-m3/libtock.a(ipc.o)
 .data          0x0000000000000080        0x0 ../../../../libtock/build/cortex-m3/libtock.a(tock.o)
 .data          0x0000000000000080        0x0 ../../../../newlib/cortex-m/libc.a(lib_a-exit.o)
 .data          0x0000000000000080        0x0 ../../../../newlib/cortex-m/libc.a(lib_a-impure.o)
 .data.rel.impure_data
                0x0000000000000080       0x60 ../../../../newlib/cortex-m/libc.a(lib_a-impure.o)
 .data.rel.local._impure_ptr
                0x00000000000000e0        0x4 ../../../../newlib/cortex-m/libc.a(lib_a-impure.o)
                0x00000000000000e0                _impure_ptr
 .data.rel.ro.local._global_impure_ptr
                0x00000000000000e4        0x4 ../../../../newlib/cortex-m/libc.a(lib_a-impure.o)
                0x00000000000000e4                _global_impure_ptr
 .data          0x00000000000000e8        0x0 ../../../../newlib/cortex-m/libc.a(lib_a-malloc.o)
 .data          0x00000000000000e8        0x0 ../../../../newlib/cortex-m/libc.a(lib_a-memcpy-stub.o)
 .data          0x00000000000000e8        0x0 ../../../../newlib/cortex-m/libc.a(lib_a-memset.o)
 .data          0x00000000000000e8        0x0 ../../../../newlib/cortex-m/libc.a(lib_a-nano-freer.o)
 .data          0x00000000000000e8        0x0 ../../../../newlib/cortex-m/libc.a(lib_a-nano-mallocr.o)
 .data          0x00000000000000e8        0x0 ../../../../newlib/cortex-m/libc.a(lib_a-printf.o)
 .data          0x00000000000000e8        0x0 ../../../../newlib/cortex-m/libc.a(lib_a-sbrkr.o)
 .data          0x00000000000000e8        0x0 ../../../../newlib/cortex-m/libc.a(lib_a-strlen.o)
 .data          0x00000000000000e8        0x0 ../../../../newlib/cortex-m/libc.a(lib_a-findfp.o)
 .data          0x00000000000000e8        0x0 ../../../../newlib/cortex-m/libc.a(lib_a-fwalk.o)
 .data          0x00000000000000e8        0x0 ../../../../newlib/cortex-m/libc.a(lib_a-mlock.o)
 .data          0x00000000000000e8        0x0 ../../../../newlib/cortex-m/libc.a(lib_a-nano-vfprintf.o)
 .data          0x00000000000000e8        0x0 ../../../../newlib/cortex-m/libc.a(lib_a-reent.o)
 .data          0x00000000000000e8        0x0 ../../../../newlib/cortex-m/libc.a(lib_a-stdio.o)
 .data          0x00000000000000e8        0x0 ../../../../newlib/cortex-m/libc.a(lib_a-wbuf.o)
 .data          0x00000000000000e8        0x0 ../../../../newlib/cortex-m/libc.a(lib_a-writer.o)
 .data          0x00000000000000e8        0x0 ../../../../newlib/cortex-m/libc.a(lib_a-wsetup.o)
 .data          0x00000000000000e8        0x0 ../../../../newlib/cortex-m/libc.a(lib_a-closer.o)
 .data          0x00000000000000e8        0x0 ../../../../newlib/cortex-m/libc.a(lib_a-fflush.o)
 .data          0x00000000000000e8        0x0 ../../../../newlib/cortex-m/libc.a(lib_a-fvwrite.o)
 .data          0x00000000000000e8        0x0 ../../../../newlib/cortex-m/libc.a(lib_a-lseekr.o)
 .data          0x00000000000000e8        0x0 ../../../../newlib/cortex-m/libc.a(lib_a-makebuf.o)
 .data          0x00000000000000e8        0x0 ../../../../newlib/cortex-m/libc.a(lib_a-memchr-stub.o)
 .data          0x00000000000000e8        0x0 ../../../../newlib/cortex-m/libc.a(lib_a-memmove.o)
 .data          0x00000000000000e8        0x0 ../../../../newlib/cortex-m/libc.a(lib_a-nano-reallocr.o)
 .data          0x00000000000000e8        0x0 ../../../../newlib/cortex-m/libc.a(lib_a-nano-vfprintf_i.o)
 .data          0x00000000000000e8        0x0 ../../../../newlib/cortex-m/libc.a(lib_a-readr.o)
 .data          0x00000000000000e8        0x0 ../../../../newlib/cortex-m/libc.a(lib_a-fstatr.o)
 .data          0x00000000000000e8        0x0 ../../../../newlib/cortex-m/libc.a(lib_a-isattyr.o)
 .data          0x00000000000000e8        0x0 ../../../../newlib/cortex-m/libc.a(lib_a-nano-msizer.o)
 .data          0x00000000000000e8        0x0 ../../../../libc++/cortex-m/libgcc.a(_udivsi3.o)
 .data          0x00000000000000e8        0x0 ../../../../libc++/cortex-m/libgcc.a(_divsi3.o)
 .data          0x00000000000000e8        0x0 ../../../../libc++/cortex-m/libgcc.a(_dvmd_tls.o)
 .data          0x00000000000000e8        0x0 ../../../../libtock/build/cortex-m3/libtock.a(sys.o)
 .data          0x00000000000000e8        0x0 ../../../../libtock/build/cortex-m3/libtock.a(console.o)
 .data.getnstr_data
                0x00000000000000e8        0x8 ../../../../libtock/build/cortex-m3/libtock.a(console.o)
 .data          0x00000000000000f0        0x0 ../../../../newlib/cortex-m/libc.a(lib_a-errno.o)
 .data          0x00000000000000f0        0x0 ../../../../newlib/cortex-m/libc.a(lib_a-strncpy.o)
                0x00000000000000f0                . = ALIGN (0x4)

.igot.plt       0x00000000000000f0        0x0 load address 0x000000008000160c
 .igot.plt      0x00000000000000f0        0x0 build/cortex-m3/main.o

.bss            0x00000000000000f0      0x160 load address 0x000000008000160c
                0x00000000000000f0                . = ALIGN (0x4)
                0x00000000000000f0                _bss = .
 *(.bss*)
 .bss           0x00000000000000f0        0x0 build/cortex-m3/main.o
 .bss           0x00000000000000f0        0x0 ../../../../libtock/build/cortex-m3/libtock.a(crt0.o)
 .bss           0x00000000000000f0        0x0 ../../../../libtock/build/cortex-m3/libtock.a(ipc.o)
 .bss           0x00000000000000f0        0x0 ../../../../libtock/build/cortex-m3/libtock.a(tock.o)
 .bss.task_cur  0x00000000000000f0        0x4 ../../../../libtock/build/cortex-m3/libtock.a(tock.o)
 .bss.task_last
                0x00000000000000f4        0x4 ../../../../libtock/build/cortex-m3/libtock.a(tock.o)
 .bss.task_queue
                0x00000000000000f8      0x140 ../../../../libtock/build/cortex-m3/libtock.a(tock.o)
 .bss           0x0000000000000238        0x0 ../../../../newlib/cortex-m/libc.a(lib_a-exit.o)
 .bss           0x0000000000000238        0x0 ../../../../newlib/cortex-m/libc.a(lib_a-impure.o)
 .bss           0x0000000000000238        0x0 ../../../../newlib/cortex-m/libc.a(lib_a-malloc.o)
 .bss           0x0000000000000238        0x0 ../../../../newlib/cortex-m/libc.a(lib_a-memcpy-stub.o)
 .bss           0x0000000000000238        0x0 ../../../../newlib/cortex-m/libc.a(lib_a-memset.o)
 .bss           0x0000000000000238        0x0 ../../../../newlib/cortex-m/libc.a(lib_a-nano-freer.o)
 .bss           0x0000000000000238        0x0 ../../../../newlib/cortex-m/libc.a(lib_a-nano-mallocr.o)
 .bss.__malloc_free_list
                0x0000000000000238        0x4 ../../../../newlib/cortex-m/libc.a(lib_a-nano-mallocr.o)
                0x0000000000000238                __malloc_free_list
 .bss.__malloc_sbrk_start
                0x000000000000023c        0x4 ../../../../newlib/cortex-m/libc.a(lib_a-nano-mallocr.o)
                0x000000000000023c                __malloc_sbrk_start
 .bss           0x0000000000000240        0x0 ../../../../newlib/cortex-m/libc.a(lib_a-printf.o)
 .bss           0x0000000000000240        0x0 ../../../../newlib/cortex-m/libc.a(lib_a-sbrkr.o)
 .bss           0x0000000000000240        0x0 ../../../../newlib/cortex-m/libc.a(lib_a-strlen.o)
 .bss           0x0000000000000240        0x0 ../../../../newlib/cortex-m/libc.a(lib_a-findfp.o)
 .bss           0x0000000000000240        0x0 ../../../../newlib/cortex-m/libc.a(lib_a-fwalk.o)
 .bss           0x0000000000000240        0x0 ../../../../newlib/cortex-m/libc.a(lib_a-mlock.o)
 .bss           0x0000000000000240        0x0 ../../../../newlib/cortex-m/libc.a(lib_a-nano-vfprintf.o)
 .bss           0x0000000000000240        0x0 ../../../../newlib/cortex-m/libc.a(lib_a-reent.o)
 .bss           0x0000000000000240        0x0 ../../../../newlib/cortex-m/libc.a(lib_a-stdio.o)
 .bss           0x0000000000000240        0x0 ../../../../newlib/cortex-m/libc.a(lib_a-wbuf.o)
 .bss           0x0000000000000240        0x0 ../../../../newlib/cortex-m/libc.a(lib_a-writer.o)
 .bss           0x0000000000000240        0x0 ../../../../newlib/cortex-m/libc.a(lib_a-wsetup.o)
 .bss           0x0000000000000240        0x0 ../../../../newlib/cortex-m/libc.a(lib_a-closer.o)
 .bss           0x0000000000000240        0x0 ../../../../newlib/cortex-m/libc.a(lib_a-fflush.o)
 .bss           0x0000000000000240        0x0 ../../../../newlib/cortex-m/libc.a(lib_a-fvwrite.o)
 .bss           0x0000000000000240        0x0 ../../../../newlib/cortex-m/libc.a(lib_a-lseekr.o)
 .bss           0x0000000000000240        0x0 ../../../../newlib/cortex-m/libc.a(lib_a-makebuf.o)
 .bss           0x0000000000000240        0x0 ../../../../newlib/cortex-m/libc.a(lib_a-memchr-stub.o)
 .bss           0x0000000000000240        0x0 ../../../../newlib/cortex-m/libc.a(lib_a-memmove.o)
 .bss           0x0000000000000240        0x0 ../../../../newlib/cortex-m/libc.a(lib_a-nano-reallocr.o)
 .bss           0x0000000000000240        0x0 ../../../../newlib/cortex-m/libc.a(lib_a-nano-vfprintf_i.o)
 .bss           0x0000000000000240        0x0 ../../../../newlib/cortex-m/libc.a(lib_a-readr.o)
 .bss           0x0000000000000240        0x0 ../../../../newlib/cortex-m/libc.a(lib_a-fstatr.o)
 .bss           0x0000000000000240        0x0 ../../../../newlib/cortex-m/libc.a(lib_a-isattyr.o)
 .bss           0x0000000000000240        0x0 ../../../../newlib/cortex-m/libc.a(lib_a-nano-msizer.o)
 .bss           0x0000000000000240        0x0 ../../../../libc++/cortex-m/libgcc.a(_udivsi3.o)
 .bss           0x0000000000000240        0x0 ../../../../libc++/cortex-m/libgcc.a(_divsi3.o)
 .bss           0x0000000000000240        0x0 ../../../../libc++/cortex-m/libgcc.a(_dvmd_tls.o)
 .bss           0x0000000000000240        0x0 ../../../../libtock/build/cortex-m3/libtock.a(sys.o)
 .bss.__dso_handle
                0x0000000000000240        0x4 ../../../../libtock/build/cortex-m3/libtock.a(sys.o)
                0x0000000000000240                __dso_handle
 .bss           0x0000000000000244        0x0 ../../../../libtock/build/cortex-m3/libtock.a(console.o)
 .bss.putstr_head
                0x0000000000000244        0x4 ../../../../libtock/build/cortex-m3/libtock.a(console.o)
 .bss.putstr_tail
                0x0000000000000248        0x4 ../../../../libtock/build/cortex-m3/libtock.a(console.o)
 .bss           0x000000000000024c        0x0 ../../../../newlib/cortex-m/libc.a(lib_a-errno.o)
 .bss           0x000000000000024c        0x0 ../../../../newlib/cortex-m/libc.a(lib_a-strncpy.o)
 *(COMMON)
 COMMON         0x000000000000024c        0x4 ../../../../newlib/cortex-m/libc.a(lib_a-reent.o)
                0x000000000000024c                errno
                0x0000000000000250                . = ALIGN (0x4)

.endflash       0x000000008000160c        0x0
                [!provide]                        PROVIDE (__exidx_start = .)

.ARM.exidx
 *(.ARM.exidx* .gnu.linkonce.armexidx.*)
                [!provide]                        PROVIDE (__exidx_end = .)
                0x0000000000000001                ASSERT ((_got <= _bss), 
The GOT section must be before the BSS section for crt0 setup to be correct.)
                0x0000000000000001                ASSERT ((_data <= _bss), 
The data section must be before the BSS section for crt0 setup to be correct.)
OUTPUT(build/cortex-m3/cortex-m3.elf elf32-littlearm)

.GCC.command.line
                0x0000000000000000      0x76d
 .GCC.command.line
                0x0000000000000000      0x4c8 build/cortex-m3/main.o
 .GCC.command.line
                0x00000000000004c8      0x17f ../../../../libtock/build/cortex-m3/libtock.a(crt0.o)
                                        0x51b (size before relaxing)
 .GCC.command.line
                0x0000000000000647       0x47 ../../../../libtock/build/cortex-m3/libtock.a(ipc.o)
                                        0x519 (size before relaxing)
 .GCC.command.line
                0x000000000000068e       0x49 ../../../../libtock/build/cortex-m3/libtock.a(tock.o)
                                        0x51b (size before relaxing)
 .GCC.command.line
                0x00000000000006d7       0x47 ../../../../libtock/build/cortex-m3/libtock.a(sys.o)
                                        0x519 (size before relaxing)
 .GCC.command.line
                0x000000000000071e       0x4f ../../../../libtock/build/cortex-m3/libtock.a(console.o)
                                        0x521 (size before relaxing)

.comment        0x0000000000000000       0x9b
 .comment       0x0000000000000000       0x75 build/cortex-m3/main.o
                                         0x76 (size before relaxing)
 .comment       0x0000000000000075       0x76 ../../../../libtock/build/cortex-m3/libtock.a(crt0.o)
 .comment       0x0000000000000075       0x76 ../../../../libtock/build/cortex-m3/libtock.a(ipc.o)
 .comment       0x0000000000000075       0x76 ../../../../libtock/build/cortex-m3/libtock.a(tock.o)
 .comment       0x0000000000000075       0x26 ../../../../newlib/cortex-m/libc.a(lib_a-exit.o)
                                         0x27 (size before relaxing)
 .comment       0x000000000000009b       0x27 ../../../../newlib/cortex-m/libc.a(lib_a-impure.o)
 .comment       0x000000000000009b       0x27 ../../../../newlib/cortex-m/libc.a(lib_a-malloc.o)
 .comment       0x000000000000009b       0x27 ../../../../newlib/cortex-m/libc.a(lib_a-memcpy-stub.o)
 .comment       0x000000000000009b       0x27 ../../../../newlib/cortex-m/libc.a(lib_a-memset.o)
 .comment       0x000000000000009b       0x27 ../../../../newlib/cortex-m/libc.a(lib_a-nano-freer.o)
 .comment       0x000000000000009b       0x27 ../../../../newlib/cortex-m/libc.a(lib_a-nano-mallocr.o)
 .comment       0x000000000000009b       0x27 ../../../../newlib/cortex-m/libc.a(lib_a-printf.o)
 .comment       0x000000000000009b       0x27 ../../../../newlib/cortex-m/libc.a(lib_a-sbrkr.o)
 .comment       0x000000000000009b       0x27 ../../../../newlib/cortex-m/libc.a(lib_a-findfp.o)
 .comment       0x000000000000009b       0x27 ../../../../newlib/cortex-m/libc.a(lib_a-fwalk.o)
 .comment       0x000000000000009b       0x27 ../../../../newlib/cortex-m/libc.a(lib_a-mlock.o)
 .comment       0x000000000000009b       0x27 ../../../../newlib/cortex-m/libc.a(lib_a-nano-vfprintf.o)
 .comment       0x000000000000009b       0x27 ../../../../newlib/cortex-m/libc.a(lib_a-reent.o)
 .comment       0x000000000000009b       0x27 ../../../../newlib/cortex-m/libc.a(lib_a-stdio.o)
 .comment       0x000000000000009b       0x27 ../../../../newlib/cortex-m/libc.a(lib_a-wbuf.o)
 .comment       0x000000000000009b       0x27 ../../../../newlib/cortex-m/libc.a(lib_a-writer.o)
 .comment       0x000000000000009b       0x27 ../../../../newlib/cortex-m/libc.a(lib_a-wsetup.o)
 .comment       0x000000000000009b       0x27 ../../../../newlib/cortex-m/libc.a(lib_a-closer.o)
 .comment       0x000000000000009b       0x27 ../../../../newlib/cortex-m/libc.a(lib_a-fflush.o)
 .comment       0x000000000000009b       0x27 ../../../../newlib/cortex-m/libc.a(lib_a-fvwrite.o)
 .comment       0x000000000000009b       0x27 ../../../../newlib/cortex-m/libc.a(lib_a-lseekr.o)
 .comment       0x000000000000009b       0x27 ../../../../newlib/cortex-m/libc.a(lib_a-makebuf.o)
 .comment       0x000000000000009b       0x27 ../../../../newlib/cortex-m/libc.a(lib_a-memchr-stub.o)
 .comment       0x000000000000009b       0x27 ../../../../newlib/cortex-m/libc.a(lib_a-memmove.o)
 .comment       0x000000000000009b       0x27 ../../../../newlib/cortex-m/libc.a(lib_a-nano-reallocr.o)
 .comment       0x000000000000009b       0x27 ../../../../newlib/cortex-m/libc.a(lib_a-nano-vfprintf_i.o)
 .comment       0x000000000000009b       0x27 ../../../../newlib/cortex-m/libc.a(lib_a-readr.o)
 .comment       0x000000000000009b       0x27 ../../../../newlib/cortex-m/libc.a(lib_a-fstatr.o)
 .comment       0x000000000000009b       0x27 ../../../../newlib/cortex-m/libc.a(lib_a-isattyr.o)
 .comment       0x000000000000009b       0x27 ../../../../newlib/cortex-m/libc.a(lib_a-nano-msizer.o)
 .comment       0x000000000000009b       0x76 ../../../../libtock/build/cortex-m3/libtock.a(sys.o)
 .comment       0x000000000000009b       0x76 ../../../../libtock/build/cortex-m3/libtock.a(console.o)
 .comment       0x000000000000009b       0x27 ../../../../newlib/cortex-m/libc.a(lib_a-errno.o)
 .comment       0x000000000000009b       0x27 ../../../../newlib/cortex-m/libc.a(lib_a-strncpy.o)

.ARM.attributes
                0x0000000000000000       0x2b
 .ARM.attributes
                0x0000000000000000       0x2d build/cortex-m3/main.o
 .ARM.attributes
                0x000000000000002d       0x2d ../../../../libtock/build/cortex-m3/libtock.a(crt0.o)
 .ARM.attributes
                0x000000000000005a       0x2d ../../../../libtock/build/cortex-m3/libtock.a(ipc.o)
 .ARM.attributes
                0x0000000000000087       0x2d ../../../../libtock/build/cortex-m3/libtock.a(tock.o)
 .ARM.attributes
                0x00000000000000b4       0x2c ../../../../newlib/cortex-m/libc.a(lib_a-exit.o)
 .ARM.attributes
                0x00000000000000e0       0x2c ../../../../newlib/cortex-m/libc.a(lib_a-impure.o)
 .ARM.attributes
                0x000000000000010c       0x2c ../../../../newlib/cortex-m/libc.a(lib_a-malloc.o)
 .ARM.attributes
                0x0000000000000138       0x2c ../../../../newlib/cortex-m/libc.a(lib_a-memcpy-stub.o)
 .ARM.attributes
                0x0000000000000164       0x2c ../../../../newlib/cortex-m/libc.a(lib_a-memset.o)
 .ARM.attributes
                0x0000000000000190       0x2c ../../../../newlib/cortex-m/libc.a(lib_a-nano-freer.o)
 .ARM.attributes
                0x00000000000001bc       0x2c ../../../../newlib/cortex-m/libc.a(lib_a-nano-mallocr.o)
 .ARM.attributes
                0x00000000000001e8       0x2c ../../../../newlib/cortex-m/libc.a(lib_a-printf.o)
 .ARM.attributes
                0x0000000000000214       0x2c ../../../../newlib/cortex-m/libc.a(lib_a-sbrkr.o)
 .ARM.attributes
                0x0000000000000240       0x1c ../../../../newlib/cortex-m/libc.a(lib_a-strlen.o)
 .ARM.attributes
                0x000000000000025c       0x2c ../../../../newlib/cortex-m/libc.a(lib_a-findfp.o)
 .ARM.attributes
                0x0000000000000288       0x2c ../../../../newlib/cortex-m/libc.a(lib_a-fwalk.o)
 .ARM.attributes
                0x00000000000002b4       0x2c ../../../../newlib/cortex-m/libc.a(lib_a-mlock.o)
 .ARM.attributes
                0x00000000000002e0       0x2c ../../../../newlib/cortex-m/libc.a(lib_a-nano-vfprintf.o)
 .ARM.attributes
                0x000000000000030c       0x2c ../../../../newlib/cortex-m/libc.a(lib_a-reent.o)
 .ARM.attributes
                0x0000000000000338       0x2c ../../../../newlib/cortex-m/libc.a(lib_a-stdio.o)
 .ARM.attributes
                0x0000000000000364       0x2c ../../../../newlib/cortex-m/libc.a(lib_a-wbuf.o)
 .ARM.attributes
                0x0000000000000390       0x2c ../../../../newlib/cortex-m/libc.a(lib_a-writer.o)
 .ARM.attributes
                0x00000000000003bc       0x2c ../../../../newlib/cortex-m/libc.a(lib_a-wsetup.o)
 .ARM.attributes
                0x00000000000003e8       0x2c ../../../../newlib/cortex-m/libc.a(lib_a-closer.o)
 .ARM.attributes
                0x0000000000000414       0x2c ../../../../newlib/cortex-m/libc.a(lib_a-fflush.o)
 .ARM.attributes
                0x0000000000000440       0x2c ../../../../newlib/cortex-m/libc.a(lib_a-fvwrite.o)
 .ARM.attributes
                0x000000000000046c       0x2c ../../../../newlib/cortex-m/libc.a(lib_a-lseekr.o)
 .ARM.attributes
                0x0000000000000498       0x2c ../../../../newlib/cortex-m/libc.a(lib_a-makebuf.o)
 .ARM.attributes
                0x00000000000004c4       0x2c ../../../../newlib/cortex-m/libc.a(lib_a-memchr-stub.o)
 .ARM.attributes
                0x00000000000004f0       0x2c ../../../../newlib/cortex-m/libc.a(lib_a-memmove.o)
 .ARM.attributes
                0x000000000000051c       0x2c ../../../../newlib/cortex-m/libc.a(lib_a-nano-reallocr.o)
 .ARM.attributes
                0x0000000000000548       0x2c ../../../../newlib/cortex-m/libc.a(lib_a-nano-vfprintf_i.o)
 .ARM.attributes
                0x0000000000000574       0x2c ../../../../newlib/cortex-m/libc.a(lib_a-readr.o)
 .ARM.attributes
                0x00000000000005a0       0x2c ../../../../newlib/cortex-m/libc.a(lib_a-fstatr.o)
 .ARM.attributes
                0x00000000000005cc       0x2c ../../../../newlib/cortex-m/libc.a(lib_a-isattyr.o)
 .ARM.attributes
                0x00000000000005f8       0x2c ../../../../newlib/cortex-m/libc.a(lib_a-nano-msizer.o)
 .ARM.attributes
                0x0000000000000624       0x23 ../../../../libc++/cortex-m/libgcc.a(_udivsi3.o)
 .ARM.attributes
                0x0000000000000647       0x23 ../../../../libc++/cortex-m/libgcc.a(_divsi3.o)
 .ARM.attributes
                0x000000000000066a       0x23 ../../../../libc++/cortex-m/libgcc.a(_dvmd_tls.o)
 .ARM.attributes
                0x000000000000068d       0x2d ../../../../libtock/build/cortex-m3/libtock.a(sys.o)
 .ARM.attributes
                0x00000000000006ba       0x2d ../../../../libtock/build/cortex-m3/libtock.a(console.o)
 .ARM.attributes
                0x00000000000006e7       0x2c ../../../../newlib/cortex-m/libc.a(lib_a-errno.o)
 .ARM.attributes
                0x0000000000000713       0x2c ../../../../newlib/cortex-m/libc.a(lib_a-strncpy.o)

.debug_info     0x0000000000000000    0x1db10
 .debug_info    0x0000000000000000      0xb8f build/cortex-m3/main.o
 .debug_info    0x0000000000000b8f      0xd43 ../../../../libtock/build/cortex-m3/libtock.a(crt0.o)
 .debug_info    0x00000000000018d2      0xdf7 ../../../../libtock/build/cortex-m3/libtock.a(ipc.o)
 .debug_info    0x00000000000026c9     0x1206 ../../../../libtock/build/cortex-m3/libtock.a(tock.o)
 .debug_info    0x00000000000038cf      0x959 ../../../../newlib/cortex-m/libc.a(lib_a-exit.o)
 .debug_info    0x0000000000004228      0x8ab ../../../../newlib/cortex-m/libc.a(lib_a-impure.o)
 .debug_info    0x0000000000004ad3      0x928 ../../../../newlib/cortex-m/libc.a(lib_a-malloc.o)
 .debug_info    0x00000000000053fb      0x916 ../../../../newlib/cortex-m/libc.a(lib_a-memcpy-stub.o)
 .debug_info    0x0000000000005d11      0xde0 ../../../../newlib/cortex-m/libc.a(lib_a-memset.o)
 .debug_info    0x0000000000006af1      0xb0c ../../../../newlib/cortex-m/libc.a(lib_a-nano-freer.o)
 .debug_info    0x00000000000075fd      0xbb2 ../../../../newlib/cortex-m/libc.a(lib_a-nano-mallocr.o)
 .debug_info    0x00000000000081af      0xbbb ../../../../newlib/cortex-m/libc.a(lib_a-printf.o)
 .debug_info    0x0000000000008d6a      0x960 ../../../../newlib/cortex-m/libc.a(lib_a-sbrkr.o)
 .debug_info    0x00000000000096ca       0xf6 ../../../../newlib/cortex-m/libc.a(lib_a-strlen.o)
 .debug_info    0x00000000000097c0      0xf6d ../../../../newlib/cortex-m/libc.a(lib_a-findfp.o)
 .debug_info    0x000000000000a72d      0xbd6 ../../../../newlib/cortex-m/libc.a(lib_a-fwalk.o)
 .debug_info    0x000000000000b303      0x8de ../../../../newlib/cortex-m/libc.a(lib_a-mlock.o)
 .debug_info    0x000000000000bbe1     0x15cc ../../../../newlib/cortex-m/libc.a(lib_a-nano-vfprintf.o)
 .debug_info    0x000000000000d1ad      0xa67 ../../../../newlib/cortex-m/libc.a(lib_a-reent.o)
 .debug_info    0x000000000000dc14      0xd5b ../../../../newlib/cortex-m/libc.a(lib_a-stdio.o)
 .debug_info    0x000000000000e96f      0xbdb ../../../../newlib/cortex-m/libc.a(lib_a-wbuf.o)
 .debug_info    0x000000000000f54a      0x9a3 ../../../../newlib/cortex-m/libc.a(lib_a-writer.o)
 .debug_info    0x000000000000feed      0xb53 ../../../../newlib/cortex-m/libc.a(lib_a-wsetup.o)
 .debug_info    0x0000000000010a40      0x956 ../../../../newlib/cortex-m/libc.a(lib_a-closer.o)
 .debug_info    0x0000000000011396      0xc9b ../../../../newlib/cortex-m/libc.a(lib_a-fflush.o)
 .debug_info    0x0000000000012031      0xe14 ../../../../newlib/cortex-m/libc.a(lib_a-fvwrite.o)
 .debug_info    0x0000000000012e45      0x986 ../../../../newlib/cortex-m/libc.a(lib_a-lseekr.o)
 .debug_info    0x00000000000137cb      0xe3f ../../../../newlib/cortex-m/libc.a(lib_a-makebuf.o)
 .debug_info    0x000000000001460a      0x908 ../../../../newlib/cortex-m/libc.a(lib_a-memchr-stub.o)
 .debug_info    0x0000000000014f12      0xdfe ../../../../newlib/cortex-m/libc.a(lib_a-memmove.o)
 .debug_info    0x0000000000015d10      0xabe ../../../../newlib/cortex-m/libc.a(lib_a-nano-reallocr.o)
 .debug_info    0x00000000000167ce     0x1447 ../../../../newlib/cortex-m/libc.a(lib_a-nano-vfprintf_i.o)
 .debug_info    0x0000000000017c15      0x99c ../../../../newlib/cortex-m/libc.a(lib_a-readr.o)
 .debug_info    0x00000000000185b1      0xb68 ../../../../newlib/cortex-m/libc.a(lib_a-fstatr.o)
 .debug_info    0x0000000000019119      0x956 ../../../../newlib/cortex-m/libc.a(lib_a-isattyr.o)
 .debug_info    0x0000000000019a6f      0xa02 ../../../../newlib/cortex-m/libc.a(lib_a-nano-msizer.o)
 .debug_info    0x000000000001a471       0xae ../../../../libc++/cortex-m/libgcc.a(_udivsi3.o)
 .debug_info    0x000000000001a51f       0xae ../../../../libc++/cortex-m/libgcc.a(_divsi3.o)
 .debug_info    0x000000000001a5cd       0xae ../../../../libc++/cortex-m/libgcc.a(_dvmd_tls.o)
 .debug_info    0x000000000001a67b     0x106f ../../../../libtock/build/cortex-m3/libtock.a(sys.o)
 .debug_info    0x000000000001b6ea     0x1254 ../../../../libtock/build/cortex-m3/libtock.a(console.o)
 .debug_info    0x000000000001c93e      0x8d2 ../../../../newlib/cortex-m/libc.a(lib_a-errno.o)
 .debug_info    0x000000000001d210      0x900 ../../../../newlib/cortex-m/libc.a(lib_a-strncpy.o)

.debug_abbrev   0x0000000000000000     0x549b
 .debug_abbrev  0x0000000000000000      0x24a build/cortex-m3/main.o
 .debug_abbrev  0x000000000000024a      0x2c1 ../../../../libtock/build/cortex-m3/libtock.a(crt0.o)
 .debug_abbrev  0x000000000000050b      0x279 ../../../../libtock/build/cortex-m3/libtock.a(ipc.o)
 .debug_abbrev  0x0000000000000784      0x35e ../../../../libtock/build/cortex-m3/libtock.a(tock.o)
 .debug_abbrev  0x0000000000000ae2      0x1cd ../../../../newlib/cortex-m/libc.a(lib_a-exit.o)
 .debug_abbrev  0x0000000000000caf      0x15c ../../../../newlib/cortex-m/libc.a(lib_a-impure.o)
 .debug_abbrev  0x0000000000000e0b      0x1c6 ../../../../newlib/cortex-m/libc.a(lib_a-malloc.o)
 .debug_abbrev  0x0000000000000fd1      0x1ac ../../../../newlib/cortex-m/libc.a(lib_a-memcpy-stub.o)
 .debug_abbrev  0x000000000000117d      0x197 ../../../../newlib/cortex-m/libc.a(lib_a-memset.o)
 .debug_abbrev  0x0000000000001314      0x275 ../../../../newlib/cortex-m/libc.a(lib_a-nano-freer.o)
 .debug_abbrev  0x0000000000001589      0x2c7 ../../../../newlib/cortex-m/libc.a(lib_a-nano-mallocr.o)
 .debug_abbrev  0x0000000000001850      0x24d ../../../../newlib/cortex-m/libc.a(lib_a-printf.o)
 .debug_abbrev  0x0000000000001a9d      0x1df ../../../../newlib/cortex-m/libc.a(lib_a-sbrkr.o)
 .debug_abbrev  0x0000000000001c7c       0x14 ../../../../newlib/cortex-m/libc.a(lib_a-strlen.o)
 .debug_abbrev  0x0000000000001c90      0x32c ../../../../newlib/cortex-m/libc.a(lib_a-findfp.o)
 .debug_abbrev  0x0000000000001fbc      0x1ef ../../../../newlib/cortex-m/libc.a(lib_a-fwalk.o)
 .debug_abbrev  0x00000000000021ab      0x19d ../../../../newlib/cortex-m/libc.a(lib_a-mlock.o)
 .debug_abbrev  0x0000000000002348      0x2c2 ../../../../newlib/cortex-m/libc.a(lib_a-nano-vfprintf.o)
 .debug_abbrev  0x000000000000260a      0x221 ../../../../newlib/cortex-m/libc.a(lib_a-reent.o)
 .debug_abbrev  0x000000000000282b      0x225 ../../../../newlib/cortex-m/libc.a(lib_a-stdio.o)
 .debug_abbrev  0x0000000000002a50      0x233 ../../../../newlib/cortex-m/libc.a(lib_a-wbuf.o)
 .debug_abbrev  0x0000000000002c83      0x1e1 ../../../../newlib/cortex-m/libc.a(lib_a-writer.o)
 .debug_abbrev  0x0000000000002e64      0x208 ../../../../newlib/cortex-m/libc.a(lib_a-wsetup.o)
 .debug_abbrev  0x000000000000306c      0x1da ../../../../newlib/cortex-m/libc.a(lib_a-closer.o)
 .debug_abbrev  0x0000000000003246      0x29d ../../../../newlib/cortex-m/libc.a(lib_a-fflush.o)
 .debug_abbrev  0x00000000000034e3      0x237 ../../../../newlib/cortex-m/libc.a(lib_a-fvwrite.o)
 .debug_abbrev  0x000000000000371a      0x1eb ../../../../newlib/cortex-m/libc.a(lib_a-lseekr.o)
 .debug_abbrev  0x0000000000003905      0x2a3 ../../../../newlib/cortex-m/libc.a(lib_a-makebuf.o)
 .debug_abbrev  0x0000000000003ba8      0x1a5 ../../../../newlib/cortex-m/libc.a(lib_a-memchr-stub.o)
 .debug_abbrev  0x0000000000003d4d      0x19c ../../../../newlib/cortex-m/libc.a(lib_a-memmove.o)
 .debug_abbrev  0x0000000000003ee9      0x1f4 ../../../../newlib/cortex-m/libc.a(lib_a-nano-reallocr.o)
 .debug_abbrev  0x00000000000040dd      0x2aa ../../../../newlib/cortex-m/libc.a(lib_a-nano-vfprintf_i.o)
 .debug_abbrev  0x0000000000004387      0x1dc ../../../../newlib/cortex-m/libc.a(lib_a-readr.o)
 .debug_abbrev  0x0000000000004563      0x1e9 ../../../../newlib/cortex-m/libc.a(lib_a-fstatr.o)
 .debug_abbrev  0x000000000000474c      0x1da ../../../../newlib/cortex-m/libc.a(lib_a-isattyr.o)
 .debug_abbrev  0x0000000000004926      0x1b4 ../../../../newlib/cortex-m/libc.a(lib_a-nano-msizer.o)
 .debug_abbrev  0x0000000000004ada       0x14 ../../../../libc++/cortex-m/libgcc.a(_udivsi3.o)
 .debug_abbrev  0x0000000000004aee       0x14 ../../../../libc++/cortex-m/libgcc.a(_divsi3.o)
 .debug_abbrev  0x0000000000004b02       0x14 ../../../../libc++/cortex-m/libgcc.a(_dvmd_tls.o)
 .debug_abbrev  0x0000000000004b16      0x2cf ../../../../libtock/build/cortex-m3/libtock.a(sys.o)
 .debug_abbrev  0x0000000000004de5      0x3a8 ../../../../libtock/build/cortex-m3/libtock.a(console.o)
 .debug_abbrev  0x000000000000518d      0x178 ../../../../newlib/cortex-m/libc.a(lib_a-errno.o)
 .debug_abbrev  0x0000000000005305      0x196 ../../../../newlib/cortex-m/libc.a(lib_a-strncpy.o)

.debug_loc      0x0000000000000000     0x401a
 .debug_loc     0x0000000000000000      0x145 build/cortex-m3/main.o
 .debug_loc     0x0000000000000145      0x1fb ../../../../libtock/build/cortex-m3/libtock.a(crt0.o)
 .debug_loc     0x0000000000000340      0x30a ../../../../libtock/build/cortex-m3/libtock.a(ipc.o)
 .debug_loc     0x000000000000064a      0x47d ../../../../libtock/build/cortex-m3/libtock.a(tock.o)
 .debug_loc     0x0000000000000ac7       0x1e ../../../../newlib/cortex-m/libc.a(lib_a-exit.o)
 .debug_loc     0x0000000000000ae5       0x58 ../../../../newlib/cortex-m/libc.a(lib_a-malloc.o)
 .debug_loc     0x0000000000000b3d       0xbe ../../../../newlib/cortex-m/libc.a(lib_a-memcpy-stub.o)
 .debug_loc     0x0000000000000bfb       0x72 ../../../../newlib/cortex-m/libc.a(lib_a-memset.o)
 .debug_loc     0x0000000000000c6d       0xe8 ../../../../newlib/cortex-m/libc.a(lib_a-nano-freer.o)
 .debug_loc     0x0000000000000d55      0x222 ../../../../newlib/cortex-m/libc.a(lib_a-nano-mallocr.o)
 .debug_loc     0x0000000000000f77       0x3f ../../../../newlib/cortex-m/libc.a(lib_a-printf.o)
 .debug_loc     0x0000000000000fb6       0x4d ../../../../newlib/cortex-m/libc.a(lib_a-sbrkr.o)
 .debug_loc     0x0000000000001003      0x211 ../../../../newlib/cortex-m/libc.a(lib_a-findfp.o)
 .debug_loc     0x0000000000001214      0x199 ../../../../newlib/cortex-m/libc.a(lib_a-fwalk.o)
 .debug_loc     0x00000000000013ad      0x556 ../../../../newlib/cortex-m/libc.a(lib_a-nano-vfprintf.o)
 .debug_loc     0x0000000000001903       0xcb ../../../../newlib/cortex-m/libc.a(lib_a-reent.o)
 .debug_loc     0x00000000000019ce      0x302 ../../../../newlib/cortex-m/libc.a(lib_a-stdio.o)
 .debug_loc     0x0000000000001cd0      0x128 ../../../../newlib/cortex-m/libc.a(lib_a-wbuf.o)
 .debug_loc     0x0000000000001df8       0xa5 ../../../../newlib/cortex-m/libc.a(lib_a-writer.o)
 .debug_loc     0x0000000000001e9d       0x7e ../../../../newlib/cortex-m/libc.a(lib_a-wsetup.o)
 .debug_loc     0x0000000000001f1b       0x4d ../../../../newlib/cortex-m/libc.a(lib_a-closer.o)
 .debug_loc     0x0000000000001f68      0x2ab ../../../../newlib/cortex-m/libc.a(lib_a-fflush.o)
 .debug_loc     0x0000000000002213      0x5f2 ../../../../newlib/cortex-m/libc.a(lib_a-fvwrite.o)
 .debug_loc     0x0000000000002805       0xa5 ../../../../newlib/cortex-m/libc.a(lib_a-lseekr.o)
 .debug_loc     0x00000000000028aa      0x213 ../../../../newlib/cortex-m/libc.a(lib_a-makebuf.o)
 .debug_loc     0x0000000000002abd       0xb4 ../../../../newlib/cortex-m/libc.a(lib_a-memchr-stub.o)
 .debug_loc     0x0000000000002b71       0xe7 ../../../../newlib/cortex-m/libc.a(lib_a-memmove.o)
 .debug_loc     0x0000000000002c58      0x13c ../../../../newlib/cortex-m/libc.a(lib_a-nano-reallocr.o)
 .debug_loc     0x0000000000002d94      0x5bb ../../../../newlib/cortex-m/libc.a(lib_a-nano-vfprintf_i.o)
 .debug_loc     0x000000000000334f       0xa5 ../../../../newlib/cortex-m/libc.a(lib_a-readr.o)
 .debug_loc     0x00000000000033f4       0x79 ../../../../newlib/cortex-m/libc.a(lib_a-fstatr.o)
 .debug_loc     0x000000000000346d       0x4d ../../../../newlib/cortex-m/libc.a(lib_a-isattyr.o)
 .debug_loc     0x00000000000034ba       0x7d ../../../../newlib/cortex-m/libc.a(lib_a-nano-msizer.o)
 .debug_loc     0x0000000000003537      0x269 ../../../../libtock/build/cortex-m3/libtock.a(sys.o)
 .debug_loc     0x00000000000037a0      0x76b ../../../../libtock/build/cortex-m3/libtock.a(console.o)
 .debug_loc     0x0000000000003f0b      0x10f ../../../../newlib/cortex-m/libc.a(lib_a-strncpy.o)

.debug_aranges  0x0000000000000000      0x778
 .debug_aranges
                0x0000000000000000       0x28 build/cortex-m3/main.o
 .debug_aranges
                0x0000000000000028       0x28 ../../../../libtock/build/cortex-m3/libtock.a(crt0.o)
 .debug_aranges
                0x0000000000000050       0x48 ../../../../libtock/build/cortex-m3/libtock.a(ipc.o)
 .debug_aranges
                0x0000000000000098       0xa8 ../../../../libtock/build/cortex-m3/libtock.a(tock.o)
 .debug_aranges
                0x0000000000000140       0x20 ../../../../newlib/cortex-m/libc.a(lib_a-exit.o)
 .debug_aranges
                0x0000000000000160       0x18 ../../../../newlib/cortex-m/libc.a(lib_a-impure.o)
 .debug_aranges
                0x0000000000000178       0x28 ../../../../newlib/cortex-m/libc.a(lib_a-malloc.o)
 .debug_aranges
                0x00000000000001a0       0x20 ../../../../newlib/cortex-m/libc.a(lib_a-memcpy-stub.o)
 .debug_aranges
                0x00000000000001c0       0x20 ../../../../newlib/cortex-m/libc.a(lib_a-memset.o)
 .debug_aranges
                0x00000000000001e0       0x20 ../../../../newlib/cortex-m/libc.a(lib_a-nano-freer.o)
 .debug_aranges
                0x0000000000000200       0x20 ../../../../newlib/cortex-m/libc.a(lib_a-nano-mallocr.o)
 .debug_aranges
                0x0000000000000220       0x28 ../../../../newlib/cortex-m/libc.a(lib_a-printf.o)
 .debug_aranges
                0x0000000000000248       0x20 ../../../../newlib/cortex-m/libc.a(lib_a-sbrkr.o)
 .debug_aranges
                0x0000000000000268       0x20 ../../../../newlib/cortex-m/libc.a(lib_a-strlen.o)
 .debug_aranges
                0x0000000000000288       0x68 ../../../../newlib/cortex-m/libc.a(lib_a-findfp.o)
 .debug_aranges
                0x00000000000002f0       0x28 ../../../../newlib/cortex-m/libc.a(lib_a-fwalk.o)
 .debug_aranges
                0x0000000000000318       0x20 ../../../../newlib/cortex-m/libc.a(lib_a-mlock.o)
 .debug_aranges
                0x0000000000000338       0x40 ../../../../newlib/cortex-m/libc.a(lib_a-nano-vfprintf.o)
 .debug_aranges
                0x0000000000000378       0x28 ../../../../newlib/cortex-m/libc.a(lib_a-reent.o)
 .debug_aranges
                0x00000000000003a0       0x40 ../../../../newlib/cortex-m/libc.a(lib_a-stdio.o)
 .debug_aranges
                0x00000000000003e0       0x28 ../../../../newlib/cortex-m/libc.a(lib_a-wbuf.o)
 .debug_aranges
                0x0000000000000408       0x20 ../../../../newlib/cortex-m/libc.a(lib_a-writer.o)
 .debug_aranges
                0x0000000000000428       0x20 ../../../../newlib/cortex-m/libc.a(lib_a-wsetup.o)
 .debug_aranges
                0x0000000000000448       0x20 ../../../../newlib/cortex-m/libc.a(lib_a-closer.o)
 .debug_aranges
                0x0000000000000468       0x30 ../../../../newlib/cortex-m/libc.a(lib_a-fflush.o)
 .debug_aranges
                0x0000000000000498       0x20 ../../../../newlib/cortex-m/libc.a(lib_a-fvwrite.o)
 .debug_aranges
                0x00000000000004b8       0x20 ../../../../newlib/cortex-m/libc.a(lib_a-lseekr.o)
 .debug_aranges
                0x00000000000004d8       0x28 ../../../../newlib/cortex-m/libc.a(lib_a-makebuf.o)
 .debug_aranges
                0x0000000000000500       0x20 ../../../../newlib/cortex-m/libc.a(lib_a-memchr-stub.o)
 .debug_aranges
                0x0000000000000520       0x20 ../../../../newlib/cortex-m/libc.a(lib_a-memmove.o)
 .debug_aranges
                0x0000000000000540       0x20 ../../../../newlib/cortex-m/libc.a(lib_a-nano-reallocr.o)
 .debug_aranges
                0x0000000000000560       0x28 ../../../../newlib/cortex-m/libc.a(lib_a-nano-vfprintf_i.o)
 .debug_aranges
                0x0000000000000588       0x20 ../../../../newlib/cortex-m/libc.a(lib_a-readr.o)
 .debug_aranges
                0x00000000000005a8       0x20 ../../../../newlib/cortex-m/libc.a(lib_a-fstatr.o)
 .debug_aranges
                0x00000000000005c8       0x20 ../../../../newlib/cortex-m/libc.a(lib_a-isattyr.o)
 .debug_aranges
                0x00000000000005e8       0x20 ../../../../newlib/cortex-m/libc.a(lib_a-nano-msizer.o)
 .debug_aranges
                0x0000000000000608       0x20 ../../../../libc++/cortex-m/libgcc.a(_udivsi3.o)
 .debug_aranges
                0x0000000000000628       0x20 ../../../../libc++/cortex-m/libgcc.a(_divsi3.o)
 .debug_aranges
                0x0000000000000648       0x20 ../../../../libc++/cortex-m/libgcc.a(_dvmd_tls.o)
 .debug_aranges
                0x0000000000000668       0x78 ../../../../libtock/build/cortex-m3/libtock.a(sys.o)
 .debug_aranges
                0x00000000000006e0       0x58 ../../../../libtock/build/cortex-m3/libtock.a(console.o)
 .debug_aranges
                0x0000000000000738       0x20 ../../../../newlib/cortex-m/libc.a(lib_a-errno.o)
 .debug_aranges
                0x0000000000000758       0x20 ../../../../newlib/cortex-m/libc.a(lib_a-strncpy.o)

.debug_ranges   0x0000000000000000      0x758
 .debug_ranges  0x0000000000000000       0x18 build/cortex-m3/main.o
 .debug_ranges  0x0000000000000018       0x78 ../../../../libtock/build/cortex-m3/libtock.a(crt0.o)
 .debug_ranges  0x0000000000000090       0x38 ../../../../libtock/build/cortex-m3/libtock.a(ipc.o)
 .debug_ranges  0x00000000000000c8       0xb0 ../../../../libtock/build/cortex-m3/libtock.a(tock.o)
 .debug_ranges  0x0000000000000178       0x10 ../../../../newlib/cortex-m/libc.a(lib_a-exit.o)
 .debug_ranges  0x0000000000000188       0x18 ../../../../newlib/cortex-m/libc.a(lib_a-malloc.o)
 .debug_ranges  0x00000000000001a0       0x10 ../../../../newlib/cortex-m/libc.a(lib_a-memcpy-stub.o)
 .debug_ranges  0x00000000000001b0       0x10 ../../../../newlib/cortex-m/libc.a(lib_a-memset.o)
 .debug_ranges  0x00000000000001c0       0x28 ../../../../newlib/cortex-m/libc.a(lib_a-nano-freer.o)
 .debug_ranges  0x00000000000001e8       0x60 ../../../../newlib/cortex-m/libc.a(lib_a-nano-mallocr.o)
 .debug_ranges  0x0000000000000248       0x18 ../../../../newlib/cortex-m/libc.a(lib_a-printf.o)
 .debug_ranges  0x0000000000000260       0x10 ../../../../newlib/cortex-m/libc.a(lib_a-sbrkr.o)
 .debug_ranges  0x0000000000000270       0x58 ../../../../newlib/cortex-m/libc.a(lib_a-findfp.o)
 .debug_ranges  0x00000000000002c8       0x18 ../../../../newlib/cortex-m/libc.a(lib_a-fwalk.o)
 .debug_ranges  0x00000000000002e0       0x10 ../../../../newlib/cortex-m/libc.a(lib_a-mlock.o)
 .debug_ranges  0x00000000000002f0       0x48 ../../../../newlib/cortex-m/libc.a(lib_a-nano-vfprintf.o)
 .debug_ranges  0x0000000000000338       0x48 ../../../../newlib/cortex-m/libc.a(lib_a-reent.o)
 .debug_ranges  0x0000000000000380       0x30 ../../../../newlib/cortex-m/libc.a(lib_a-stdio.o)
 .debug_ranges  0x00000000000003b0       0x30 ../../../../newlib/cortex-m/libc.a(lib_a-wbuf.o)
 .debug_ranges  0x00000000000003e0       0x10 ../../../../newlib/cortex-m/libc.a(lib_a-writer.o)
 .debug_ranges  0x00000000000003f0       0x40 ../../../../newlib/cortex-m/libc.a(lib_a-wsetup.o)
 .debug_ranges  0x0000000000000430       0x28 ../../../../newlib/cortex-m/libc.a(lib_a-closer.o)
 .debug_ranges  0x0000000000000458       0x68 ../../../../newlib/cortex-m/libc.a(lib_a-fflush.o)
 .debug_ranges  0x00000000000004c0       0x30 ../../../../newlib/cortex-m/libc.a(lib_a-fvwrite.o)
 .debug_ranges  0x00000000000004f0       0x10 ../../../../newlib/cortex-m/libc.a(lib_a-lseekr.o)
 .debug_ranges  0x0000000000000500       0x30 ../../../../newlib/cortex-m/libc.a(lib_a-makebuf.o)
 .debug_ranges  0x0000000000000530       0x10 ../../../../newlib/cortex-m/libc.a(lib_a-memchr-stub.o)
 .debug_ranges  0x0000000000000540       0x10 ../../../../newlib/cortex-m/libc.a(lib_a-memmove.o)
 .debug_ranges  0x0000000000000550       0x10 ../../../../newlib/cortex-m/libc.a(lib_a-nano-reallocr.o)
 .debug_ranges  0x0000000000000560       0x88 ../../../../newlib/cortex-m/libc.a(lib_a-nano-vfprintf_i.o)
 .debug_ranges  0x00000000000005e8       0x10 ../../../../newlib/cortex-m/libc.a(lib_a-readr.o)
 .debug_ranges  0x00000000000005f8       0x28 ../../../../newlib/cortex-m/libc.a(lib_a-fstatr.o)
 .debug_ranges  0x0000000000000620       0x28 ../../../../newlib/cortex-m/libc.a(lib_a-isattyr.o)
 .debug_ranges  0x0000000000000648       0x10 ../../../../newlib/cortex-m/libc.a(lib_a-nano-msizer.o)
 .debug_ranges  0x0000000000000658       0x68 ../../../../libtock/build/cortex-m3/libtock.a(sys.o)
 .debug_ranges  0x00000000000006c0       0x78 ../../../../libtock/build/cortex-m3/libtock.a(console.o)
 .debug_ranges  0x0000000000000738       0x10 ../../../../newlib/cortex-m/libc.a(lib_a-errno.o)
 .debug_ranges  0x0000000000000748       0x10 ../../../../newlib/cortex-m/libc.a(lib_a-strncpy.o)

.debug_line     0x0000000000000000     0x594c
 .debug_line    0x0000000000000000      0x259 build/cortex-m3/main.o
 .debug_line    0x0000000000000259      0x2aa ../../../../libtock/build/cortex-m3/libtock.a(crt0.o)
 .debug_line    0x0000000000000503      0x27c ../../../../libtock/build/cortex-m3/libtock.a(ipc.o)
 .debug_line    0x000000000000077f      0x4f8 ../../../../libtock/build/cortex-m3/libtock.a(tock.o)
 .debug_line    0x0000000000000c77      0x1a4 ../../../../newlib/cortex-m/libc.a(lib_a-exit.o)
 .debug_line    0x0000000000000e1b      0x119 ../../../../newlib/cortex-m/libc.a(lib_a-impure.o)
 .debug_line    0x0000000000000f34      0x1be ../../../../newlib/cortex-m/libc.a(lib_a-malloc.o)
 .debug_line    0x00000000000010f2      0x1b1 ../../../../newlib/cortex-m/libc.a(lib_a-memcpy-stub.o)
 .debug_line    0x00000000000012a3      0x216 ../../../../newlib/cortex-m/libc.a(lib_a-memset.o)
 .debug_line    0x00000000000014b9      0x17a ../../../../newlib/cortex-m/libc.a(lib_a-nano-freer.o)
 .debug_line    0x0000000000001633      0x1f3 ../../../../newlib/cortex-m/libc.a(lib_a-nano-mallocr.o)
 .debug_line    0x0000000000001826      0x205 ../../../../newlib/cortex-m/libc.a(lib_a-printf.o)
 .debug_line    0x0000000000001a2b      0x1ab ../../../../newlib/cortex-m/libc.a(lib_a-sbrkr.o)
 .debug_line    0x0000000000001bd6       0x8b ../../../../newlib/cortex-m/libc.a(lib_a-strlen.o)
 .debug_line    0x0000000000001c61      0x303 ../../../../newlib/cortex-m/libc.a(lib_a-findfp.o)
 .debug_line    0x0000000000001f64      0x22b ../../../../newlib/cortex-m/libc.a(lib_a-fwalk.o)
 .debug_line    0x000000000000218f      0x129 ../../../../newlib/cortex-m/libc.a(lib_a-mlock.o)
 .debug_line    0x00000000000022b8      0x443 ../../../../newlib/cortex-m/libc.a(lib_a-nano-vfprintf.o)
 .debug_line    0x00000000000026fb      0x1d5 ../../../../newlib/cortex-m/libc.a(lib_a-reent.o)
 .debug_line    0x00000000000028d0      0x235 ../../../../newlib/cortex-m/libc.a(lib_a-stdio.o)
 .debug_line    0x0000000000002b05      0x241 ../../../../newlib/cortex-m/libc.a(lib_a-wbuf.o)
 .debug_line    0x0000000000002d46      0x1a8 ../../../../newlib/cortex-m/libc.a(lib_a-writer.o)
 .debug_line    0x0000000000002eee      0x234 ../../../../newlib/cortex-m/libc.a(lib_a-wsetup.o)
 .debug_line    0x0000000000003122      0x1ac ../../../../newlib/cortex-m/libc.a(lib_a-closer.o)
 .debug_line    0x00000000000032ce      0x2b2 ../../../../newlib/cortex-m/libc.a(lib_a-fflush.o)
 .debug_line    0x0000000000003580      0x2c3 ../../../../newlib/cortex-m/libc.a(lib_a-fvwrite.o)
 .debug_line    0x0000000000003843      0x1a8 ../../../../newlib/cortex-m/libc.a(lib_a-lseekr.o)
 .debug_line    0x00000000000039eb      0x2be ../../../../newlib/cortex-m/libc.a(lib_a-makebuf.o)
 .debug_line    0x0000000000003ca9      0x1b1 ../../../../newlib/cortex-m/libc.a(lib_a-memchr-stub.o)
 .debug_line    0x0000000000003e5a      0x226 ../../../../newlib/cortex-m/libc.a(lib_a-memmove.o)
 .debug_line    0x0000000000004080      0x1b9 ../../../../newlib/cortex-m/libc.a(lib_a-nano-reallocr.o)
 .debug_line    0x0000000000004239      0x439 ../../../../newlib/cortex-m/libc.a(lib_a-nano-vfprintf_i.o)
 .debug_line    0x0000000000004672      0x1a7 ../../../../newlib/cortex-m/libc.a(lib_a-readr.o)
 .debug_line    0x0000000000004819      0x24f ../../../../newlib/cortex-m/libc.a(lib_a-fstatr.o)
 .debug_line    0x0000000000004a68      0x1ad ../../../../newlib/cortex-m/libc.a(lib_a-isattyr.o)
 .debug_line    0x0000000000004c15      0x13f ../../../../newlib/cortex-m/libc.a(lib_a-nano-msizer.o)
 .debug_line    0x0000000000004d54       0x78 ../../../../libc++/cortex-m/libgcc.a(_udivsi3.o)
 .debug_line    0x0000000000004dcc       0x86 ../../../../libc++/cortex-m/libgcc.a(_divsi3.o)
 .debug_line    0x0000000000004e52       0x61 ../../../../libc++/cortex-m/libgcc.a(_dvmd_tls.o)
 .debug_line    0x0000000000004eb3      0x39f ../../../../libtock/build/cortex-m3/libtock.a(sys.o)
 .debug_line    0x0000000000005252      0x423 ../../../../libtock/build/cortex-m3/libtock.a(console.o)
 .debug_line    0x0000000000005675      0x136 ../../../../newlib/cortex-m/libc.a(lib_a-errno.o)
 .debug_line    0x00000000000057ab      0x1a1 ../../../../newlib/cortex-m/libc.a(lib_a-strncpy.o)

.debug_str      0x0000000000000000     0x21cf
 .debug_str     0x0000000000000000      0x593 build/cortex-m3/main.o
                                        0x677 (size before relaxing)
 .debug_str     0x0000000000000593      0x137 ../../../../libtock/build/cortex-m3/libtock.a(crt0.o)
                                        0x72a (size before relaxing)
 .debug_str     0x00000000000006ca       0x9a ../../../../libtock/build/cortex-m3/libtock.a(ipc.o)
                                        0x6ed (size before relaxing)
 .debug_str     0x0000000000000764      0x1e2 ../../../../libtock/build/cortex-m3/libtock.a(tock.o)
                                        0x84b (size before relaxing)
 .debug_str     0x0000000000000946      0x21d ../../../../newlib/cortex-m/libc.a(lib_a-exit.o)
                                        0x67f (size before relaxing)
 .debug_str     0x0000000000000b63       0xc3 ../../../../newlib/cortex-m/libc.a(lib_a-impure.o)
                                        0x633 (size before relaxing)
 .debug_str     0x0000000000000c26       0x62 ../../../../newlib/cortex-m/libc.a(lib_a-malloc.o)
                                        0x664 (size before relaxing)
 .debug_str     0x0000000000000c88       0xdf ../../../../newlib/cortex-m/libc.a(lib_a-memcpy-stub.o)
                                        0x65d (size before relaxing)
 .debug_str     0x0000000000000d67      0x324 ../../../../newlib/cortex-m/libc.a(lib_a-memset.o)
                                        0x94c (size before relaxing)
 .debug_str     0x000000000000108b      0x147 ../../../../newlib/cortex-m/libc.a(lib_a-nano-freer.o)
                                        0x763 (size before relaxing)
 .debug_str     0x00000000000011d2       0x32 ../../../../newlib/cortex-m/libc.a(lib_a-nano-mallocr.o)
                                        0x77a (size before relaxing)
 .debug_str     0x0000000000001204      0x1ed ../../../../newlib/cortex-m/libc.a(lib_a-printf.o)
                                        0x7ad (size before relaxing)
 .debug_str     0x00000000000013f1       0x57 ../../../../newlib/cortex-m/libc.a(lib_a-sbrkr.o)
                                        0x676 (size before relaxing)
 .debug_str     0x0000000000001448      0x165 ../../../../newlib/cortex-m/libc.a(lib_a-findfp.o)
                                        0x8d7 (size before relaxing)
 .debug_str     0x00000000000015ad       0x51 ../../../../newlib/cortex-m/libc.a(lib_a-fwalk.o)
                                        0x7a9 (size before relaxing)
 .debug_str     0x00000000000015fe       0x5c ../../../../newlib/cortex-m/libc.a(lib_a-mlock.o)
                                        0x65f (size before relaxing)
 .debug_str     0x000000000000165a      0x1d3 ../../../../newlib/cortex-m/libc.a(lib_a-nano-vfprintf.o)
                                        0xc94 (size before relaxing)
 .debug_str     0x000000000000182d       0x6e ../../../../newlib/cortex-m/libc.a(lib_a-reent.o)
                                        0x66f (size before relaxing)
 .debug_str     0x000000000000189b       0xa2 ../../../../newlib/cortex-m/libc.a(lib_a-stdio.o)
                                        0x7fd (size before relaxing)
 .debug_str     0x000000000000193d       0x53 ../../../../newlib/cortex-m/libc.a(lib_a-wbuf.o)
                                        0x7bc (size before relaxing)
 .debug_str     0x0000000000001990       0x43 ../../../../newlib/cortex-m/libc.a(lib_a-writer.o)
                                        0x673 (size before relaxing)
 .debug_str     0x00000000000019d3       0x50 ../../../../newlib/cortex-m/libc.a(lib_a-wsetup.o)
                                        0x7b7 (size before relaxing)
 .debug_str     0x0000000000001a23       0x43 ../../../../newlib/cortex-m/libc.a(lib_a-closer.o)
                                        0x663 (size before relaxing)
 .debug_str     0x0000000000001a66       0x66 ../../../../newlib/cortex-m/libc.a(lib_a-fflush.o)
                                        0x7e5 (size before relaxing)
 .debug_str     0x0000000000001acc       0x75 ../../../../newlib/cortex-m/libc.a(lib_a-fvwrite.o)
                                        0x836 (size before relaxing)
 .debug_str     0x0000000000001b41       0x4a ../../../../newlib/cortex-m/libc.a(lib_a-lseekr.o)
                                        0x671 (size before relaxing)
 .debug_str     0x0000000000001b8b      0x16a ../../../../newlib/cortex-m/libc.a(lib_a-makebuf.o)
                                        0x923 (size before relaxing)
 .debug_str     0x0000000000001cf5       0x61 ../../../../newlib/cortex-m/libc.a(lib_a-memchr-stub.o)
                                        0x659 (size before relaxing)
 .debug_str     0x0000000000001d56       0x4e ../../../../newlib/cortex-m/libc.a(lib_a-memmove.o)
                                        0x967 (size before relaxing)
 .debug_str     0x0000000000001da4       0x23 ../../../../newlib/cortex-m/libc.a(lib_a-nano-reallocr.o)
                                        0x760 (size before relaxing)
 .debug_str     0x0000000000001dc7       0xa4 ../../../../newlib/cortex-m/libc.a(lib_a-nano-vfprintf_i.o)
                                        0xc1a (size before relaxing)
 .debug_str     0x0000000000001e6b       0x42 ../../../../newlib/cortex-m/libc.a(lib_a-readr.o)
                                        0x671 (size before relaxing)
 .debug_str     0x0000000000001ead       0x50 ../../../../newlib/cortex-m/libc.a(lib_a-fstatr.o)
                                        0x7ca (size before relaxing)
 .debug_str     0x0000000000001efd       0x4c ../../../../newlib/cortex-m/libc.a(lib_a-isattyr.o)
                                        0x66d (size before relaxing)
 .debug_str     0x0000000000001f49        0xf ../../../../newlib/cortex-m/libc.a(lib_a-nano-msizer.o)
                                        0x73e (size before relaxing)
 .debug_str     0x0000000000001f58       0x84 ../../../../libtock/build/cortex-m3/libtock.a(sys.o)
                                        0x83f (size before relaxing)
 .debug_str     0x0000000000001fdc       0xec ../../../../libtock/build/cortex-m3/libtock.a(console.o)
                                        0x754 (size before relaxing)
 .debug_str     0x00000000000020c8       0xb6 ../../../../newlib/cortex-m/libc.a(lib_a-errno.o)
                                        0x645 (size before relaxing)
 .debug_str     0x000000000000217e       0x51 ../../../../newlib/cortex-m/libc.a(lib_a-strncpy.o)
                                        0x655 (size before relaxing)

.debug_frame    0x0000000000000000      0xd88
 .debug_frame   0x0000000000000000       0x4c build/cortex-m3/main.o
 .debug_frame   0x000000000000004c       0x38 ../../../../libtock/build/cortex-m3/libtock.a(crt0.o)
 .debug_frame   0x0000000000000084       0x7c ../../../../libtock/build/cortex-m3/libtock.a(ipc.o)
 .debug_frame   0x0000000000000100      0x16c ../../../../libtock/build/cortex-m3/libtock.a(tock.o)
 .debug_frame   0x000000000000026c       0x34 ../../../../newlib/cortex-m/libc.a(lib_a-exit.o)
 .debug_frame   0x00000000000002a0       0x40 ../../../../newlib/cortex-m/libc.a(lib_a-malloc.o)
 .debug_frame   0x00000000000002e0       0x28 ../../../../newlib/cortex-m/libc.a(lib_a-memcpy-stub.o)
 .debug_frame   0x0000000000000308       0x20 ../../../../newlib/cortex-m/libc.a(lib_a-memset.o)
 .debug_frame   0x0000000000000328       0x30 ../../../../newlib/cortex-m/libc.a(lib_a-nano-freer.o)
 .debug_frame   0x0000000000000358       0x34 ../../../../newlib/cortex-m/libc.a(lib_a-nano-mallocr.o)
 .debug_frame   0x000000000000038c       0x54 ../../../../newlib/cortex-m/libc.a(lib_a-printf.o)
 .debug_frame   0x00000000000003e0       0x30 ../../../../newlib/cortex-m/libc.a(lib_a-sbrkr.o)
 .debug_frame   0x0000000000000410      0x168 ../../../../newlib/cortex-m/libc.a(lib_a-findfp.o)
 .debug_frame   0x0000000000000578       0x50 ../../../../newlib/cortex-m/libc.a(lib_a-fwalk.o)
 .debug_frame   0x00000000000005c8       0x30 ../../../../newlib/cortex-m/libc.a(lib_a-mlock.o)
 .debug_frame   0x00000000000005f8       0xa8 ../../../../newlib/cortex-m/libc.a(lib_a-nano-vfprintf.o)
 .debug_frame   0x00000000000006a0       0x50 ../../../../newlib/cortex-m/libc.a(lib_a-reent.o)
 .debug_frame   0x00000000000006f0       0x90 ../../../../newlib/cortex-m/libc.a(lib_a-stdio.o)
 .debug_frame   0x0000000000000780       0x50 ../../../../newlib/cortex-m/libc.a(lib_a-wbuf.o)
 .debug_frame   0x00000000000007d0       0x30 ../../../../newlib/cortex-m/libc.a(lib_a-writer.o)
 .debug_frame   0x0000000000000800       0x38 ../../../../newlib/cortex-m/libc.a(lib_a-wsetup.o)
 .debug_frame   0x0000000000000838       0x30 ../../../../newlib/cortex-m/libc.a(lib_a-closer.o)
 .debug_frame   0x0000000000000868       0x70 ../../../../newlib/cortex-m/libc.a(lib_a-fflush.o)
 .debug_frame   0x00000000000008d8       0x30 ../../../../newlib/cortex-m/libc.a(lib_a-fvwrite.o)
 .debug_frame   0x0000000000000908       0x30 ../../../../newlib/cortex-m/libc.a(lib_a-lseekr.o)
 .debug_frame   0x0000000000000938       0x58 ../../../../newlib/cortex-m/libc.a(lib_a-makebuf.o)
 .debug_frame   0x0000000000000990       0x20 ../../../../newlib/cortex-m/libc.a(lib_a-memchr-stub.o)
 .debug_frame   0x00000000000009b0       0x28 ../../../../newlib/cortex-m/libc.a(lib_a-memmove.o)
 .debug_frame   0x00000000000009d8       0x30 ../../../../newlib/cortex-m/libc.a(lib_a-nano-reallocr.o)
 .debug_frame   0x0000000000000a08       0x58 ../../../../newlib/cortex-m/libc.a(lib_a-nano-vfprintf_i.o)
 .debug_frame   0x0000000000000a60       0x30 ../../../../newlib/cortex-m/libc.a(lib_a-readr.o)
 .debug_frame   0x0000000000000a90       0x30 ../../../../newlib/cortex-m/libc.a(lib_a-fstatr.o)
 .debug_frame   0x0000000000000ac0       0x30 ../../../../newlib/cortex-m/libc.a(lib_a-isattyr.o)
 .debug_frame   0x0000000000000af0       0x20 ../../../../newlib/cortex-m/libc.a(lib_a-nano-msizer.o)
 .debug_frame   0x0000000000000b10       0x20 ../../../../libc++/cortex-m/libgcc.a(_udivsi3.o)
 .debug_frame   0x0000000000000b30       0x20 ../../../../libc++/cortex-m/libgcc.a(_divsi3.o)
 .debug_frame   0x0000000000000b50       0xf0 ../../../../libtock/build/cortex-m3/libtock.a(sys.o)
 .debug_frame   0x0000000000000c40       0xf0 ../../../../libtock/build/cortex-m3/libtock.a(console.o)
 .debug_frame   0x0000000000000d30       0x2c ../../../../newlib/cortex-m/libc.a(lib_a-errno.o)
 .debug_frame   0x0000000000000d5c       0x2c ../../../../newlib/cortex-m/libc.a(lib_a-strncpy.o)
