Archive member included to satisfy reference by file (symbol)

../../../../libtock/build/cortex-m4/libtock.a(alarm_timer.o)
                              build/cortex-m4/main.o (delay_ms)
../../../../libtock/build/cortex-m4/libtock.a(ambient_light.o)
                              build/cortex-m4/main.o (ambient_light_read_intensity_sync)
../../../../libtock/build/cortex-m4/libtock.a(crt0.o)
                              (_start)
../../../../libtock/build/cortex-m4/libtock.a(ipc.o)
                              build/cortex-m4/main.o (ipc_discover)
../../../../libtock/build/cortex-m4/libtock.a(tock.o)
                              ../../../../libtock/build/cortex-m4/libtock.a(alarm_timer.o) (tock_enqueue)
../../../../libtock/build/cortex-m4/libtock.a(alarm_internal.o)
                              ../../../../libtock/build/cortex-m4/libtock.a(alarm_timer.o) (alarm_internal_subscribe)
../../../../newlib/cortex-m/libc.a(lib_a-exit.o)
                              ../../../../libtock/build/cortex-m4/libtock.a(tock.o) (exit)
../../../../newlib/cortex-m/libc.a(lib_a-impure.o)
                              ../../../../newlib/cortex-m/libc.a(lib_a-exit.o) (_global_impure_ptr)
../../../../newlib/cortex-m/libc.a(lib_a-malloc.o)
                              ../../../../libtock/build/cortex-m4/libtock.a(ipc.o) (malloc)
../../../../newlib/cortex-m/libc.a(lib_a-memcpy-stub.o)
                              ../../../../libtock/build/cortex-m4/libtock.a(crt0.o) (memcpy)
../../../../newlib/cortex-m/libc.a(lib_a-memset.o)
                              ../../../../libtock/build/cortex-m4/libtock.a(crt0.o) (memset)
../../../../newlib/cortex-m/libc.a(lib_a-nano-freer.o)
                              ../../../../newlib/cortex-m/libc.a(lib_a-malloc.o) (_free_r)
../../../../newlib/cortex-m/libc.a(lib_a-nano-mallocr.o)
                              ../../../../newlib/cortex-m/libc.a(lib_a-malloc.o) (_malloc_r)
../../../../newlib/cortex-m/libc.a(lib_a-printf.o)
                              ../../../../libtock/build/cortex-m4/libtock.a(tock.o) (printf)
../../../../newlib/cortex-m/libc.a(lib_a-rand.o)
                              build/cortex-m4/main.o (rand)
../../../../newlib/cortex-m/libc.a(lib_a-sbrkr.o)
                              ../../../../newlib/cortex-m/libc.a(lib_a-nano-mallocr.o) (_sbrk_r)
../../../../newlib/cortex-m/libc.a(lib_a-strlen.o)
                              ../../../../libtock/build/cortex-m4/libtock.a(ipc.o) (strlen)
../../../../newlib/cortex-m/libc.a(lib_a-findfp.o)
                              ../../../../newlib/cortex-m/libc.a(lib_a-printf.o) (__sinit)
../../../../newlib/cortex-m/libc.a(lib_a-fwalk.o)
                              ../../../../newlib/cortex-m/libc.a(lib_a-findfp.o) (_fwalk)
../../../../newlib/cortex-m/libc.a(lib_a-mlock.o)
                              ../../../../newlib/cortex-m/libc.a(lib_a-nano-freer.o) (__malloc_lock)
../../../../newlib/cortex-m/libc.a(lib_a-nano-vfprintf.o)
                              ../../../../newlib/cortex-m/libc.a(lib_a-printf.o) (_vfprintf_r)
../../../../newlib/cortex-m/libc.a(lib_a-reent.o)
                              ../../../../newlib/cortex-m/libc.a(lib_a-sbrkr.o) (errno)
../../../../newlib/cortex-m/libc.a(lib_a-stdio.o)
                              ../../../../newlib/cortex-m/libc.a(lib_a-findfp.o) (__sread)
../../../../newlib/cortex-m/libc.a(lib_a-wbuf.o)
                              ../../../../newlib/cortex-m/libc.a(lib_a-nano-vfprintf.o) (__swbuf_r)
../../../../newlib/cortex-m/libc.a(lib_a-writer.o)
                              ../../../../newlib/cortex-m/libc.a(lib_a-stdio.o) (_write_r)
../../../../newlib/cortex-m/libc.a(lib_a-wsetup.o)
                              ../../../../newlib/cortex-m/libc.a(lib_a-nano-vfprintf.o) (__swsetup_r)
../../../../newlib/cortex-m/libc.a(lib_a-closer.o)
                              ../../../../newlib/cortex-m/libc.a(lib_a-stdio.o) (_close_r)
../../../../newlib/cortex-m/libc.a(lib_a-fflush.o)
                              ../../../../newlib/cortex-m/libc.a(lib_a-findfp.o) (_fflush_r)
../../../../newlib/cortex-m/libc.a(lib_a-fvwrite.o)
                              ../../../../newlib/cortex-m/libc.a(lib_a-nano-vfprintf.o) (__sfvwrite_r)
../../../../newlib/cortex-m/libc.a(lib_a-lseekr.o)
                              ../../../../newlib/cortex-m/libc.a(lib_a-stdio.o) (_lseek_r)
../../../../newlib/cortex-m/libc.a(lib_a-makebuf.o)
                              ../../../../newlib/cortex-m/libc.a(lib_a-wsetup.o) (__smakebuf_r)
../../../../newlib/cortex-m/libc.a(lib_a-memchr-stub.o)
                              ../../../../newlib/cortex-m/libc.a(lib_a-nano-vfprintf.o) (memchr)
../../../../newlib/cortex-m/libc.a(lib_a-memmove.o)
                              ../../../../newlib/cortex-m/libc.a(lib_a-fvwrite.o) (memmove)
../../../../newlib/cortex-m/libc.a(lib_a-nano-reallocr.o)
                              ../../../../newlib/cortex-m/libc.a(lib_a-fvwrite.o) (_realloc_r)
[...]
Memory Configuration

Name             Origin             Length             Attributes
FLASH            0x0000000080000000 0x0000000000040000 xr
SRAM             0x0000000000000000 0x0000000000010000 xrw
*default*        0x0000000000000000 0xffffffffffffffff

Linker script and memory map

                0x0000000000000800                STACK_SIZE = 0x800
                0x0000000000000400                APP_HEAP_SIZE = 0x400
                0x0000000000000400                KERNEL_HEAP_SIZE = 0x400
START GROUP
LOAD build/cortex-m4/main.o
LOAD ../../../../libtock/build/cortex-m4/libtock.a
LOAD ../../../../newlib/cortex-m/libc.a
LOAD ../../../../newlib/cortex-m/libm.a
LOAD ../../../../libc++/cortex-m/libstdc++.a
LOAD ../../../../libc++/cortex-m/libsupc++.a
LOAD ../../../../libc++/cortex-m/libgcc.a
END GROUP
                0x0000000000040000                PROG_LENGTH = 0x40000
                0x0000000000010000                RAM_LENGTH = 0x10000

.crt0_header    0x0000000080000000       0x28
                0x0000000080000000                _beginning = .
                0x0000000080000000        0x4 LONG 0x87c (LOADADDR (.got) - _beginning)
                0x0000000080000004        0x4 LONG 0x0 _got
                0x0000000080000008        0x4 LONG 0x50 SIZEOF (.got)
                0x000000008000000c        0x4 LONG 0x8cc (LOADADDR (.data) - _beginning)
                0x0000000080000010        0x4 LONG 0x50 _data
                0x0000000080000014        0x4 LONG 0x78 SIZEOF (.data)
                0x0000000080000018        0x4 LONG 0x100 _bss
                0x000000008000001c        0x4 LONG 0x1c4 SIZEOF (.bss)
                0x0000000080000020        0x4 LONG 0x944 (LOADADDR (.endflash) - _beginning)
                0x0000000080000024        0x4 LONG 0x800 STACK_SIZE

.wfr.app_state  0x0000000080000028        0x0
 *(.app_state)
                0x0000000080000028                . = ALIGN (0x4)

.text           0x0000000080000028      0x854
                0x0000000080000028                . = ALIGN (0x4)
                0x0000000080000028                _text = .
 *(.start)
 .start         0x0000000080000028       0x48 ../../../../libtock/build/cortex-m4/libtock.a(crt0.o)
                0x0000000080000028                _start
 *(.text*)
 .text.ipc_callback
                0x0000000080000070       0x10 build/cortex-m4/main.o
 .text.classifier
                0x0000000080000080        0xa build/cortex-m4/main.o
                0x0000000080000080                classifier
 *fill*         0x000000008000008a        0x2 ff
 .text.startup.main
                0x000000008000008c       0xac build/cortex-m4/main.o
                0x000000008000008c                main
 .text.delay_cb.6398
                0x0000000080000138        0x6 ../../../../libtock/build/cortex-m4/libtock.a(alarm_timer.o)
 .text.alarm_read
                0x000000008000013e        0xc ../../../../libtock/build/cortex-m4/libtock.a(alarm_timer.o)
                0x000000008000013e                alarm_read
 *fill*         0x000000008000014a        0x2 ff
 .text.alarm_at
                0x000000008000014c       0x78 ../../../../libtock/build/cortex-m4/libtock.a(alarm_timer.o)
                0x000000008000014c                alarm_at
 .text.callback
                0x00000000800001c4       0x54 ../../../../libtock/build/cortex-m4/libtock.a(alarm_timer.o)
 .text.timer_in
                0x0000000080000218       0x3e ../../../../libtock/build/cortex-m4/libtock.a(alarm_timer.o)
                0x0000000080000218                timer_in
 *fill*         0x0000000080000256        0x2 ff
 .text.delay_ms
                0x0000000080000258       0x2c ../../../../libtock/build/cortex-m4/libtock.a(alarm_timer.o)
                0x0000000080000258                delay_ms
 .text.ambient_light_cb
                0x0000000080000284        0x8 ../../../../libtock/build/cortex-m4/libtock.a(ambient_light.o)
 .text.ambient_light_subscribe
                0x000000008000028c       0x10 ../../../../libtock/build/cortex-m4/libtock.a(ambient_light.o)
                0x000000008000028c                ambient_light_subscribe
 .text.ambient_light_start_intensity_reading
                0x000000008000029c       0x10 ../../../../libtock/build/cortex-m4/libtock.a(ambient_light.o)
                0x000000008000029c                ambient_light_start_intensity_reading
 .text.ambient_light_read_intensity_sync
                0x00000000800002ac       0x38 ../../../../libtock/build/cortex-m4/libtock.a(ambient_light.o)
                0x00000000800002ac                ambient_light_read_intensity_sync
 .text._c_start
                0x00000000800002e4       0x80 ../../../../libtock/build/cortex-m4/libtock.a(crt0.o)
                0x00000000800002e4                _c_start
 .text.ipc_discover
                0x0000000080000364       0x32 ../../../../libtock/build/cortex-m4/libtock.a(ipc.o)
                0x0000000080000364                ipc_discover
 .text.ipc_register_svc
                0x0000000080000396        0xe ../../../../libtock/build/cortex-m4/libtock.a(ipc.o)
                0x0000000080000396                ipc_register_svc
 .text.ipc_register_client_cb
                0x00000000800003a4       0x18 ../../../../libtock/build/cortex-m4/libtock.a(ipc.o)
                0x00000000800003a4                ipc_register_client_cb
 .text.ipc_notify_svc
                0x00000000800003bc        0xe ../../../../libtock/build/cortex-m4/libtock.a(ipc.o)
                0x00000000800003bc                ipc_notify_svc
 .text.ipc_share
                0x00000000800003ca       0x18 ../../../../libtock/build/cortex-m4/libtock.a(ipc.o)
                0x00000000800003ca                ipc_share
 *fill*         0x00000000800003e2        0x2 ff
 .text.tock_enqueue
                0x00000000800003e4       0x60 ../../../../libtock/build/cortex-m4/libtock.a(tock.o)
                0x00000000800003e4                tock_enqueue
 .text.yield    0x0000000080000444       0x58 ../../../../libtock/build/cortex-m4/libtock.a(tock.o)
                0x0000000080000444                yield
 .text.yield_for
                0x000000008000049c       0x10 ../../../../libtock/build/cortex-m4/libtock.a(tock.o)
                0x000000008000049c                yield_for
 .text.subscribe
                0x00000000800004ac        0x4 ../../../../libtock/build/cortex-m4/libtock.a(tock.o)
                0x00000000800004ac                subscribe
 .text.command  0x00000000800004b0        0x4 ../../../../libtock/build/cortex-m4/libtock.a(tock.o)
                0x00000000800004b0                command
 .text.allow    0x00000000800004b4        0x4 ../../../../libtock/build/cortex-m4/libtock.a(tock.o)
                0x00000000800004b4                allow
 .text.memop    0x00000000800004b8        0x4 ../../../../libtock/build/cortex-m4/libtock.a(tock.o)
                0x00000000800004b8                memop
 .text.alarm_internal_subscribe
                0x00000000800004bc        0xc ../../../../libtock/build/cortex-m4/libtock.a(alarm_internal.o)
                0x00000000800004bc                alarm_internal_subscribe
 .text.alarm_internal_set
                0x00000000800004c8        0xc ../../../../libtock/build/cortex-m4/libtock.a(alarm_internal.o)
                0x00000000800004c8                alarm_internal_set
 .text.alarm_internal_frequency
                0x00000000800004d4        0xc ../../../../libtock/build/cortex-m4/libtock.a(alarm_internal.o)
                0x00000000800004d4                alarm_internal_frequency
 .text.malloc   0x00000000800004e0       0x1c ../../../../newlib/cortex-m/libc.a(lib_a-malloc.o)
                0x00000000800004e0                malloc
 .text.free     0x00000000800004fc       0x1c ../../../../newlib/cortex-m/libc.a(lib_a-malloc.o)
                0x00000000800004fc                free
 .text.memcpy   0x0000000080000518       0x12 ../../../../newlib/cortex-m/libc.a(lib_a-memcpy-stub.o)
                0x0000000080000518                memcpy
 .text.memset   0x000000008000052a       0x10 ../../../../newlib/cortex-m/libc.a(lib_a-memset.o)
                0x000000008000052a                memset
 *fill*         0x000000008000053a        0x2 ff
 .text._free_r  0x000000008000053c       0xa0 ../../../../newlib/cortex-m/libc.a(lib_a-nano-freer.o)
                0x000000008000053c                _free_r
 .text._malloc_r
                0x00000000800005dc       0xcc ../../../../newlib/cortex-m/libc.a(lib_a-nano-mallocr.o)
                0x00000000800005dc                _malloc_r
 .text.rand     0x00000000800006a8       0x84 ../../../../newlib/cortex-m/libc.a(lib_a-rand.o)
                0x00000000800006a8                rand
 .text._sbrk_r  0x000000008000072c       0x30 ../../../../newlib/cortex-m/libc.a(lib_a-sbrkr.o)
                0x000000008000072c                _sbrk_r
 .text          0x000000008000075c        0xe ../../../../newlib/cortex-m/libc.a(lib_a-strlen.o)
                0x000000008000075c                strlen
 .text.__malloc_lock
                0x000000008000076a        0x2 ../../../../newlib/cortex-m/libc.a(lib_a-mlock.o)
                0x000000008000076a                __malloc_lock
 .text.__malloc_unlock
                0x000000008000076c        0x2 ../../../../newlib/cortex-m/libc.a(lib_a-mlock.o)
                0x000000008000076c                __malloc_unlock
 .text.__muldi3
                0x000000008000076e       0x44 ../../../../libc++/cortex-m/libgcc.a(_muldi3.o)
                0x000000008000076e                __aeabi_lmul
                0x000000008000076e                __muldi3
 .text._sbrk    0x00000000800007b2       0x1e ../../../../libtock/build/cortex-m4/libtock.a(sys.o)
                0x00000000800007b2                _sbrk
 .text.__errno  0x00000000800007d0       0x18 ../../../../newlib/cortex-m/libc.a(lib_a-errno.o)
                0x00000000800007d0                __errno
 *(.rodata*)
 .rodata.main.str1.1
                0x00000000800007e8       0x31 build/cortex-m4/main.o
 *fill*         0x0000000080000819        0x3 ff
 .rodata.__sf_fake_stderr
                0x000000008000081c       0x20 ../../../../newlib/cortex-m/libc.a(lib_a-findfp.o)
                0x000000008000081c                __sf_fake_stderr
 .rodata.__sf_fake_stdin
                0x000000008000083c       0x20 ../../../../newlib/cortex-m/libc.a(lib_a-findfp.o)
                0x000000008000083c                __sf_fake_stdin
 .rodata.__sf_fake_stdout
                0x000000008000085c       0x20 ../../../../newlib/cortex-m/libc.a(lib_a-findfp.o)
                0x000000008000085c                __sf_fake_stdout
 *(.syscalls)
                0x000000008000087c                _etext = .
 *(.ARM.extab*)
                0x000000008000087c                . = ALIGN (0x4)

.glue_7         0x000000008000087c        0x0
 .glue_7        0x000000008000087c        0x0 linker stubs

.glue_7t        0x000000008000087c        0x0
 .glue_7t       0x000000008000087c        0x0 linker stubs

.vfp11_veneer   0x000000008000087c        0x0
 .vfp11_veneer  0x000000008000087c        0x0 linker stubs

.v4_bx          0x000000008000087c        0x0
 .v4_bx         0x000000008000087c        0x0 linker stubs

.iplt           0x000000008000087c        0x0
 .iplt          0x000000008000087c        0x0 build/cortex-m4/main.o

.rel.dyn        0x000000008000087c        0x0
 .rel.iplt      0x000000008000087c        0x0 build/cortex-m4/main.o
 .rel.got       0x000000008000087c        0x0 build/cortex-m4/main.o

.got            0x0000000000000000       0x50 load address 0x000000008000087c
                0x0000000000000000                . = ALIGN (0x4)
                0x0000000000000000                _got = .
 *(.got*)
 .got           0x0000000000000000       0x44 build/cortex-m4/main.o
 .got.plt       0x0000000000000044        0xc build/cortex-m4/main.o
                0x0000000000000044                _GLOBAL_OFFSET_TABLE_
 *(.got.plt*)
                0x0000000000000050                . = ALIGN (0x4)

.data           0x0000000000000050       0x78 load address 0x00000000800008cc
                0x0000000000000050                . = ALIGN (0x4)
                0x0000000000000050                _data = .
 *(.data*)
 .data          0x0000000000000050        0x0 build/cortex-m4/main.o
 .data._alert_threshold
                0x0000000000000050        0x4 build/cortex-m4/main.o
                0x0000000000000050                _alert_threshold
 .data._notifier_service
                0x0000000000000054        0x4 build/cortex-m4/main.o
                0x0000000000000054                _notifier_service
 .data          0x0000000000000058        0x0 ../../../../libtock/build/cortex-m4/libtock.a(alarm_timer.o)
 .data          0x0000000000000058        0x0 ../../../../libtock/build/cortex-m4/libtock.a(ambient_light.o)
 .data          0x0000000000000058        0x0 ../../../../libtock/build/cortex-m4/libtock.a(crt0.o)
 .data          0x0000000000000058        0x0 ../../../../libtock/build/cortex-m4/libtock.a(ipc.o)
 .data          0x0000000000000058        0x0 ../../../../libtock/build/cortex-m4/libtock.a(tock.o)
 .data          0x0000000000000058        0x0 ../../../../libtock/build/cortex-m4/libtock.a(alarm_internal.o)
 .data          0x0000000000000058        0x0 ../../../../newlib/cortex-m/libc.a(lib_a-exit.o)
 .data          0x0000000000000058        0x0 ../../../../newlib/cortex-m/libc.a(lib_a-impure.o)
 .data.rel.impure_data
                0x0000000000000058       0x60 ../../../../newlib/cortex-m/libc.a(lib_a-impure.o)
 .data.rel.local._impure_ptr
                0x00000000000000b8        0x4 ../../../../newlib/cortex-m/libc.a(lib_a-impure.o)
                0x00000000000000b8                _impure_ptr
 .data.rel.ro.local._global_impure_ptr
                0x00000000000000bc        0x4 ../../../../newlib/cortex-m/libc.a(lib_a-impure.o)
                0x00000000000000bc                _global_impure_ptr
 .data          0x00000000000000c0        0x0 ../../../../newlib/cortex-m/libc.a(lib_a-malloc.o)
 .data          0x00000000000000c0        0x0 ../../../../newlib/cortex-m/libc.a(lib_a-memcpy-stub.o)
 .data          0x00000000000000c0        0x0 ../../../../newlib/cortex-m/libc.a(lib_a-memset.o)
 .data          0x00000000000000c0        0x0 ../../../../newlib/cortex-m/libc.a(lib_a-nano-freer.o)
 .data          0x00000000000000c0        0x0 ../../../../newlib/cortex-m/libc.a(lib_a-nano-mallocr.o)
 .data          0x00000000000000c0        0x0 ../../../../newlib/cortex-m/libc.a(lib_a-printf.o)
 .data          0x00000000000000c0        0x0 ../../../../newlib/cortex-m/libc.a(lib_a-rand.o)
 .data          0x00000000000000c0        0x0 ../../../../newlib/cortex-m/libc.a(lib_a-sbrkr.o)
 .data          0x00000000000000c0        0x0 ../../../../newlib/cortex-m/libc.a(lib_a-strlen.o)
 .data          0x00000000000000c0        0x0 ../../../../newlib/cortex-m/libc.a(lib_a-findfp.o)
 .data          0x00000000000000c0        0x0 ../../../../newlib/cortex-m/libc.a(lib_a-fwalk.o)
 .data          0x00000000000000c0        0x0 ../../../../newlib/cortex-m/libc.a(lib_a-mlock.o)
 .data          0x00000000000000c0        0x0 ../../../../newlib/cortex-m/libc.a(lib_a-nano-vfprintf.o)
 .data          0x00000000000000c0        0x0 ../../../../newlib/cortex-m/libc.a(lib_a-reent.o)
 .data          0x00000000000000c0        0x0 ../../../../newlib/cortex-m/libc.a(lib_a-stdio.o)
 .data          0x00000000000000c0        0x0 ../../../../newlib/cortex-m/libc.a(lib_a-wbuf.o)
 .data          0x00000000000000c0        0x0 ../../../../newlib/cortex-m/libc.a(lib_a-writer.o)
 .data          0x00000000000000c0        0x0 ../../../../newlib/cortex-m/libc.a(lib_a-wsetup.o)
 .data          0x00000000000000c0        0x0 ../../../../newlib/cortex-m/libc.a(lib_a-closer.o)
 .data          0x00000000000000c0        0x0 ../../../../newlib/cortex-m/libc.a(lib_a-fflush.o)
 .data          0x00000000000000c0        0x0 ../../../../newlib/cortex-m/libc.a(lib_a-fvwrite.o)
 .data          0x00000000000000c0        0x0 ../../../../newlib/cortex-m/libc.a(lib_a-lseekr.o)
 .data          0x00000000000000c0        0x0 ../../../../newlib/cortex-m/libc.a(lib_a-makebuf.o)
 .data          0x00000000000000c0        0x0 ../../../../newlib/cortex-m/libc.a(lib_a-memchr-stub.o)
 .data          0x00000000000000c0        0x0 ../../../../newlib/cortex-m/libc.a(lib_a-memmove.o)
 .data          0x00000000000000c0        0x0 ../../../../newlib/cortex-m/libc.a(lib_a-nano-reallocr.o)
 .data          0x00000000000000c0        0x0 ../../../../newlib/cortex-m/libc.a(lib_a-nano-vfprintf_i.o)
 .data          0x00000000000000c0        0x0 ../../../../newlib/cortex-m/libc.a(lib_a-readr.o)
 .data          0x00000000000000c0        0x0 ../../../../newlib/cortex-m/libc.a(lib_a-fstatr.o)
 .data          0x00000000000000c0        0x0 ../../../../newlib/cortex-m/libc.a(lib_a-isattyr.o)
 .data          0x00000000000000c0        0x0 ../../../../newlib/cortex-m/libc.a(lib_a-nano-msizer.o)
 .data          0x00000000000000c0        0x0 ../../../../libc++/cortex-m/libgcc.a(_udivsi3.o)
 .data          0x00000000000000c0        0x0 ../../../../libc++/cortex-m/libgcc.a(_divsi3.o)
 .data          0x00000000000000c0        0x0 ../../../../libc++/cortex-m/libgcc.a(_dvmd_tls.o)
 .data          0x00000000000000c0        0x0 ../../../../libc++/cortex-m/libgcc.a(_muldi3.o)
 .data          0x00000000000000c0        0x0 ../../../../libtock/build/cortex-m4/libtock.a(sys.o)
 .data          0x00000000000000c0        0x0 ../../../../libtock/build/cortex-m4/libtock.a(console.o)
 .data.getnstr_data
                0x00000000000000c0        0x8 ../../../../libtock/build/cortex-m4/libtock.a(console.o)
 .data          0x00000000000000c8        0x0 ../../../../newlib/cortex-m/libc.a(lib_a-errno.o)
 .data          0x00000000000000c8        0x0 ../../../../newlib/cortex-m/libc.a(lib_a-strncpy.o)
                0x00000000000000c8                . = ALIGN (0x4)

.igot.plt       0x00000000000000c8        0x0 load address 0x0000000080000944
 .igot.plt      0x00000000000000c8        0x0 build/cortex-m4/main.o

.bss            0x0000000000000100      0x1c4 load address 0x0000000080000944
                0x0000000000000100                . = ALIGN (0x4)
                0x0000000000000100                _bss = .
 *(.bss*)
 .bss           0x0000000000000100        0x0 build/cortex-m4/main.o
 .bss._done     0x0000000000000100        0x1 build/cortex-m4/main.o
                0x0000000000000100                _done
 .bss._number_of_leds
                0x0000000000000101        0x1 build/cortex-m4/main.o
                0x0000000000000101                _number_of_leds
 .bss           0x0000000000000102        0x0 ../../../../libtock/build/cortex-m4/libtock.a(alarm_timer.o)
 *fill*         0x0000000000000102        0x2 
 .bss.root      0x0000000000000104        0x4 ../../../../libtock/build/cortex-m4/libtock.a(alarm_timer.o)
 .bss           0x0000000000000108        0x0 ../../../../libtock/build/cortex-m4/libtock.a(ambient_light.o)
 .bss           0x0000000000000108        0x0 ../../../../libtock/build/cortex-m4/libtock.a(crt0.o)
 .bss           0x0000000000000108        0x0 ../../../../libtock/build/cortex-m4/libtock.a(ipc.o)
 .bss           0x0000000000000108        0x0 ../../../../libtock/build/cortex-m4/libtock.a(tock.o)
 .bss.task_cur  0x0000000000000108        0x4 ../../../../libtock/build/cortex-m4/libtock.a(tock.o)
 .bss.task_last
                0x000000000000010c        0x4 ../../../../libtock/build/cortex-m4/libtock.a(tock.o)
 .bss.task_queue
                0x0000000000000110      0x140 ../../../../libtock/build/cortex-m4/libtock.a(tock.o)
 .bss           0x0000000000000250        0x0 ../../../../libtock/build/cortex-m4/libtock.a(alarm_internal.o)
 .bss           0x0000000000000250        0x0 ../../../../newlib/cortex-m/libc.a(lib_a-exit.o)
 .bss           0x0000000000000250        0x0 ../../../../newlib/cortex-m/libc.a(lib_a-impure.o)
 .bss           0x0000000000000250        0x0 ../../../../newlib/cortex-m/libc.a(lib_a-malloc.o)
 .bss           0x0000000000000250        0x0 ../../../../newlib/cortex-m/libc.a(lib_a-memcpy-stub.o)
 .bss           0x0000000000000250        0x0 ../../../../newlib/cortex-m/libc.a(lib_a-memset.o)
 .bss           0x0000000000000250        0x0 ../../../../newlib/cortex-m/libc.a(lib_a-nano-freer.o)
 .bss           0x0000000000000250        0x0 ../../../../newlib/cortex-m/libc.a(lib_a-nano-mallocr.o)
 .bss.__malloc_free_list
                0x0000000000000250        0x4 ../../../../newlib/cortex-m/libc.a(lib_a-nano-mallocr.o)
                0x0000000000000250                __malloc_free_list
 .bss.__malloc_sbrk_start
                0x0000000000000254        0x4 ../../../../newlib/cortex-m/libc.a(lib_a-nano-mallocr.o)
                0x0000000000000254                __malloc_sbrk_start
 .bss           0x0000000000000258        0x0 ../../../../newlib/cortex-m/libc.a(lib_a-printf.o)
 .bss           0x0000000000000258        0x0 ../../../../newlib/cortex-m/libc.a(lib_a-rand.o)
 .bss           0x0000000000000258        0x0 ../../../../newlib/cortex-m/libc.a(lib_a-sbrkr.o)
 .bss           0x0000000000000258        0x0 ../../../../newlib/cortex-m/libc.a(lib_a-strlen.o)
 .bss           0x0000000000000258        0x0 ../../../../newlib/cortex-m/libc.a(lib_a-findfp.o)
 .bss           0x0000000000000258        0x0 ../../../../newlib/cortex-m/libc.a(lib_a-fwalk.o)
 .bss           0x0000000000000258        0x0 ../../../../newlib/cortex-m/libc.a(lib_a-mlock.o)
 .bss           0x0000000000000258        0x0 ../../../../newlib/cortex-m/libc.a(lib_a-nano-vfprintf.o)
 .bss           0x0000000000000258        0x0 ../../../../newlib/cortex-m/libc.a(lib_a-reent.o)
 .bss           0x0000000000000258        0x0 ../../../../newlib/cortex-m/libc.a(lib_a-stdio.o)
 .bss           0x0000000000000258        0x0 ../../../../newlib/cortex-m/libc.a(lib_a-wbuf.o)
 .bss           0x0000000000000258        0x0 ../../../../newlib/cortex-m/libc.a(lib_a-writer.o)
 .bss           0x0000000000000258        0x0 ../../../../newlib/cortex-m/libc.a(lib_a-wsetup.o)
 .bss           0x0000000000000258        0x0 ../../../../newlib/cortex-m/libc.a(lib_a-closer.o)
 .bss           0x0000000000000258        0x0 ../../../../newlib/cortex-m/libc.a(lib_a-fflush.o)
 .bss           0x0000000000000258        0x0 ../../../../newlib/cortex-m/libc.a(lib_a-fvwrite.o)
 .bss           0x0000000000000258        0x0 ../../../../newlib/cortex-m/libc.a(lib_a-lseekr.o)
 .bss           0x0000000000000258        0x0 ../../../../newlib/cortex-m/libc.a(lib_a-makebuf.o)
 .bss           0x0000000000000258        0x0 ../../../../newlib/cortex-m/libc.a(lib_a-memchr-stub.o)
 .bss           0x0000000000000258        0x0 ../../../../newlib/cortex-m/libc.a(lib_a-memmove.o)
 .bss           0x0000000000000258        0x0 ../../../../newlib/cortex-m/libc.a(lib_a-nano-reallocr.o)
 .bss           0x0000000000000258        0x0 ../../../../newlib/cortex-m/libc.a(lib_a-nano-vfprintf_i.o)
 .bss           0x0000000000000258        0x0 ../../../../newlib/cortex-m/libc.a(lib_a-readr.o)
 .bss           0x0000000000000258        0x0 ../../../../newlib/cortex-m/libc.a(lib_a-fstatr.o)
 .bss           0x0000000000000258        0x0 ../../../../newlib/cortex-m/libc.a(lib_a-isattyr.o)
 .bss           0x0000000000000258        0x0 ../../../../newlib/cortex-m/libc.a(lib_a-nano-msizer.o)
 .bss           0x0000000000000258        0x0 ../../../../libc++/cortex-m/libgcc.a(_udivsi3.o)
 .bss           0x0000000000000258        0x0 ../../../../libc++/cortex-m/libgcc.a(_divsi3.o)
 .bss           0x0000000000000258        0x0 ../../../../libc++/cortex-m/libgcc.a(_dvmd_tls.o)
 .bss           0x0000000000000258        0x0 ../../../../libc++/cortex-m/libgcc.a(_muldi3.o)
 .bss           0x0000000000000258        0x0 ../../../../libtock/build/cortex-m4/libtock.a(sys.o)
 .bss.__dso_handle
                0x0000000000000258        0x4 ../../../../libtock/build/cortex-m4/libtock.a(sys.o)
                0x0000000000000258                __dso_handle
 .bss           0x000000000000025c        0x0 ../../../../libtock/build/cortex-m4/libtock.a(console.o)
 .bss.putstr_head
                0x000000000000025c        0x4 ../../../../libtock/build/cortex-m4/libtock.a(console.o)
 .bss.putstr_tail
                0x0000000000000260        0x4 ../../../../libtock/build/cortex-m4/libtock.a(console.o)
 .bss           0x0000000000000264        0x0 ../../../../newlib/cortex-m/libc.a(lib_a-errno.o)
 .bss           0x0000000000000264        0x0 ../../../../newlib/cortex-m/libc.a(lib_a-strncpy.o)
 *(COMMON)
 *fill*         0x0000000000000264       0x1c 
 COMMON         0x0000000000000280       0x40 build/cortex-m4/main.o
                0x0000000000000280                _notifier_buf
 COMMON         0x00000000000002c0        0x4 ../../../../newlib/cortex-m/libc.a(lib_a-reent.o)
                0x00000000000002c0                errno
                0x00000000000002c4                . = ALIGN (0x4)

.endflash       0x0000000080000944        0x0
                [!provide]                        PROVIDE (__exidx_start = .)

.ARM.exidx
 *(.ARM.exidx* .gnu.linkonce.armexidx.*)
                [!provide]                        PROVIDE (__exidx_end = .)
                0x0000000000000001                ASSERT ((_got <= _bss), 
The GOT section must be before the BSS section for crt0 setup to be correct.)
                0x0000000000000001                ASSERT ((_data <= _bss), 
The data section must be before the BSS section for crt0 setup to be correct.)
OUTPUT(build/cortex-m4/cortex-m4.elf elf32-littlearm)

.GCC.command.line
                0x0000000000000000      0x887
 .GCC.command.line
                0x0000000000000000      0x4ca build/cortex-m4/main.o
 .GCC.command.line
                0x00000000000004ca      0x18d ../../../../libtock/build/cortex-m4/libtock.a(alarm_timer.o)
                                        0x52b (size before relaxing)
 .GCC.command.line
                0x0000000000000657       0x5b ../../../../libtock/build/cortex-m4/libtock.a(ambient_light.o)
                                        0x52f (size before relaxing)
 .GCC.command.line
                0x00000000000006b2       0x49 ../../../../libtock/build/cortex-m4/libtock.a(crt0.o)
                                        0x51d (size before relaxing)
 .GCC.command.line
                0x00000000000006fb       0x47 ../../../../libtock/build/cortex-m4/libtock.a(ipc.o)
                                        0x51b (size before relaxing)
 .GCC.command.line
                0x0000000000000742       0x49 ../../../../libtock/build/cortex-m4/libtock.a(tock.o)
                                        0x51d (size before relaxing)
 .GCC.command.line
                0x000000000000078b       0x66 ../../../../libtock/build/cortex-m4/libtock.a(alarm_internal.o)
                                        0x53a (size before relaxing)
 .GCC.command.line
                0x00000000000007f1       0x47 ../../../../libtock/build/cortex-m4/libtock.a(sys.o)
                                        0x51b (size before relaxing)
 .GCC.command.line
                0x0000000000000838       0x4f ../../../../libtock/build/cortex-m4/libtock.a(console.o)
                                        0x523 (size before relaxing)

.comment        0x0000000000000000       0xac
 .comment       0x0000000000000000       0x75 build/cortex-m4/main.o
                                         0x76 (size before relaxing)
 .comment       0x0000000000000075       0x76 ../../../../libtock/build/cortex-m4/libtock.a(alarm_timer.o)
 .comment       0x0000000000000075       0x76 ../../../../libtock/build/cortex-m4/libtock.a(ambient_light.o)
 .comment       0x0000000000000075       0x76 ../../../../libtock/build/cortex-m4/libtock.a(crt0.o)
 .comment       0x0000000000000075       0x76 ../../../../libtock/build/cortex-m4/libtock.a(ipc.o)
 .comment       0x0000000000000075       0x76 ../../../../libtock/build/cortex-m4/libtock.a(tock.o)
 .comment       0x0000000000000075       0x76 ../../../../libtock/build/cortex-m4/libtock.a(alarm_internal.o)
 .comment       0x0000000000000075       0x26 ../../../../newlib/cortex-m/libc.a(lib_a-exit.o)
                                         0x27 (size before relaxing)
 .comment       0x000000000000009b       0x27 ../../../../newlib/cortex-m/libc.a(lib_a-impure.o)
 .comment       0x000000000000009b       0x27 ../../../../newlib/cortex-m/libc.a(lib_a-malloc.o)
 .comment       0x000000000000009b       0x27 ../../../../newlib/cortex-m/libc.a(lib_a-memcpy-stub.o)
 .comment       0x000000000000009b       0x27 ../../../../newlib/cortex-m/libc.a(lib_a-memset.o)
 .comment       0x000000000000009b       0x27 ../../../../newlib/cortex-m/libc.a(lib_a-nano-freer.o)
 .comment       0x000000000000009b       0x27 ../../../../newlib/cortex-m/libc.a(lib_a-nano-mallocr.o)
 .comment       0x000000000000009b       0x27 ../../../../newlib/cortex-m/libc.a(lib_a-printf.o)
 .comment       0x000000000000009b       0x27 ../../../../newlib/cortex-m/libc.a(lib_a-rand.o)
 .comment       0x000000000000009b       0x27 ../../../../newlib/cortex-m/libc.a(lib_a-sbrkr.o)
 .comment       0x000000000000009b       0x27 ../../../../newlib/cortex-m/libc.a(lib_a-findfp.o)
 .comment       0x000000000000009b       0x27 ../../../../newlib/cortex-m/libc.a(lib_a-fwalk.o)
 .comment       0x000000000000009b       0x27 ../../../../newlib/cortex-m/libc.a(lib_a-mlock.o)
 .comment       0x000000000000009b       0x27 ../../../../newlib/cortex-m/libc.a(lib_a-nano-vfprintf.o)
 .comment       0x000000000000009b       0x27 ../../../../newlib/cortex-m/libc.a(lib_a-reent.o)
 .comment       0x000000000000009b       0x27 ../../../../newlib/cortex-m/libc.a(lib_a-stdio.o)
 .comment       0x000000000000009b       0x27 ../../../../newlib/cortex-m/libc.a(lib_a-wbuf.o)
 .comment       0x000000000000009b       0x27 ../../../../newlib/cortex-m/libc.a(lib_a-writer.o)
 .comment       0x000000000000009b       0x27 ../../../../newlib/cortex-m/libc.a(lib_a-wsetup.o)
 .comment       0x000000000000009b       0x27 ../../../../newlib/cortex-m/libc.a(lib_a-closer.o)
 .comment       0x000000000000009b       0x27 ../../../../newlib/cortex-m/libc.a(lib_a-fflush.o)
 .comment       0x000000000000009b       0x27 ../../../../newlib/cortex-m/libc.a(lib_a-fvwrite.o)
 .comment       0x000000000000009b       0x27 ../../../../newlib/cortex-m/libc.a(lib_a-lseekr.o)
 .comment       0x000000000000009b       0x27 ../../../../newlib/cortex-m/libc.a(lib_a-makebuf.o)
 .comment       0x000000000000009b       0x27 ../../../../newlib/cortex-m/libc.a(lib_a-memchr-stub.o)
 .comment       0x000000000000009b       0x27 ../../../../newlib/cortex-m/libc.a(lib_a-memmove.o)
 .comment       0x000000000000009b       0x27 ../../../../newlib/cortex-m/libc.a(lib_a-nano-reallocr.o)
 .comment       0x000000000000009b       0x27 ../../../../newlib/cortex-m/libc.a(lib_a-nano-vfprintf_i.o)
 .comment       0x000000000000009b       0x27 ../../../../newlib/cortex-m/libc.a(lib_a-readr.o)
 .comment       0x000000000000009b       0x27 ../../../../newlib/cortex-m/libc.a(lib_a-fstatr.o)
 .comment       0x000000000000009b       0x27 ../../../../newlib/cortex-m/libc.a(lib_a-isattyr.o)
 .comment       0x000000000000009b       0x27 ../../../../newlib/cortex-m/libc.a(lib_a-nano-msizer.o)
 .comment       0x000000000000009b       0x11 ../../../../libc++/cortex-m/libgcc.a(_muldi3.o)
                                         0x12 (size before relaxing)
 .comment       0x00000000000000ac       0x76 ../../../../libtock/build/cortex-m4/libtock.a(sys.o)
 .comment       0x00000000000000ac       0x76 ../../../../libtock/build/cortex-m4/libtock.a(console.o)
 .comment       0x00000000000000ac       0x27 ../../../../newlib/cortex-m/libc.a(lib_a-errno.o)
 .comment       0x00000000000000ac       0x27 ../../../../newlib/cortex-m/libc.a(lib_a-strncpy.o)

.ARM.attributes
                0x0000000000000000       0x2c
 .ARM.attributes
                0x0000000000000000       0x2e build/cortex-m4/main.o
 .ARM.attributes
                0x000000000000002e       0x2e ../../../../libtock/build/cortex-m4/libtock.a(alarm_timer.o)
 .ARM.attributes
                0x000000000000005c       0x2e ../../../../libtock/build/cortex-m4/libtock.a(ambient_light.o)
 .ARM.attributes
                0x000000000000008a       0x2e ../../../../libtock/build/cortex-m4/libtock.a(crt0.o)
 .ARM.attributes
                0x00000000000000b8       0x2e ../../../../libtock/build/cortex-m4/libtock.a(ipc.o)
 .ARM.attributes
                0x00000000000000e6       0x2e ../../../../libtock/build/cortex-m4/libtock.a(tock.o)
 .ARM.attributes
                0x0000000000000114       0x2e ../../../../libtock/build/cortex-m4/libtock.a(alarm_internal.o)
 .ARM.attributes
                0x0000000000000142       0x2c ../../../../newlib/cortex-m/libc.a(lib_a-exit.o)
 .ARM.attributes
                0x000000000000016e       0x2c ../../../../newlib/cortex-m/libc.a(lib_a-impure.o)
 .ARM.attributes
                0x000000000000019a       0x2c ../../../../newlib/cortex-m/libc.a(lib_a-malloc.o)
 .ARM.attributes
                0x00000000000001c6       0x2c ../../../../newlib/cortex-m/libc.a(lib_a-memcpy-stub.o)
 .ARM.attributes
                0x00000000000001f2       0x2c ../../../../newlib/cortex-m/libc.a(lib_a-memset.o)
 .ARM.attributes
                0x000000000000021e       0x2c ../../../../newlib/cortex-m/libc.a(lib_a-nano-freer.o)
 .ARM.attributes
                0x000000000000024a       0x2c ../../../../newlib/cortex-m/libc.a(lib_a-nano-mallocr.o)
 .ARM.attributes
                0x0000000000000276       0x2c ../../../../newlib/cortex-m/libc.a(lib_a-printf.o)
 .ARM.attributes
                0x00000000000002a2       0x2c ../../../../newlib/cortex-m/libc.a(lib_a-rand.o)
 .ARM.attributes
                0x00000000000002ce       0x2c ../../../../newlib/cortex-m/libc.a(lib_a-sbrkr.o)
 .ARM.attributes
                0x00000000000002fa       0x1c ../../../../newlib/cortex-m/libc.a(lib_a-strlen.o)
 .ARM.attributes
                0x0000000000000316       0x2c ../../../../newlib/cortex-m/libc.a(lib_a-findfp.o)
 .ARM.attributes
                0x0000000000000342       0x2c ../../../../newlib/cortex-m/libc.a(lib_a-fwalk.o)
 .ARM.attributes
                0x000000000000036e       0x2c ../../../../newlib/cortex-m/libc.a(lib_a-mlock.o)
 .ARM.attributes
                0x000000000000039a       0x2c ../../../../newlib/cortex-m/libc.a(lib_a-nano-vfprintf.o)
 .ARM.attributes
                0x00000000000003c6       0x2c ../../../../newlib/cortex-m/libc.a(lib_a-reent.o)
 .ARM.attributes
                0x00000000000003f2       0x2c ../../../../newlib/cortex-m/libc.a(lib_a-stdio.o)
 .ARM.attributes
                0x000000000000041e       0x2c ../../../../newlib/cortex-m/libc.a(lib_a-wbuf.o)
 .ARM.attributes
                0x000000000000044a       0x2c ../../../../newlib/cortex-m/libc.a(lib_a-writer.o)
 .ARM.attributes
                0x0000000000000476       0x2c ../../../../newlib/cortex-m/libc.a(lib_a-wsetup.o)
 .ARM.attributes
                0x00000000000004a2       0x2c ../../../../newlib/cortex-m/libc.a(lib_a-closer.o)
 .ARM.attributes
                0x00000000000004ce       0x2c ../../../../newlib/cortex-m/libc.a(lib_a-fflush.o)
 .ARM.attributes
                0x00000000000004fa       0x2c ../../../../newlib/cortex-m/libc.a(lib_a-fvwrite.o)
 .ARM.attributes
                0x0000000000000526       0x2c ../../../../newlib/cortex-m/libc.a(lib_a-lseekr.o)
 .ARM.attributes
                0x0000000000000552       0x2c ../../../../newlib/cortex-m/libc.a(lib_a-makebuf.o)
 .ARM.attributes
                0x000000000000057e       0x2c ../../../../newlib/cortex-m/libc.a(lib_a-memchr-stub.o)
 .ARM.attributes
                0x00000000000005aa       0x2c ../../../../newlib/cortex-m/libc.a(lib_a-memmove.o)
 .ARM.attributes
                0x00000000000005d6       0x2c ../../../../newlib/cortex-m/libc.a(lib_a-nano-reallocr.o)
 .ARM.attributes
                0x0000000000000602       0x2c ../../../../newlib/cortex-m/libc.a(lib_a-nano-vfprintf_i.o)
 .ARM.attributes
                0x000000000000062e       0x2c ../../../../newlib/cortex-m/libc.a(lib_a-readr.o)
 .ARM.attributes
                0x000000000000065a       0x2c ../../../../newlib/cortex-m/libc.a(lib_a-fstatr.o)
 .ARM.attributes
                0x0000000000000686       0x2c ../../../../newlib/cortex-m/libc.a(lib_a-isattyr.o)
 .ARM.attributes
                0x00000000000006b2       0x2c ../../../../newlib/cortex-m/libc.a(lib_a-nano-msizer.o)
 .ARM.attributes
                0x00000000000006de       0x23 ../../../../libc++/cortex-m/libgcc.a(_udivsi3.o)
 .ARM.attributes
                0x0000000000000701       0x23 ../../../../libc++/cortex-m/libgcc.a(_divsi3.o)
 .ARM.attributes
                0x0000000000000724       0x23 ../../../../libc++/cortex-m/libgcc.a(_dvmd_tls.o)
 .ARM.attributes
                0x0000000000000747       0x31 ../../../../libc++/cortex-m/libgcc.a(_muldi3.o)
 .ARM.attributes
                0x0000000000000778       0x2e ../../../../libtock/build/cortex-m4/libtock.a(sys.o)
 .ARM.attributes
                0x00000000000007a6       0x2e ../../../../libtock/build/cortex-m4/libtock.a(console.o)
 .ARM.attributes
                0x00000000000007d4       0x2c ../../../../newlib/cortex-m/libc.a(lib_a-errno.o)
 .ARM.attributes
                0x0000000000000800       0x2c ../../../../newlib/cortex-m/libc.a(lib_a-strncpy.o)

.debug_info     0x0000000000000000    0x225e3
 .debug_info    0x0000000000000000      0xd14 build/cortex-m4/main.o
 .debug_info    0x0000000000000d14     0x14f4 ../../../../libtock/build/cortex-m4/libtock.a(alarm_timer.o)
 .debug_info    0x0000000000002208      0xc90 ../../../../libtock/build/cortex-m4/libtock.a(ambient_light.o)
 .debug_info    0x0000000000002e98      0xd43 ../../../../libtock/build/cortex-m4/libtock.a(crt0.o)
 .debug_info    0x0000000000003bdb      0xdf7 ../../../../libtock/build/cortex-m4/libtock.a(ipc.o)
 .debug_info    0x00000000000049d2     0x1206 ../../../../libtock/build/cortex-m4/libtock.a(tock.o)
 .debug_info    0x0000000000005bd8      0xbed ../../../../libtock/build/cortex-m4/libtock.a(alarm_internal.o)
 .debug_info    0x00000000000067c5      0x959 ../../../../newlib/cortex-m/libc.a(lib_a-exit.o)
 .debug_info    0x000000000000711e      0x8ab ../../../../newlib/cortex-m/libc.a(lib_a-impure.o)
 .debug_info    0x00000000000079c9      0x928 ../../../../newlib/cortex-m/libc.a(lib_a-malloc.o)
 .debug_info    0x00000000000082f1      0x916 ../../../../newlib/cortex-m/libc.a(lib_a-memcpy-stub.o)
 .debug_info    0x0000000000008c07      0xde0 ../../../../newlib/cortex-m/libc.a(lib_a-memset.o)
 .debug_info    0x00000000000099e7      0xb0c ../../../../newlib/cortex-m/libc.a(lib_a-nano-freer.o)
 .debug_info    0x000000000000a4f3      0xbb2 ../../../../newlib/cortex-m/libc.a(lib_a-nano-mallocr.o)
 .debug_info    0x000000000000b0a5      0xbbb ../../../../newlib/cortex-m/libc.a(lib_a-printf.o)
 .debug_info    0x000000000000bc60      0x97d ../../../../newlib/cortex-m/libc.a(lib_a-rand.o)
 .debug_info    0x000000000000c5dd      0x960 ../../../../newlib/cortex-m/libc.a(lib_a-sbrkr.o)
 .debug_info    0x000000000000cf3d       0xf6 ../../../../newlib/cortex-m/libc.a(lib_a-strlen.o)
 .debug_info    0x000000000000d033      0xf6d ../../../../newlib/cortex-m/libc.a(lib_a-findfp.o)
 .debug_info    0x000000000000dfa0      0xbd6 ../../../../newlib/cortex-m/libc.a(lib_a-fwalk.o)
 .debug_info    0x000000000000eb76      0x8de ../../../../newlib/cortex-m/libc.a(lib_a-mlock.o)
 .debug_info    0x000000000000f454     0x15cc ../../../../newlib/cortex-m/libc.a(lib_a-nano-vfprintf.o)
 .debug_info    0x0000000000010a20      0xa67 ../../../../newlib/cortex-m/libc.a(lib_a-reent.o)
 .debug_info    0x0000000000011487      0xd5b ../../../../newlib/cortex-m/libc.a(lib_a-stdio.o)
 .debug_info    0x00000000000121e2      0xbdb ../../../../newlib/cortex-m/libc.a(lib_a-wbuf.o)
 .debug_info    0x0000000000012dbd      0x9a3 ../../../../newlib/cortex-m/libc.a(lib_a-writer.o)
 .debug_info    0x0000000000013760      0xb53 ../../../../newlib/cortex-m/libc.a(lib_a-wsetup.o)
 .debug_info    0x00000000000142b3      0x956 ../../../../newlib/cortex-m/libc.a(lib_a-closer.o)
 .debug_info    0x0000000000014c09      0xc9b ../../../../newlib/cortex-m/libc.a(lib_a-fflush.o)
 .debug_info    0x00000000000158a4      0xe14 ../../../../newlib/cortex-m/libc.a(lib_a-fvwrite.o)
 .debug_info    0x00000000000166b8      0x986 ../../../../newlib/cortex-m/libc.a(lib_a-lseekr.o)
 .debug_info    0x000000000001703e      0xe3f ../../../../newlib/cortex-m/libc.a(lib_a-makebuf.o)
 .debug_info    0x0000000000017e7d      0x908 ../../../../newlib/cortex-m/libc.a(lib_a-memchr-stub.o)
 .debug_info    0x0000000000018785      0xdfe ../../../../newlib/cortex-m/libc.a(lib_a-memmove.o)
 .debug_info    0x0000000000019583      0xabe ../../../../newlib/cortex-m/libc.a(lib_a-nano-reallocr.o)
 .debug_info    0x000000000001a041     0x1447 ../../../../newlib/cortex-m/libc.a(lib_a-nano-vfprintf_i.o)
 .debug_info    0x000000000001b488      0x99c ../../../../newlib/cortex-m/libc.a(lib_a-readr.o)
 .debug_info    0x000000000001be24      0xb68 ../../../../newlib/cortex-m/libc.a(lib_a-fstatr.o)
 .debug_info    0x000000000001c98c      0x956 ../../../../newlib/cortex-m/libc.a(lib_a-isattyr.o)
 .debug_info    0x000000000001d2e2      0xa02 ../../../../newlib/cortex-m/libc.a(lib_a-nano-msizer.o)
 .debug_info    0x000000000001dce4       0xae ../../../../libc++/cortex-m/libgcc.a(_udivsi3.o)
 .debug_info    0x000000000001dd92       0xae ../../../../libc++/cortex-m/libgcc.a(_divsi3.o)
 .debug_info    0x000000000001de40       0xae ../../../../libc++/cortex-m/libgcc.a(_dvmd_tls.o)
 .debug_info    0x000000000001deee     0x1260 ../../../../libc++/cortex-m/libgcc.a(_muldi3.o)
 .debug_info    0x000000000001f14e     0x106f ../../../../libtock/build/cortex-m4/libtock.a(sys.o)
 .debug_info    0x00000000000201bd     0x1254 ../../../../libtock/build/cortex-m4/libtock.a(console.o)
 .debug_info    0x0000000000021411      0x8d2 ../../../../newlib/cortex-m/libc.a(lib_a-errno.o)
 .debug_info    0x0000000000021ce3      0x900 ../../../../newlib/cortex-m/libc.a(lib_a-strncpy.o)

.debug_abbrev   0x0000000000000000     0x6286
 .debug_abbrev  0x0000000000000000      0x2ec build/cortex-m4/main.o
 .debug_abbrev  0x00000000000002ec      0x455 ../../../../libtock/build/cortex-m4/libtock.a(alarm_timer.o)
 .debug_abbrev  0x0000000000000741      0x2ab ../../../../libtock/build/cortex-m4/libtock.a(ambient_light.o)
 .debug_abbrev  0x00000000000009ec      0x2c1 ../../../../libtock/build/cortex-m4/libtock.a(crt0.o)
 .debug_abbrev  0x0000000000000cad      0x279 ../../../../libtock/build/cortex-m4/libtock.a(ipc.o)
 .debug_abbrev  0x0000000000000f26      0x35e ../../../../libtock/build/cortex-m4/libtock.a(tock.o)
 .debug_abbrev  0x0000000000001284      0x209 ../../../../libtock/build/cortex-m4/libtock.a(alarm_internal.o)
 .debug_abbrev  0x000000000000148d      0x1cd ../../../../newlib/cortex-m/libc.a(lib_a-exit.o)
 .debug_abbrev  0x000000000000165a      0x15c ../../../../newlib/cortex-m/libc.a(lib_a-impure.o)
 .debug_abbrev  0x00000000000017b6      0x1c6 ../../../../newlib/cortex-m/libc.a(lib_a-malloc.o)
 .debug_abbrev  0x000000000000197c      0x1ac ../../../../newlib/cortex-m/libc.a(lib_a-memcpy-stub.o)
 .debug_abbrev  0x0000000000001b28      0x197 ../../../../newlib/cortex-m/libc.a(lib_a-memset.o)
 .debug_abbrev  0x0000000000001cbf      0x275 ../../../../newlib/cortex-m/libc.a(lib_a-nano-freer.o)
 .debug_abbrev  0x0000000000001f34      0x2c7 ../../../../newlib/cortex-m/libc.a(lib_a-nano-mallocr.o)
 .debug_abbrev  0x00000000000021fb      0x24d ../../../../newlib/cortex-m/libc.a(lib_a-printf.o)
 .debug_abbrev  0x0000000000002448      0x1f6 ../../../../newlib/cortex-m/libc.a(lib_a-rand.o)
 .debug_abbrev  0x000000000000263e      0x1df ../../../../newlib/cortex-m/libc.a(lib_a-sbrkr.o)
 .debug_abbrev  0x000000000000281d       0x14 ../../../../newlib/cortex-m/libc.a(lib_a-strlen.o)
 .debug_abbrev  0x0000000000002831      0x32c ../../../../newlib/cortex-m/libc.a(lib_a-findfp.o)
 .debug_abbrev  0x0000000000002b5d      0x1ef ../../../../newlib/cortex-m/libc.a(lib_a-fwalk.o)
 .debug_abbrev  0x0000000000002d4c      0x19d ../../../../newlib/cortex-m/libc.a(lib_a-mlock.o)
 .debug_abbrev  0x0000000000002ee9      0x2c2 ../../../../newlib/cortex-m/libc.a(lib_a-nano-vfprintf.o)
 .debug_abbrev  0x00000000000031ab      0x221 ../../../../newlib/cortex-m/libc.a(lib_a-reent.o)
 .debug_abbrev  0x00000000000033cc      0x225 ../../../../newlib/cortex-m/libc.a(lib_a-stdio.o)
 .debug_abbrev  0x00000000000035f1      0x233 ../../../../newlib/cortex-m/libc.a(lib_a-wbuf.o)
 .debug_abbrev  0x0000000000003824      0x1e1 ../../../../newlib/cortex-m/libc.a(lib_a-writer.o)
 .debug_abbrev  0x0000000000003a05      0x208 ../../../../newlib/cortex-m/libc.a(lib_a-wsetup.o)
 .debug_abbrev  0x0000000000003c0d      0x1da ../../../../newlib/cortex-m/libc.a(lib_a-closer.o)
 .debug_abbrev  0x0000000000003de7      0x29d ../../../../newlib/cortex-m/libc.a(lib_a-fflush.o)
 .debug_abbrev  0x0000000000004084      0x237 ../../../../newlib/cortex-m/libc.a(lib_a-fvwrite.o)
 .debug_abbrev  0x00000000000042bb      0x1eb ../../../../newlib/cortex-m/libc.a(lib_a-lseekr.o)
 .debug_abbrev  0x00000000000044a6      0x2a3 ../../../../newlib/cortex-m/libc.a(lib_a-makebuf.o)
 .debug_abbrev  0x0000000000004749      0x1a5 ../../../../newlib/cortex-m/libc.a(lib_a-memchr-stub.o)
 .debug_abbrev  0x00000000000048ee      0x19c ../../../../newlib/cortex-m/libc.a(lib_a-memmove.o)
 .debug_abbrev  0x0000000000004a8a      0x1f4 ../../../../newlib/cortex-m/libc.a(lib_a-nano-reallocr.o)
 .debug_abbrev  0x0000000000004c7e      0x2aa ../../../../newlib/cortex-m/libc.a(lib_a-nano-vfprintf_i.o)
 .debug_abbrev  0x0000000000004f28      0x1dc ../../../../newlib/cortex-m/libc.a(lib_a-readr.o)
 .debug_abbrev  0x0000000000005104      0x1e9 ../../../../newlib/cortex-m/libc.a(lib_a-fstatr.o)
 .debug_abbrev  0x00000000000052ed      0x1da ../../../../newlib/cortex-m/libc.a(lib_a-isattyr.o)
 .debug_abbrev  0x00000000000054c7      0x1b4 ../../../../newlib/cortex-m/libc.a(lib_a-nano-msizer.o)
 .debug_abbrev  0x000000000000567b       0x14 ../../../../libc++/cortex-m/libgcc.a(_udivsi3.o)
 .debug_abbrev  0x000000000000568f       0x14 ../../../../libc++/cortex-m/libgcc.a(_divsi3.o)
 .debug_abbrev  0x00000000000056a3       0x14 ../../../../libc++/cortex-m/libgcc.a(_dvmd_tls.o)
 .debug_abbrev  0x00000000000056b7      0x24a ../../../../libc++/cortex-m/libgcc.a(_muldi3.o)
 .debug_abbrev  0x0000000000005901      0x2cf ../../../../libtock/build/cortex-m4/libtock.a(sys.o)
 .debug_abbrev  0x0000000000005bd0      0x3a8 ../../../../libtock/build/cortex-m4/libtock.a(console.o)
 .debug_abbrev  0x0000000000005f78      0x178 ../../../../newlib/cortex-m/libc.a(lib_a-errno.o)
 .debug_abbrev  0x00000000000060f0      0x196 ../../../../newlib/cortex-m/libc.a(lib_a-strncpy.o)

.debug_loc      0x0000000000000000     0x4d7e
 .debug_loc     0x0000000000000000       0xba build/cortex-m4/main.o
 .debug_loc     0x00000000000000ba      0xa90 ../../../../libtock/build/cortex-m4/libtock.a(alarm_timer.o)
 .debug_loc     0x0000000000000b4a      0x11e ../../../../libtock/build/cortex-m4/libtock.a(ambient_light.o)
 .debug_loc     0x0000000000000c68      0x1ed ../../../../libtock/build/cortex-m4/libtock.a(crt0.o)
 .debug_loc     0x0000000000000e55      0x30a ../../../../libtock/build/cortex-m4/libtock.a(ipc.o)
 .debug_loc     0x000000000000115f      0x47d ../../../../libtock/build/cortex-m4/libtock.a(tock.o)
 .debug_loc     0x00000000000015dc       0x96 ../../../../libtock/build/cortex-m4/libtock.a(alarm_internal.o)
 .debug_loc     0x0000000000001672       0x1e ../../../../newlib/cortex-m/libc.a(lib_a-exit.o)
 .debug_loc     0x0000000000001690       0x58 ../../../../newlib/cortex-m/libc.a(lib_a-malloc.o)
 .debug_loc     0x00000000000016e8       0xbe ../../../../newlib/cortex-m/libc.a(lib_a-memcpy-stub.o)
 .debug_loc     0x00000000000017a6       0x72 ../../../../newlib/cortex-m/libc.a(lib_a-memset.o)
 .debug_loc     0x0000000000001818       0xe8 ../../../../newlib/cortex-m/libc.a(lib_a-nano-freer.o)
 .debug_loc     0x0000000000001900      0x222 ../../../../newlib/cortex-m/libc.a(lib_a-nano-mallocr.o)
 .debug_loc     0x0000000000001b22       0x3f ../../../../newlib/cortex-m/libc.a(lib_a-printf.o)
 .debug_loc     0x0000000000001b61       0x76 ../../../../newlib/cortex-m/libc.a(lib_a-rand.o)
 .debug_loc     0x0000000000001bd7       0x4d ../../../../newlib/cortex-m/libc.a(lib_a-sbrkr.o)
 .debug_loc     0x0000000000001c24      0x211 ../../../../newlib/cortex-m/libc.a(lib_a-findfp.o)
 .debug_loc     0x0000000000001e35      0x199 ../../../../newlib/cortex-m/libc.a(lib_a-fwalk.o)
 .debug_loc     0x0000000000001fce      0x556 ../../../../newlib/cortex-m/libc.a(lib_a-nano-vfprintf.o)
 .debug_loc     0x0000000000002524       0xcb ../../../../newlib/cortex-m/libc.a(lib_a-reent.o)
 .debug_loc     0x00000000000025ef      0x302 ../../../../newlib/cortex-m/libc.a(lib_a-stdio.o)
 .debug_loc     0x00000000000028f1      0x128 ../../../../newlib/cortex-m/libc.a(lib_a-wbuf.o)
 .debug_loc     0x0000000000002a19       0xa5 ../../../../newlib/cortex-m/libc.a(lib_a-writer.o)
 .debug_loc     0x0000000000002abe       0x7e ../../../../newlib/cortex-m/libc.a(lib_a-wsetup.o)
 .debug_loc     0x0000000000002b3c       0x4d ../../../../newlib/cortex-m/libc.a(lib_a-closer.o)
 .debug_loc     0x0000000000002b89      0x2ab ../../../../newlib/cortex-m/libc.a(lib_a-fflush.o)
 .debug_loc     0x0000000000002e34      0x5f2 ../../../../newlib/cortex-m/libc.a(lib_a-fvwrite.o)
 .debug_loc     0x0000000000003426       0xa5 ../../../../newlib/cortex-m/libc.a(lib_a-lseekr.o)
 .debug_loc     0x00000000000034cb      0x213 ../../../../newlib/cortex-m/libc.a(lib_a-makebuf.o)
 .debug_loc     0x00000000000036de       0xb4 ../../../../newlib/cortex-m/libc.a(lib_a-memchr-stub.o)
 .debug_loc     0x0000000000003792       0xe7 ../../../../newlib/cortex-m/libc.a(lib_a-memmove.o)
 .debug_loc     0x0000000000003879      0x13c ../../../../newlib/cortex-m/libc.a(lib_a-nano-reallocr.o)
 .debug_loc     0x00000000000039b5      0x5bb ../../../../newlib/cortex-m/libc.a(lib_a-nano-vfprintf_i.o)
 .debug_loc     0x0000000000003f70       0xa5 ../../../../newlib/cortex-m/libc.a(lib_a-readr.o)
 .debug_loc     0x0000000000004015       0x79 ../../../../newlib/cortex-m/libc.a(lib_a-fstatr.o)
 .debug_loc     0x000000000000408e       0x4d ../../../../newlib/cortex-m/libc.a(lib_a-isattyr.o)
 .debug_loc     0x00000000000040db       0x7d ../../../../newlib/cortex-m/libc.a(lib_a-nano-msizer.o)
 .debug_loc     0x0000000000004158      0x143 ../../../../libc++/cortex-m/libgcc.a(_muldi3.o)
 .debug_loc     0x000000000000429b      0x269 ../../../../libtock/build/cortex-m4/libtock.a(sys.o)
 .debug_loc     0x0000000000004504      0x76b ../../../../libtock/build/cortex-m4/libtock.a(console.o)
 .debug_loc     0x0000000000004c6f      0x10f ../../../../newlib/cortex-m/libc.a(lib_a-strncpy.o)

.debug_aranges  0x0000000000000000      0x8a8
 .debug_aranges
                0x0000000000000000       0x30 build/cortex-m4/main.o
 .debug_aranges
                0x0000000000000030       0x70 ../../../../libtock/build/cortex-m4/libtock.a(alarm_timer.o)
 .debug_aranges
                0x00000000000000a0       0x38 ../../../../libtock/build/cortex-m4/libtock.a(ambient_light.o)
 .debug_aranges
                0x00000000000000d8       0x28 ../../../../libtock/build/cortex-m4/libtock.a(crt0.o)
 .debug_aranges
                0x0000000000000100       0x48 ../../../../libtock/build/cortex-m4/libtock.a(ipc.o)
 .debug_aranges
                0x0000000000000148       0xa8 ../../../../libtock/build/cortex-m4/libtock.a(tock.o)
 .debug_aranges
                0x00000000000001f0       0x38 ../../../../libtock/build/cortex-m4/libtock.a(alarm_internal.o)
 .debug_aranges
                0x0000000000000228       0x20 ../../../../newlib/cortex-m/libc.a(lib_a-exit.o)
 .debug_aranges
                0x0000000000000248       0x18 ../../../../newlib/cortex-m/libc.a(lib_a-impure.o)
 .debug_aranges
                0x0000000000000260       0x28 ../../../../newlib/cortex-m/libc.a(lib_a-malloc.o)
 .debug_aranges
                0x0000000000000288       0x20 ../../../../newlib/cortex-m/libc.a(lib_a-memcpy-stub.o)
 .debug_aranges
                0x00000000000002a8       0x20 ../../../../newlib/cortex-m/libc.a(lib_a-memset.o)
 .debug_aranges
                0x00000000000002c8       0x20 ../../../../newlib/cortex-m/libc.a(lib_a-nano-freer.o)
 .debug_aranges
                0x00000000000002e8       0x20 ../../../../newlib/cortex-m/libc.a(lib_a-nano-mallocr.o)
 .debug_aranges
                0x0000000000000308       0x28 ../../../../newlib/cortex-m/libc.a(lib_a-printf.o)
 .debug_aranges
                0x0000000000000330       0x28 ../../../../newlib/cortex-m/libc.a(lib_a-rand.o)
 .debug_aranges
                0x0000000000000358       0x20 ../../../../newlib/cortex-m/libc.a(lib_a-sbrkr.o)
 .debug_aranges
                0x0000000000000378       0x20 ../../../../newlib/cortex-m/libc.a(lib_a-strlen.o)
 .debug_aranges
                0x0000000000000398       0x68 ../../../../newlib/cortex-m/libc.a(lib_a-findfp.o)
 .debug_aranges
                0x0000000000000400       0x28 ../../../../newlib/cortex-m/libc.a(lib_a-fwalk.o)
 .debug_aranges
                0x0000000000000428       0x20 ../../../../newlib/cortex-m/libc.a(lib_a-mlock.o)
 .debug_aranges
                0x0000000000000448       0x40 ../../../../newlib/cortex-m/libc.a(lib_a-nano-vfprintf.o)
 .debug_aranges
                0x0000000000000488       0x28 ../../../../newlib/cortex-m/libc.a(lib_a-reent.o)
 .debug_aranges
                0x00000000000004b0       0x40 ../../../../newlib/cortex-m/libc.a(lib_a-stdio.o)
 .debug_aranges
                0x00000000000004f0       0x28 ../../../../newlib/cortex-m/libc.a(lib_a-wbuf.o)
 .debug_aranges
                0x0000000000000518       0x20 ../../../../newlib/cortex-m/libc.a(lib_a-writer.o)
 .debug_aranges
                0x0000000000000538       0x20 ../../../../newlib/cortex-m/libc.a(lib_a-wsetup.o)
 .debug_aranges
                0x0000000000000558       0x20 ../../../../newlib/cortex-m/libc.a(lib_a-closer.o)
 .debug_aranges
                0x0000000000000578       0x30 ../../../../newlib/cortex-m/libc.a(lib_a-fflush.o)
 .debug_aranges
                0x00000000000005a8       0x20 ../../../../newlib/cortex-m/libc.a(lib_a-fvwrite.o)
 .debug_aranges
                0x00000000000005c8       0x20 ../../../../newlib/cortex-m/libc.a(lib_a-lseekr.o)
 .debug_aranges
                0x00000000000005e8       0x28 ../../../../newlib/cortex-m/libc.a(lib_a-makebuf.o)
 .debug_aranges
                0x0000000000000610       0x20 ../../../../newlib/cortex-m/libc.a(lib_a-memchr-stub.o)
 .debug_aranges
                0x0000000000000630       0x20 ../../../../newlib/cortex-m/libc.a(lib_a-memmove.o)
 .debug_aranges
                0x0000000000000650       0x20 ../../../../newlib/cortex-m/libc.a(lib_a-nano-reallocr.o)
 .debug_aranges
                0x0000000000000670       0x28 ../../../../newlib/cortex-m/libc.a(lib_a-nano-vfprintf_i.o)
 .debug_aranges
                0x0000000000000698       0x20 ../../../../newlib/cortex-m/libc.a(lib_a-readr.o)
 .debug_aranges
                0x00000000000006b8       0x20 ../../../../newlib/cortex-m/libc.a(lib_a-fstatr.o)
 .debug_aranges
                0x00000000000006d8       0x20 ../../../../newlib/cortex-m/libc.a(lib_a-isattyr.o)
 .debug_aranges
                0x00000000000006f8       0x20 ../../../../newlib/cortex-m/libc.a(lib_a-nano-msizer.o)
 .debug_aranges
                0x0000000000000718       0x20 ../../../../libc++/cortex-m/libgcc.a(_udivsi3.o)
 .debug_aranges
                0x0000000000000738       0x20 ../../../../libc++/cortex-m/libgcc.a(_divsi3.o)
 .debug_aranges
                0x0000000000000758       0x20 ../../../../libc++/cortex-m/libgcc.a(_dvmd_tls.o)
 .debug_aranges
                0x0000000000000778       0x20 ../../../../libc++/cortex-m/libgcc.a(_muldi3.o)
 .debug_aranges
                0x0000000000000798       0x78 ../../../../libtock/build/cortex-m4/libtock.a(sys.o)
 .debug_aranges
                0x0000000000000810       0x58 ../../../../libtock/build/cortex-m4/libtock.a(console.o)
 .debug_aranges
                0x0000000000000868       0x20 ../../../../newlib/cortex-m/libc.a(lib_a-errno.o)
 .debug_aranges
                0x0000000000000888       0x20 ../../../../newlib/cortex-m/libc.a(lib_a-strncpy.o)

.debug_ranges   0x0000000000000000      0x938
 .debug_ranges  0x0000000000000000       0x38 build/cortex-m4/main.o
 .debug_ranges  0x0000000000000038      0x108 ../../../../libtock/build/cortex-m4/libtock.a(alarm_timer.o)
 .debug_ranges  0x0000000000000140       0x28 ../../../../libtock/build/cortex-m4/libtock.a(ambient_light.o)
 .debug_ranges  0x0000000000000168       0x60 ../../../../libtock/build/cortex-m4/libtock.a(crt0.o)
 .debug_ranges  0x00000000000001c8       0x38 ../../../../libtock/build/cortex-m4/libtock.a(ipc.o)
 .debug_ranges  0x0000000000000200       0xb0 ../../../../libtock/build/cortex-m4/libtock.a(tock.o)
 .debug_ranges  0x00000000000002b0       0x28 ../../../../libtock/build/cortex-m4/libtock.a(alarm_internal.o)
 .debug_ranges  0x00000000000002d8       0x10 ../../../../newlib/cortex-m/libc.a(lib_a-exit.o)
 .debug_ranges  0x00000000000002e8       0x18 ../../../../newlib/cortex-m/libc.a(lib_a-malloc.o)
 .debug_ranges  0x0000000000000300       0x10 ../../../../newlib/cortex-m/libc.a(lib_a-memcpy-stub.o)
 .debug_ranges  0x0000000000000310       0x10 ../../../../newlib/cortex-m/libc.a(lib_a-memset.o)
 .debug_ranges  0x0000000000000320       0x28 ../../../../newlib/cortex-m/libc.a(lib_a-nano-freer.o)
 .debug_ranges  0x0000000000000348       0x60 ../../../../newlib/cortex-m/libc.a(lib_a-nano-mallocr.o)
 .debug_ranges  0x00000000000003a8       0x18 ../../../../newlib/cortex-m/libc.a(lib_a-printf.o)
 .debug_ranges  0x00000000000003c0       0x48 ../../../../newlib/cortex-m/libc.a(lib_a-rand.o)
 .debug_ranges  0x0000000000000408       0x10 ../../../../newlib/cortex-m/libc.a(lib_a-sbrkr.o)
 .debug_ranges  0x0000000000000418       0x58 ../../../../newlib/cortex-m/libc.a(lib_a-findfp.o)
 .debug_ranges  0x0000000000000470       0x18 ../../../../newlib/cortex-m/libc.a(lib_a-fwalk.o)
 .debug_ranges  0x0000000000000488       0x10 ../../../../newlib/cortex-m/libc.a(lib_a-mlock.o)
 .debug_ranges  0x0000000000000498       0x48 ../../../../newlib/cortex-m/libc.a(lib_a-nano-vfprintf.o)
 .debug_ranges  0x00000000000004e0       0x48 ../../../../newlib/cortex-m/libc.a(lib_a-reent.o)
 .debug_ranges  0x0000000000000528       0x30 ../../../../newlib/cortex-m/libc.a(lib_a-stdio.o)
 .debug_ranges  0x0000000000000558       0x30 ../../../../newlib/cortex-m/libc.a(lib_a-wbuf.o)
 .debug_ranges  0x0000000000000588       0x10 ../../../../newlib/cortex-m/libc.a(lib_a-writer.o)
 .debug_ranges  0x0000000000000598       0x40 ../../../../newlib/cortex-m/libc.a(lib_a-wsetup.o)
 .debug_ranges  0x00000000000005d8       0x28 ../../../../newlib/cortex-m/libc.a(lib_a-closer.o)
 .debug_ranges  0x0000000000000600       0x68 ../../../../newlib/cortex-m/libc.a(lib_a-fflush.o)
 .debug_ranges  0x0000000000000668       0x30 ../../../../newlib/cortex-m/libc.a(lib_a-fvwrite.o)
 .debug_ranges  0x0000000000000698       0x10 ../../../../newlib/cortex-m/libc.a(lib_a-lseekr.o)
 .debug_ranges  0x00000000000006a8       0x30 ../../../../newlib/cortex-m/libc.a(lib_a-makebuf.o)
 .debug_ranges  0x00000000000006d8       0x10 ../../../../newlib/cortex-m/libc.a(lib_a-memchr-stub.o)
 .debug_ranges  0x00000000000006e8       0x10 ../../../../newlib/cortex-m/libc.a(lib_a-memmove.o)
 .debug_ranges  0x00000000000006f8       0x10 ../../../../newlib/cortex-m/libc.a(lib_a-nano-reallocr.o)
 .debug_ranges  0x0000000000000708       0x88 ../../../../newlib/cortex-m/libc.a(lib_a-nano-vfprintf_i.o)
 .debug_ranges  0x0000000000000790       0x10 ../../../../newlib/cortex-m/libc.a(lib_a-readr.o)
 .debug_ranges  0x00000000000007a0       0x28 ../../../../newlib/cortex-m/libc.a(lib_a-fstatr.o)
 .debug_ranges  0x00000000000007c8       0x28 ../../../../newlib/cortex-m/libc.a(lib_a-isattyr.o)
 .debug_ranges  0x00000000000007f0       0x10 ../../../../newlib/cortex-m/libc.a(lib_a-nano-msizer.o)
 .debug_ranges  0x0000000000000800       0x38 ../../../../libc++/cortex-m/libgcc.a(_muldi3.o)
 .debug_ranges  0x0000000000000838       0x68 ../../../../libtock/build/cortex-m4/libtock.a(sys.o)
 .debug_ranges  0x00000000000008a0       0x78 ../../../../libtock/build/cortex-m4/libtock.a(console.o)
 .debug_ranges  0x0000000000000918       0x10 ../../../../newlib/cortex-m/libc.a(lib_a-errno.o)
 .debug_ranges  0x0000000000000928       0x10 ../../../../newlib/cortex-m/libc.a(lib_a-strncpy.o)

.debug_line     0x0000000000000000     0x6873
 .debug_line    0x0000000000000000      0x2e9 build/cortex-m4/main.o
 .debug_line    0x00000000000002e9      0x633 ../../../../libtock/build/cortex-m4/libtock.a(alarm_timer.o)
 .debug_line    0x000000000000091c      0x1e8 ../../../../libtock/build/cortex-m4/libtock.a(ambient_light.o)
 .debug_line    0x0000000000000b04      0x2ae ../../../../libtock/build/cortex-m4/libtock.a(crt0.o)
 .debug_line    0x0000000000000db2      0x281 ../../../../libtock/build/cortex-m4/libtock.a(ipc.o)
 .debug_line    0x0000000000001033      0x4f8 ../../../../libtock/build/cortex-m4/libtock.a(tock.o)
 .debug_line    0x000000000000152b      0x21f ../../../../libtock/build/cortex-m4/libtock.a(alarm_internal.o)
 .debug_line    0x000000000000174a      0x1a4 ../../../../newlib/cortex-m/libc.a(lib_a-exit.o)
 .debug_line    0x00000000000018ee      0x119 ../../../../newlib/cortex-m/libc.a(lib_a-impure.o)
 .debug_line    0x0000000000001a07      0x1be ../../../../newlib/cortex-m/libc.a(lib_a-malloc.o)
 .debug_line    0x0000000000001bc5      0x1b1 ../../../../newlib/cortex-m/libc.a(lib_a-memcpy-stub.o)
 .debug_line    0x0000000000001d76      0x216 ../../../../newlib/cortex-m/libc.a(lib_a-memset.o)
 .debug_line    0x0000000000001f8c      0x17a ../../../../newlib/cortex-m/libc.a(lib_a-nano-freer.o)
 .debug_line    0x0000000000002106      0x1f3 ../../../../newlib/cortex-m/libc.a(lib_a-nano-mallocr.o)
 .debug_line    0x00000000000022f9      0x205 ../../../../newlib/cortex-m/libc.a(lib_a-printf.o)
 .debug_line    0x00000000000024fe      0x1c3 ../../../../newlib/cortex-m/libc.a(lib_a-rand.o)
 .debug_line    0x00000000000026c1      0x1ab ../../../../newlib/cortex-m/libc.a(lib_a-sbrkr.o)
 .debug_line    0x000000000000286c       0x8b ../../../../newlib/cortex-m/libc.a(lib_a-strlen.o)
 .debug_line    0x00000000000028f7      0x303 ../../../../newlib/cortex-m/libc.a(lib_a-findfp.o)
 .debug_line    0x0000000000002bfa      0x22b ../../../../newlib/cortex-m/libc.a(lib_a-fwalk.o)
 .debug_line    0x0000000000002e25      0x129 ../../../../newlib/cortex-m/libc.a(lib_a-mlock.o)
 .debug_line    0x0000000000002f4e      0x443 ../../../../newlib/cortex-m/libc.a(lib_a-nano-vfprintf.o)
 .debug_line    0x0000000000003391      0x1d5 ../../../../newlib/cortex-m/libc.a(lib_a-reent.o)
 .debug_line    0x0000000000003566      0x235 ../../../../newlib/cortex-m/libc.a(lib_a-stdio.o)
 .debug_line    0x000000000000379b      0x241 ../../../../newlib/cortex-m/libc.a(lib_a-wbuf.o)
 .debug_line    0x00000000000039dc      0x1a8 ../../../../newlib/cortex-m/libc.a(lib_a-writer.o)
 .debug_line    0x0000000000003b84      0x234 ../../../../newlib/cortex-m/libc.a(lib_a-wsetup.o)
 .debug_line    0x0000000000003db8      0x1ac ../../../../newlib/cortex-m/libc.a(lib_a-closer.o)
 .debug_line    0x0000000000003f64      0x2b2 ../../../../newlib/cortex-m/libc.a(lib_a-fflush.o)
 .debug_line    0x0000000000004216      0x2c3 ../../../../newlib/cortex-m/libc.a(lib_a-fvwrite.o)
 .debug_line    0x00000000000044d9      0x1a8 ../../../../newlib/cortex-m/libc.a(lib_a-lseekr.o)
 .debug_line    0x0000000000004681      0x2be ../../../../newlib/cortex-m/libc.a(lib_a-makebuf.o)
 .debug_line    0x000000000000493f      0x1b1 ../../../../newlib/cortex-m/libc.a(lib_a-memchr-stub.o)
 .debug_line    0x0000000000004af0      0x226 ../../../../newlib/cortex-m/libc.a(lib_a-memmove.o)
 .debug_line    0x0000000000004d16      0x1b9 ../../../../newlib/cortex-m/libc.a(lib_a-nano-reallocr.o)
 .debug_line    0x0000000000004ecf      0x439 ../../../../newlib/cortex-m/libc.a(lib_a-nano-vfprintf_i.o)
 .debug_line    0x0000000000005308      0x1a7 ../../../../newlib/cortex-m/libc.a(lib_a-readr.o)
 .debug_line    0x00000000000054af      0x24f ../../../../newlib/cortex-m/libc.a(lib_a-fstatr.o)
 .debug_line    0x00000000000056fe      0x1ad ../../../../newlib/cortex-m/libc.a(lib_a-isattyr.o)
 .debug_line    0x00000000000058ab      0x13f ../../../../newlib/cortex-m/libc.a(lib_a-nano-msizer.o)
 .debug_line    0x00000000000059ea       0x78 ../../../../libc++/cortex-m/libgcc.a(_udivsi3.o)
 .debug_line    0x0000000000005a62       0x86 ../../../../libc++/cortex-m/libgcc.a(_divsi3.o)
 .debug_line    0x0000000000005ae8       0x61 ../../../../libc++/cortex-m/libgcc.a(_dvmd_tls.o)
 .debug_line    0x0000000000005b49      0x294 ../../../../libc++/cortex-m/libgcc.a(_muldi3.o)
 .debug_line    0x0000000000005ddd      0x39b ../../../../libtock/build/cortex-m4/libtock.a(sys.o)
 .debug_line    0x0000000000006178      0x424 ../../../../libtock/build/cortex-m4/libtock.a(console.o)
 .debug_line    0x000000000000659c      0x136 ../../../../newlib/cortex-m/libc.a(lib_a-errno.o)
 .debug_line    0x00000000000066d2      0x1a1 ../../../../newlib/cortex-m/libc.a(lib_a-strncpy.o)

.debug_str      0x0000000000000000     0x30a9
 .debug_str     0x0000000000000000      0x644 build/cortex-m4/main.o
                                        0x737 (size before relaxing)
 .debug_str     0x0000000000000644      0x1f1 ../../../../libtock/build/cortex-m4/libtock.a(alarm_timer.o)
                                        0x804 (size before relaxing)
 .debug_str     0x0000000000000835       0xa5 ../../../../libtock/build/cortex-m4/libtock.a(ambient_light.o)
                                        0x70b (size before relaxing)
 .debug_str     0x00000000000008da       0xf2 ../../../../libtock/build/cortex-m4/libtock.a(crt0.o)
                                        0x72b (size before relaxing)
 .debug_str     0x00000000000009cc       0x50 ../../../../libtock/build/cortex-m4/libtock.a(ipc.o)
                                        0x6ee (size before relaxing)
 .debug_str     0x0000000000000a1c      0x1b2 ../../../../libtock/build/cortex-m4/libtock.a(tock.o)
                                        0x84c (size before relaxing)
 .debug_str     0x0000000000000bce       0x41 ../../../../libtock/build/cortex-m4/libtock.a(alarm_internal.o)
                                        0x6b7 (size before relaxing)
 .debug_str     0x0000000000000c0f      0x218 ../../../../newlib/cortex-m/libc.a(lib_a-exit.o)
                                        0x67f (size before relaxing)
 .debug_str     0x0000000000000e27       0xc3 ../../../../newlib/cortex-m/libc.a(lib_a-impure.o)
                                        0x633 (size before relaxing)
 .debug_str     0x0000000000000eea       0x62 ../../../../newlib/cortex-m/libc.a(lib_a-malloc.o)
                                        0x664 (size before relaxing)
 .debug_str     0x0000000000000f4c       0xdf ../../../../newlib/cortex-m/libc.a(lib_a-memcpy-stub.o)
                                        0x65d (size before relaxing)
 .debug_str     0x000000000000102b      0x324 ../../../../newlib/cortex-m/libc.a(lib_a-memset.o)
                                        0x94c (size before relaxing)
 .debug_str     0x000000000000134f      0x147 ../../../../newlib/cortex-m/libc.a(lib_a-nano-freer.o)
                                        0x763 (size before relaxing)
 .debug_str     0x0000000000001496       0x32 ../../../../newlib/cortex-m/libc.a(lib_a-nano-mallocr.o)
                                        0x77a (size before relaxing)
 .debug_str     0x00000000000014c8      0x1ed ../../../../newlib/cortex-m/libc.a(lib_a-printf.o)
                                        0x7ad (size before relaxing)
 .debug_str     0x00000000000016b5       0x48 ../../../../newlib/cortex-m/libc.a(lib_a-rand.o)
                                        0x64e (size before relaxing)
 .debug_str     0x00000000000016fd       0x57 ../../../../newlib/cortex-m/libc.a(lib_a-sbrkr.o)
                                        0x676 (size before relaxing)
 .debug_str     0x0000000000001754      0x165 ../../../../newlib/cortex-m/libc.a(lib_a-findfp.o)
                                        0x8d7 (size before relaxing)
 .debug_str     0x00000000000018b9       0x51 ../../../../newlib/cortex-m/libc.a(lib_a-fwalk.o)
                                        0x7a9 (size before relaxing)
 .debug_str     0x000000000000190a       0x5c ../../../../newlib/cortex-m/libc.a(lib_a-mlock.o)
                                        0x65f (size before relaxing)
 .debug_str     0x0000000000001966      0x1ce ../../../../newlib/cortex-m/libc.a(lib_a-nano-vfprintf.o)
                                        0xc94 (size before relaxing)
 .debug_str     0x0000000000001b34       0x6e ../../../../newlib/cortex-m/libc.a(lib_a-reent.o)
                                        0x66f (size before relaxing)
 .debug_str     0x0000000000001ba2       0xa2 ../../../../newlib/cortex-m/libc.a(lib_a-stdio.o)
                                        0x7fd (size before relaxing)
 .debug_str     0x0000000000001c44       0x53 ../../../../newlib/cortex-m/libc.a(lib_a-wbuf.o)
                                        0x7bc (size before relaxing)
 .debug_str     0x0000000000001c97       0x43 ../../../../newlib/cortex-m/libc.a(lib_a-writer.o)
                                        0x673 (size before relaxing)
 .debug_str     0x0000000000001cda       0x50 ../../../../newlib/cortex-m/libc.a(lib_a-wsetup.o)
                                        0x7b7 (size before relaxing)
 .debug_str     0x0000000000001d2a       0x43 ../../../../newlib/cortex-m/libc.a(lib_a-closer.o)
                                        0x663 (size before relaxing)
 .debug_str     0x0000000000001d6d       0x66 ../../../../newlib/cortex-m/libc.a(lib_a-fflush.o)
                                        0x7e5 (size before relaxing)
 .debug_str     0x0000000000001dd3       0x75 ../../../../newlib/cortex-m/libc.a(lib_a-fvwrite.o)
                                        0x836 (size before relaxing)
 .debug_str     0x0000000000001e48       0x4a ../../../../newlib/cortex-m/libc.a(lib_a-lseekr.o)
                                        0x671 (size before relaxing)
 .debug_str     0x0000000000001e92      0x16a ../../../../newlib/cortex-m/libc.a(lib_a-makebuf.o)
                                        0x923 (size before relaxing)
 .debug_str     0x0000000000001ffc       0x61 ../../../../newlib/cortex-m/libc.a(lib_a-memchr-stub.o)
                                        0x659 (size before relaxing)
 .debug_str     0x000000000000205d       0x4e ../../../../newlib/cortex-m/libc.a(lib_a-memmove.o)
                                        0x967 (size before relaxing)
 .debug_str     0x00000000000020ab       0x23 ../../../../newlib/cortex-m/libc.a(lib_a-nano-reallocr.o)
                                        0x760 (size before relaxing)
 .debug_str     0x00000000000020ce       0xa4 ../../../../newlib/cortex-m/libc.a(lib_a-nano-vfprintf_i.o)
                                        0xc1a (size before relaxing)
 .debug_str     0x0000000000002172       0x42 ../../../../newlib/cortex-m/libc.a(lib_a-readr.o)
                                        0x671 (size before relaxing)
 .debug_str     0x00000000000021b4       0x50 ../../../../newlib/cortex-m/libc.a(lib_a-fstatr.o)
                                        0x7ca (size before relaxing)
 .debug_str     0x0000000000002204       0x4c ../../../../newlib/cortex-m/libc.a(lib_a-isattyr.o)
                                        0x66d (size before relaxing)
 .debug_str     0x0000000000002250        0xf ../../../../newlib/cortex-m/libc.a(lib_a-nano-msizer.o)
                                        0x73e (size before relaxing)
 .debug_str     0x000000000000225f      0xbd3 ../../../../libc++/cortex-m/libgcc.a(_muldi3.o)
                                       0x110c (size before relaxing)
 .debug_str     0x0000000000002e32       0x84 ../../../../libtock/build/cortex-m4/libtock.a(sys.o)
                                        0x840 (size before relaxing)
 .debug_str     0x0000000000002eb6       0xec ../../../../libtock/build/cortex-m4/libtock.a(console.o)
                                        0x755 (size before relaxing)
 .debug_str     0x0000000000002fa2       0xb6 ../../../../newlib/cortex-m/libc.a(lib_a-errno.o)
                                        0x645 (size before relaxing)
 .debug_str     0x0000000000003058       0x51 ../../../../newlib/cortex-m/libc.a(lib_a-strncpy.o)
                                        0x655 (size before relaxing)

.debug_frame    0x0000000000000000     0x1044
 .debug_frame   0x0000000000000000       0x50 build/cortex-m4/main.o
 .debug_frame   0x0000000000000050      0x18c ../../../../libtock/build/cortex-m4/libtock.a(alarm_timer.o)
 .debug_frame   0x00000000000001dc       0x5c ../../../../libtock/build/cortex-m4/libtock.a(ambient_light.o)
 .debug_frame   0x0000000000000238       0x38 ../../../../libtock/build/cortex-m4/libtock.a(crt0.o)
 .debug_frame   0x0000000000000270       0x7c ../../../../libtock/build/cortex-m4/libtock.a(ipc.o)
 .debug_frame   0x00000000000002ec      0x16c ../../../../libtock/build/cortex-m4/libtock.a(tock.o)
 .debug_frame   0x0000000000000458       0x50 ../../../../libtock/build/cortex-m4/libtock.a(alarm_internal.o)
 .debug_frame   0x00000000000004a8       0x34 ../../../../newlib/cortex-m/libc.a(lib_a-exit.o)
 .debug_frame   0x00000000000004dc       0x40 ../../../../newlib/cortex-m/libc.a(lib_a-malloc.o)
 .debug_frame   0x000000000000051c       0x28 ../../../../newlib/cortex-m/libc.a(lib_a-memcpy-stub.o)
 .debug_frame   0x0000000000000544       0x20 ../../../../newlib/cortex-m/libc.a(lib_a-memset.o)
 .debug_frame   0x0000000000000564       0x30 ../../../../newlib/cortex-m/libc.a(lib_a-nano-freer.o)
 .debug_frame   0x0000000000000594       0x34 ../../../../newlib/cortex-m/libc.a(lib_a-nano-mallocr.o)
 .debug_frame   0x00000000000005c8       0x54 ../../../../newlib/cortex-m/libc.a(lib_a-printf.o)
 .debug_frame   0x000000000000061c       0x50 ../../../../newlib/cortex-m/libc.a(lib_a-rand.o)
 .debug_frame   0x000000000000066c       0x30 ../../../../newlib/cortex-m/libc.a(lib_a-sbrkr.o)
 .debug_frame   0x000000000000069c      0x168 ../../../../newlib/cortex-m/libc.a(lib_a-findfp.o)
 .debug_frame   0x0000000000000804       0x50 ../../../../newlib/cortex-m/libc.a(lib_a-fwalk.o)
 .debug_frame   0x0000000000000854       0x30 ../../../../newlib/cortex-m/libc.a(lib_a-mlock.o)
 .debug_frame   0x0000000000000884       0xa8 ../../../../newlib/cortex-m/libc.a(lib_a-nano-vfprintf.o)
 .debug_frame   0x000000000000092c       0x50 ../../../../newlib/cortex-m/libc.a(lib_a-reent.o)
 .debug_frame   0x000000000000097c       0x90 ../../../../newlib/cortex-m/libc.a(lib_a-stdio.o)
 .debug_frame   0x0000000000000a0c       0x50 ../../../../newlib/cortex-m/libc.a(lib_a-wbuf.o)
 .debug_frame   0x0000000000000a5c       0x30 ../../../../newlib/cortex-m/libc.a(lib_a-writer.o)
 .debug_frame   0x0000000000000a8c       0x38 ../../../../newlib/cortex-m/libc.a(lib_a-wsetup.o)
 .debug_frame   0x0000000000000ac4       0x30 ../../../../newlib/cortex-m/libc.a(lib_a-closer.o)
 .debug_frame   0x0000000000000af4       0x70 ../../../../newlib/cortex-m/libc.a(lib_a-fflush.o)
 .debug_frame   0x0000000000000b64       0x30 ../../../../newlib/cortex-m/libc.a(lib_a-fvwrite.o)
 .debug_frame   0x0000000000000b94       0x30 ../../../../newlib/cortex-m/libc.a(lib_a-lseekr.o)
 .debug_frame   0x0000000000000bc4       0x58 ../../../../newlib/cortex-m/libc.a(lib_a-makebuf.o)
 .debug_frame   0x0000000000000c1c       0x20 ../../../../newlib/cortex-m/libc.a(lib_a-memchr-stub.o)
 .debug_frame   0x0000000000000c3c       0x28 ../../../../newlib/cortex-m/libc.a(lib_a-memmove.o)
 .debug_frame   0x0000000000000c64       0x30 ../../../../newlib/cortex-m/libc.a(lib_a-nano-reallocr.o)
 .debug_frame   0x0000000000000c94       0x58 ../../../../newlib/cortex-m/libc.a(lib_a-nano-vfprintf_i.o)
 .debug_frame   0x0000000000000cec       0x30 ../../../../newlib/cortex-m/libc.a(lib_a-readr.o)
 .debug_frame   0x0000000000000d1c       0x30 ../../../../newlib/cortex-m/libc.a(lib_a-fstatr.o)
 .debug_frame   0x0000000000000d4c       0x30 ../../../../newlib/cortex-m/libc.a(lib_a-isattyr.o)
 .debug_frame   0x0000000000000d7c       0x20 ../../../../newlib/cortex-m/libc.a(lib_a-nano-msizer.o)
 .debug_frame   0x0000000000000d9c       0x20 ../../../../libc++/cortex-m/libgcc.a(_udivsi3.o)
 .debug_frame   0x0000000000000dbc       0x20 ../../../../libc++/cortex-m/libgcc.a(_divsi3.o)
 .debug_frame   0x0000000000000ddc       0x30 ../../../../libc++/cortex-m/libgcc.a(_muldi3.o)
 .debug_frame   0x0000000000000e0c       0xf0 ../../../../libtock/build/cortex-m4/libtock.a(sys.o)
 .debug_frame   0x0000000000000efc       0xf0 ../../../../libtock/build/cortex-m4/libtock.a(console.o)
 .debug_frame   0x0000000000000fec       0x2c ../../../../newlib/cortex-m/libc.a(lib_a-errno.o)
 .debug_frame   0x0000000000001018       0x2c ../../../../newlib/cortex-m/libc.a(lib_a-strncpy.o)
